

================================================================
== Vitis HLS Report for 'winning'
================================================================
* Date:           Sun Jan 11 21:20:21 2026

* Version:        2023.1 (Build 3854077 on May  4 2023)
* Project:        VP_C4
* Solution:       solution1 (Vivado IP Flow Target)
* Product family: zynq
* Target device:  xc7z020-clg484-1


================================================================
== Performance Estimates
================================================================
+ Timing: 
    * Summary: 
    +--------+---------+----------+------------+
    |  Clock |  Target | Estimated| Uncertainty|
    +--------+---------+----------+------------+
    |ap_clk  |  5.00 ns|  3.650 ns|     1.35 ns|
    +--------+---------+----------+------------+

+ Latency: 
    * Summary: 
    +---------+---------+-----------+----------+-----+------+---------+
    |  Latency (cycles) |  Latency (absolute)  |  Interval  | Pipeline|
    |   min   |   max   |    min    |    max   | min |  max |   Type  |
    +---------+---------+-----------+----------+-----+------+---------+
    |       18|     1169|  90.000 ns|  5.845 us|   19|  1170|       no|
    +---------+---------+-----------+----------+-----+------+---------+

    + Detail: 
        * Instance: 
        N/A

        * Loop: 
        N/A

============================================================
+ Verbose Summary: Synthesis Manager
============================================================
InlineROM: 1
ExposeGlobal: 0
============================================================
+ Verbose Summary: CDFG Model
============================================================
IsTopModel: 1
ResetActiveHigh: 1
IsCombinational: 0
IsDatapathOnly: 0
HasWiredReturn: 1
HasMFsm: 0
HasVarLatency: 1
IsPipeline: 0
IsRtlPipelined: 0
IsInstanceOverlapped: 0
IsDontTouch: 0
HasImplIP: 0
IsGatedGlobalClock: 0


============================================================
+ Verbose Summary: Schedule
============================================================
* Number of FSM states : 10
* Pipeline : 0
* Dataflow Pipeline: 0

* FSM state transitions: 
1 --> 2 
2 --> 3 
3 --> 4 10 
4 --> 5 
5 --> 6 10 
6 --> 7 
7 --> 8 10 
8 --> 9 
9 --> 10 
10 --> 

* FSM state operations: 

State 1 <SV = 0> <Delay = 0.00>
ST_1 : Operation 11 [1/1] (0.00ns)   --->   "%symbol_3_loc = alloca i64 1"   --->   Operation 11 'alloca' 'symbol_3_loc' <Predicate = true> <Delay = 0.00>
ST_1 : Operation 12 [1/1] (0.00ns)   --->   "%symbol_2_loc = alloca i64 1"   --->   Operation 12 'alloca' 'symbol_2_loc' <Predicate = true> <Delay = 0.00>
ST_1 : Operation 13 [1/1] (0.00ns)   --->   "%symbol_1_loc = alloca i64 1"   --->   Operation 13 'alloca' 'symbol_1_loc' <Predicate = true> <Delay = 0.00>
ST_1 : Operation 14 [1/1] (0.00ns)   --->   "%symbol_loc = alloca i64 1"   --->   Operation 14 'alloca' 'symbol_loc' <Predicate = true> <Delay = 0.00>
ST_1 : Operation 15 [2/2] (0.00ns)   --->   "%targetBlock = call i1 @winning_Pipeline_VITIS_LOOP_13_1_VITIS_LOOP_14_2, i8 %board, i8 %symbol_loc"   --->   Operation 15 'call' 'targetBlock' <Predicate = true> <Delay = 0.00> <CoreType = "Generic">   --->   Core 0 '' <Latency = 0> <II = 1> <Delay = 1.00> <Generic> <Opcode : >

State 2 <SV = 1> <Delay = 1.58>
ST_2 : Operation 16 [1/2] (1.58ns)   --->   "%targetBlock = call i1 @winning_Pipeline_VITIS_LOOP_13_1_VITIS_LOOP_14_2, i8 %board, i8 %symbol_loc"   --->   Operation 16 'call' 'targetBlock' <Predicate = true> <Delay = 1.58> <CoreType = "Generic">   --->   Core 0 '' <Latency = 0> <II = 1> <Delay = 1.00> <Generic> <Opcode : >

State 3 <SV = 2> <Delay = 2.89>
ST_3 : Operation 17 [1/1] (0.00ns)   --->   "%spectopmodule_ln7 = spectopmodule void @_ssdm_op_SpecTopModule, void @empty_2" [winning_hls.cpp:7]   --->   Operation 17 'spectopmodule' 'spectopmodule_ln7' <Predicate = true> <Delay = 0.00>
ST_3 : Operation 18 [1/1] (0.00ns)   --->   "%specinterface_ln7 = specinterface void @_ssdm_op_SpecInterface, i32 0, void @empty_3, i32 0, i32 0, void @empty_0, i32 0, i32 0, void @empty_0, void @empty_0, void @empty_0, i32 0, i32 0, i32 0, i32 0, void @empty_0, void @empty_0, i32 4294967295, i32 0" [winning_hls.cpp:7]   --->   Operation 18 'specinterface' 'specinterface_ln7' <Predicate = true> <Delay = 0.00>
ST_3 : Operation 19 [1/1] (0.00ns)   --->   "%specinterface_ln0 = specinterface void @_ssdm_op_SpecInterface, i8 %board, void @empty, i32 0, i32 0, void @empty_0, i32 4294967295, i32 0, void @empty_0, void @empty_0, void @empty_0, i32 0, i32 0, i32 0, i32 0, void @empty_0, void @empty_0, i32 4294967295, i32 0"   --->   Operation 19 'specinterface' 'specinterface_ln0' <Predicate = true> <Delay = 0.00>
ST_3 : Operation 20 [1/1] (0.00ns)   --->   "%specbitsmap_ln0 = specbitsmap void @_ssdm_op_SpecBitsMap, i8 %board"   --->   Operation 20 'specbitsmap' 'specbitsmap_ln0' <Predicate = true> <Delay = 0.00>
ST_3 : Operation 21 [1/1] (0.00ns)   --->   "%specbitsmap_ln0 = specbitsmap void @_ssdm_op_SpecBitsMap, i32 %result"   --->   Operation 21 'specbitsmap' 'specbitsmap_ln0' <Predicate = true> <Delay = 0.00>
ST_3 : Operation 22 [1/1] (0.00ns)   --->   "%specinterface_ln0 = specinterface void @_ssdm_op_SpecInterface, i32 %result, void @empty_1, i32 0, i32 0, void @empty_0, i32 0, i32 0, void @empty_0, void @empty_0, void @empty_0, i32 0, i32 0, i32 0, i32 0, void @empty_0, void @empty_0, i32 4294967295, i32 0"   --->   Operation 22 'specinterface' 'specinterface_ln0' <Predicate = true> <Delay = 0.00>
ST_3 : Operation 23 [1/1] (0.00ns)   --->   "%symbol_loc_load = load i8 %symbol_loc"   --->   Operation 23 'load' 'symbol_loc_load' <Predicate = true> <Delay = 0.00>
ST_3 : Operation 24 [1/1] (0.00ns)   --->   "%br_ln0 = br i1 %targetBlock, void %cleanup33, void %for.body45.preheader"   --->   Operation 24 'br' 'br_ln0' <Predicate = true> <Delay = 0.00>
ST_3 : Operation 25 [1/1] (1.91ns)   --->   "%icmp_ln22 = icmp_eq  i8 %symbol_loc_load, i8 88" [winning_hls.cpp:22]   --->   Operation 25 'icmp' 'icmp_ln22' <Predicate = (!targetBlock)> <Delay = 1.91> <CoreInst = "Cmp">   --->   Core 9 'Cmp' <Latency = 0> <II = 1> <Delay = 1.91> <FuncUnit> <Opcode : 'icmp'> <InPorts = 2> <OutPorts = 1>
ST_3 : Operation 26 [1/1] (0.98ns)   --->   "%select_ln22 = select i1 %icmp_ln22, i32 1, i32 2" [winning_hls.cpp:22]   --->   Operation 26 'select' 'select_ln22' <Predicate = (!targetBlock)> <Delay = 0.98> <CoreInst = "Sel">   --->   Core 73 'Sel' <Latency = 0> <II = 1> <Delay = 0.98> <FuncUnit> <Opcode : 'select'> <InPorts = 3> <OutPorts = 1>
ST_3 : Operation 27 [1/1] (0.00ns)   --->   "%write_ln22 = write void @_ssdm_op_Write.ap_none.i32P0A, i32 %result, i32 %select_ln22" [winning_hls.cpp:22]   --->   Operation 27 'write' 'write_ln22' <Predicate = (!targetBlock)> <Delay = 0.00>
ST_3 : Operation 28 [1/1] (0.00ns)   --->   "%br_ln0 = br void %return"   --->   Operation 28 'br' 'br_ln0' <Predicate = (!targetBlock)> <Delay = 0.00>
ST_3 : Operation 29 [2/2] (0.00ns)   --->   "%targetBlock1 = call i1 @winning_Pipeline_VITIS_LOOP_29_3_VITIS_LOOP_30_4, i8 %board, i8 %symbol_1_loc"   --->   Operation 29 'call' 'targetBlock1' <Predicate = (targetBlock)> <Delay = 0.00> <CoreType = "Generic">   --->   Core 0 '' <Latency = 0> <II = 1> <Delay = 1.00> <Generic> <Opcode : >

State 4 <SV = 3> <Delay = 1.58>
ST_4 : Operation 30 [1/2] (1.58ns)   --->   "%targetBlock1 = call i1 @winning_Pipeline_VITIS_LOOP_29_3_VITIS_LOOP_30_4, i8 %board, i8 %symbol_1_loc"   --->   Operation 30 'call' 'targetBlock1' <Predicate = true> <Delay = 1.58> <CoreType = "Generic">   --->   Core 0 '' <Latency = 0> <II = 1> <Delay = 1.00> <Generic> <Opcode : >

State 5 <SV = 4> <Delay = 2.89>
ST_5 : Operation 31 [1/1] (0.00ns)   --->   "%symbol_1_loc_load = load i8 %symbol_1_loc"   --->   Operation 31 'load' 'symbol_1_loc_load' <Predicate = true> <Delay = 0.00>
ST_5 : Operation 32 [1/1] (0.00ns)   --->   "%br_ln0 = br i1 %targetBlock1, void %cleanup97, void %for.body109.preheader"   --->   Operation 32 'br' 'br_ln0' <Predicate = true> <Delay = 0.00>
ST_5 : Operation 33 [1/1] (1.91ns)   --->   "%icmp_ln38 = icmp_eq  i8 %symbol_1_loc_load, i8 88" [winning_hls.cpp:38]   --->   Operation 33 'icmp' 'icmp_ln38' <Predicate = (!targetBlock1)> <Delay = 1.91> <CoreInst = "Cmp">   --->   Core 9 'Cmp' <Latency = 0> <II = 1> <Delay = 1.91> <FuncUnit> <Opcode : 'icmp'> <InPorts = 2> <OutPorts = 1>
ST_5 : Operation 34 [1/1] (0.98ns)   --->   "%select_ln38 = select i1 %icmp_ln38, i32 1, i32 2" [winning_hls.cpp:38]   --->   Operation 34 'select' 'select_ln38' <Predicate = (!targetBlock1)> <Delay = 0.98> <CoreInst = "Sel">   --->   Core 73 'Sel' <Latency = 0> <II = 1> <Delay = 0.98> <FuncUnit> <Opcode : 'select'> <InPorts = 3> <OutPorts = 1>
ST_5 : Operation 35 [1/1] (0.00ns)   --->   "%write_ln38 = write void @_ssdm_op_Write.ap_none.i32P0A, i32 %result, i32 %select_ln38" [winning_hls.cpp:38]   --->   Operation 35 'write' 'write_ln38' <Predicate = (!targetBlock1)> <Delay = 0.00>
ST_5 : Operation 36 [1/1] (0.00ns)   --->   "%br_ln0 = br void %return"   --->   Operation 36 'br' 'br_ln0' <Predicate = (!targetBlock1)> <Delay = 0.00>
ST_5 : Operation 37 [2/2] (0.00ns)   --->   "%targetBlock2 = call i1 @winning_Pipeline_VITIS_LOOP_45_5_VITIS_LOOP_46_6, i8 %board, i8 %symbol_2_loc"   --->   Operation 37 'call' 'targetBlock2' <Predicate = (targetBlock1)> <Delay = 0.00> <CoreType = "Generic">   --->   Core 0 '' <Latency = 0> <II = 1> <Delay = 1.00> <Generic> <Opcode : >

State 6 <SV = 5> <Delay = 1.58>
ST_6 : Operation 38 [1/2] (1.58ns)   --->   "%targetBlock2 = call i1 @winning_Pipeline_VITIS_LOOP_45_5_VITIS_LOOP_46_6, i8 %board, i8 %symbol_2_loc"   --->   Operation 38 'call' 'targetBlock2' <Predicate = true> <Delay = 1.58> <CoreType = "Generic">   --->   Core 0 '' <Latency = 0> <II = 1> <Delay = 1.00> <Generic> <Opcode : >

State 7 <SV = 6> <Delay = 2.89>
ST_7 : Operation 39 [1/1] (0.00ns)   --->   "%symbol_2_loc_load = load i8 %symbol_2_loc"   --->   Operation 39 'load' 'symbol_2_loc_load' <Predicate = true> <Delay = 0.00>
ST_7 : Operation 40 [1/1] (0.00ns)   --->   "%br_ln0 = br i1 %targetBlock2, void %cleanup164, void %for.body176.preheader"   --->   Operation 40 'br' 'br_ln0' <Predicate = true> <Delay = 0.00>
ST_7 : Operation 41 [1/1] (1.91ns)   --->   "%icmp_ln54 = icmp_eq  i8 %symbol_2_loc_load, i8 88" [winning_hls.cpp:54]   --->   Operation 41 'icmp' 'icmp_ln54' <Predicate = (!targetBlock2)> <Delay = 1.91> <CoreInst = "Cmp">   --->   Core 9 'Cmp' <Latency = 0> <II = 1> <Delay = 1.91> <FuncUnit> <Opcode : 'icmp'> <InPorts = 2> <OutPorts = 1>
ST_7 : Operation 42 [1/1] (0.98ns)   --->   "%select_ln54 = select i1 %icmp_ln54, i32 1, i32 2" [winning_hls.cpp:54]   --->   Operation 42 'select' 'select_ln54' <Predicate = (!targetBlock2)> <Delay = 0.98> <CoreInst = "Sel">   --->   Core 73 'Sel' <Latency = 0> <II = 1> <Delay = 0.98> <FuncUnit> <Opcode : 'select'> <InPorts = 3> <OutPorts = 1>
ST_7 : Operation 43 [1/1] (0.00ns)   --->   "%write_ln54 = write void @_ssdm_op_Write.ap_none.i32P0A, i32 %result, i32 %select_ln54" [winning_hls.cpp:54]   --->   Operation 43 'write' 'write_ln54' <Predicate = (!targetBlock2)> <Delay = 0.00>
ST_7 : Operation 44 [1/1] (0.00ns)   --->   "%br_ln0 = br void %return"   --->   Operation 44 'br' 'br_ln0' <Predicate = (!targetBlock2)> <Delay = 0.00>
ST_7 : Operation 45 [2/2] (0.00ns)   --->   "%targetBlock3 = call i1 @winning_Pipeline_VITIS_LOOP_61_7_VITIS_LOOP_62_8, i8 %board, i8 %symbol_3_loc"   --->   Operation 45 'call' 'targetBlock3' <Predicate = (targetBlock2)> <Delay = 0.00> <CoreType = "Generic">   --->   Core 0 '' <Latency = 0> <II = 1> <Delay = 1.00> <Generic> <Opcode : >

State 8 <SV = 7> <Delay = 1.58>
ST_8 : Operation 46 [1/2] (1.58ns)   --->   "%targetBlock3 = call i1 @winning_Pipeline_VITIS_LOOP_61_7_VITIS_LOOP_62_8, i8 %board, i8 %symbol_3_loc"   --->   Operation 46 'call' 'targetBlock3' <Predicate = true> <Delay = 1.58> <CoreType = "Generic">   --->   Core 0 '' <Latency = 0> <II = 1> <Delay = 1.00> <Generic> <Opcode : >

State 9 <SV = 8> <Delay = 2.89>
ST_9 : Operation 47 [1/1] (0.00ns)   --->   "%symbol_3_loc_load = load i8 %symbol_3_loc"   --->   Operation 47 'load' 'symbol_3_loc_load' <Predicate = true> <Delay = 0.00>
ST_9 : Operation 48 [1/1] (0.00ns)   --->   "%br_ln0 = br i1 %targetBlock3, void %cleanup230, void %for.body236.preheader"   --->   Operation 48 'br' 'br_ln0' <Predicate = true> <Delay = 0.00>
ST_9 : Operation 49 [1/1] (1.91ns)   --->   "%icmp_ln70 = icmp_eq  i8 %symbol_3_loc_load, i8 88" [winning_hls.cpp:70]   --->   Operation 49 'icmp' 'icmp_ln70' <Predicate = (!targetBlock3)> <Delay = 1.91> <CoreInst = "Cmp">   --->   Core 9 'Cmp' <Latency = 0> <II = 1> <Delay = 1.91> <FuncUnit> <Opcode : 'icmp'> <InPorts = 2> <OutPorts = 1>
ST_9 : Operation 50 [1/1] (0.98ns)   --->   "%select_ln70 = select i1 %icmp_ln70, i32 1, i32 2" [winning_hls.cpp:70]   --->   Operation 50 'select' 'select_ln70' <Predicate = (!targetBlock3)> <Delay = 0.98> <CoreInst = "Sel">   --->   Core 73 'Sel' <Latency = 0> <II = 1> <Delay = 0.98> <FuncUnit> <Opcode : 'select'> <InPorts = 3> <OutPorts = 1>
ST_9 : Operation 51 [1/1] (0.00ns)   --->   "%write_ln70 = write void @_ssdm_op_Write.ap_none.i32P0A, i32 %result, i32 %select_ln70" [winning_hls.cpp:70]   --->   Operation 51 'write' 'write_ln70' <Predicate = (!targetBlock3)> <Delay = 0.00>
ST_9 : Operation 52 [1/1] (0.00ns)   --->   "%br_ln0 = br void %return"   --->   Operation 52 'br' 'br_ln0' <Predicate = (!targetBlock3)> <Delay = 0.00>
ST_9 : Operation 53 [2/2] (0.00ns)   --->   "%targetBlock4 = call i1 @winning_Pipeline_VITIS_LOOP_77_9, i8 %board"   --->   Operation 53 'call' 'targetBlock4' <Predicate = (targetBlock3)> <Delay = 0.00> <CoreType = "Generic">   --->   Core 0 '' <Latency = 0> <II = 1> <Delay = 1.00> <Generic> <Opcode : >

State 10 <SV = 9> <Delay = 3.50>
ST_10 : Operation 54 [1/2] (3.50ns)   --->   "%targetBlock4 = call i1 @winning_Pipeline_VITIS_LOOP_77_9, i8 %board"   --->   Operation 54 'call' 'targetBlock4' <Predicate = (targetBlock & targetBlock1 & targetBlock2 & targetBlock3)> <Delay = 3.50> <CoreType = "Generic">   --->   Core 0 '' <Latency = 0> <II = 1> <Delay = 1.00> <Generic> <Opcode : >
ST_10 : Operation 55 [1/1] (0.00ns)   --->   "%br_ln0 = br i1 %targetBlock4, void %cleanup245, void %for.end247"   --->   Operation 55 'br' 'br_ln0' <Predicate = (targetBlock & targetBlock1 & targetBlock2 & targetBlock3)> <Delay = 0.00>
ST_10 : Operation 56 [1/1] (0.00ns)   --->   "%write_ln79 = write void @_ssdm_op_Write.ap_none.i32P0A, i32 %result, i32 0" [winning_hls.cpp:79]   --->   Operation 56 'write' 'write_ln79' <Predicate = (targetBlock & targetBlock1 & targetBlock2 & targetBlock3 & !targetBlock4)> <Delay = 0.00>
ST_10 : Operation 57 [1/1] (0.00ns)   --->   "%br_ln0 = br void %return"   --->   Operation 57 'br' 'br_ln0' <Predicate = (targetBlock & targetBlock1 & targetBlock2 & targetBlock3 & !targetBlock4)> <Delay = 0.00>
ST_10 : Operation 58 [1/1] (0.00ns)   --->   "%write_ln84 = write void @_ssdm_op_Write.ap_none.i32P0A, i32 %result, i32 3" [winning_hls.cpp:84]   --->   Operation 58 'write' 'write_ln84' <Predicate = (targetBlock & targetBlock1 & targetBlock2 & targetBlock3 & targetBlock4)> <Delay = 0.00>
ST_10 : Operation 59 [1/1] (0.00ns)   --->   "%br_ln85 = br void %return" [winning_hls.cpp:85]   --->   Operation 59 'br' 'br_ln85' <Predicate = (targetBlock & targetBlock1 & targetBlock2 & targetBlock3 & targetBlock4)> <Delay = 0.00>
ST_10 : Operation 60 [1/1] (0.00ns)   --->   "%ret_ln85 = ret" [winning_hls.cpp:85]   --->   Operation 60 'ret' 'ret_ln85' <Predicate = true> <Delay = 0.00>


============================================================
+ Verbose Summary: Timing violations
============================================================
Target clock period: 5.000ns, clock uncertainty: 1.350ns.

 <State 1>: 0.000ns
The critical path consists of the following:

 <State 2>: 1.588ns
The critical path consists of the following:
	'call' operation ('targetBlock') to 'winning_Pipeline_VITIS_LOOP_13_1_VITIS_LOOP_14_2' [13]  (1.588 ns)

 <State 3>: 2.895ns
The critical path consists of the following:
	'load' operation ('symbol_loc_load') on local variable 'symbol_loc' [14]  (0.000 ns)
	'icmp' operation ('icmp_ln22', winning_hls.cpp:22) [17]  (1.915 ns)
	'select' operation ('select_ln22', winning_hls.cpp:22) [18]  (0.980 ns)

 <State 4>: 1.588ns
The critical path consists of the following:
	'call' operation ('targetBlock1') to 'winning_Pipeline_VITIS_LOOP_29_3_VITIS_LOOP_30_4' [22]  (1.588 ns)

 <State 5>: 2.895ns
The critical path consists of the following:
	'load' operation ('symbol_1_loc_load') on local variable 'symbol_1_loc' [23]  (0.000 ns)
	'icmp' operation ('icmp_ln38', winning_hls.cpp:38) [26]  (1.915 ns)
	'select' operation ('select_ln38', winning_hls.cpp:38) [27]  (0.980 ns)

 <State 6>: 1.588ns
The critical path consists of the following:
	'call' operation ('targetBlock2') to 'winning_Pipeline_VITIS_LOOP_45_5_VITIS_LOOP_46_6' [31]  (1.588 ns)

 <State 7>: 2.895ns
The critical path consists of the following:
	'load' operation ('symbol_2_loc_load') on local variable 'symbol_2_loc' [32]  (0.000 ns)
	'icmp' operation ('icmp_ln54', winning_hls.cpp:54) [35]  (1.915 ns)
	'select' operation ('select_ln54', winning_hls.cpp:54) [36]  (0.980 ns)

 <State 8>: 1.588ns
The critical path consists of the following:
	'call' operation ('targetBlock3') to 'winning_Pipeline_VITIS_LOOP_61_7_VITIS_LOOP_62_8' [40]  (1.588 ns)

 <State 9>: 2.895ns
The critical path consists of the following:
	'load' operation ('symbol_3_loc_load') on local variable 'symbol_3_loc' [41]  (0.000 ns)
	'icmp' operation ('icmp_ln70', winning_hls.cpp:70) [44]  (1.915 ns)
	'select' operation ('select_ln70', winning_hls.cpp:70) [45]  (0.980 ns)

 <State 10>: 3.503ns
The critical path consists of the following:
	'call' operation ('targetBlock4') to 'winning_Pipeline_VITIS_LOOP_77_9' [49]  (3.503 ns)


============================================================
+ Verbose Summary: Binding
============================================================
N/A
* FSMD analyzer results:
  - Output states:
 - Input state : 
  - Chain level:
	State 1
	State 2
	State 3
	State 4
	State 5
	State 6
	State 7
	State 8
	State 9
	State 10


============================================================
+ Verbose Summary: Datapath Resource usage 
============================================================
N/A
