

================================================================
== Vitis HLS Report for 'winning_Pipeline_VITIS_LOOP_77_9'
================================================================
* Date:           Sun Jan 11 21:20:21 2026

* Version:        2023.1 (Build 3854077 on May  4 2023)
* Project:        VP_C4
* Solution:       solution1 (Vivado IP Flow Target)
* Product family: zynq
* Target device:  xc7z020-clg484-1


================================================================
== Performance Estimates
================================================================
+ Timing: 
    * Summary: 
    +--------+---------+----------+------------+
    |  Clock |  Target | Estimated| Uncertainty|
    +--------+---------+----------+------------+
    |ap_clk  |  5.00 ns|  3.503 ns|     1.35 ns|
    +--------+---------+----------+------------+

+ Latency: 
    * Summary: 
    +---------+---------+-----------+----------+-----+-----+---------+
    |  Latency (cycles) |  Latency (absolute)  |  Interval | Pipeline|
    |   min   |   max   |    min    |    max   | min | max |   Type  |
    +---------+---------+-----------+----------+-----+-----+---------+
    |        4|      130|  20.000 ns|  0.650 us|    4|  130|       no|
    +---------+---------+-----------+----------+-----+-----+---------+

    + Detail: 
        * Instance: 
        N/A

        * Loop: 
        +-------------------+---------+---------+----------+-----------+-----------+--------+----------+
        |                   |  Latency (cycles) | Iteration|  Initiation Interval  |  Trip  |          |
        |     Loop Name     |   min   |   max   |  Latency |  achieved |   target  |  Count | Pipelined|
        +-------------------+---------+---------+----------+-----------+-----------+--------+----------+
        |- VITIS_LOOP_77_9  |        2|      128|         3|          3|          1|  0 ~ 42|       yes|
        +-------------------+---------+---------+----------+-----------+-----------+--------+----------+

============================================================
+ Verbose Summary: Synthesis Manager
============================================================
InlineROM: 1
ExposeGlobal: 0
============================================================
+ Verbose Summary: CDFG Model
============================================================
IsTopModel: 0
ResetActiveHigh: 1
IsCombinational: 0
IsDatapathOnly: 0
HasWiredReturn: 1
HasMFsm: 2
HasVarLatency: 1
IsPipeline: 0
IsRtlPipelined: 0
IsInstanceOverlapped: 0
IsDontTouch: 0
HasImplIP: 0
IsGatedGlobalClock: 0

+ Individual pipeline summary: 
  * Pipeline-0: initiation interval (II) = 3, depth = 3


============================================================
+ Verbose Summary: Schedule
============================================================
* Number of FSM states : 3
* Pipeline : 1
  Pipeline-0 : II = 3, D = 3, States = { 1 2 3 }
* Dataflow Pipeline: 0

* FSM state transitions: 
1 --> 2 
2 --> 3 
3 --> 

* FSM state operations: 

State 1 <SV = 0> <Delay = 3.41>
ST_1 : Operation 6 [1/1] (0.00ns)   --->   "%i = alloca i32 1"   --->   Operation 6 'alloca' 'i' <Predicate = true> <Delay = 0.00>
ST_1 : Operation 7 [1/1] (0.00ns)   --->   "%specinterface_ln0 = specinterface void @_ssdm_op_SpecInterface, i8 %board, void @empty, i32 0, i32 0, void @empty_0, i32 4294967295, i32 0, void @empty_0, void @empty_0, void @empty_0, i32 0, i32 0, i32 0, i32 0, void @empty_0, void @empty_0, i32 4294967295, i32 0"   --->   Operation 7 'specinterface' 'specinterface_ln0' <Predicate = true> <Delay = 0.00>
ST_1 : Operation 8 [1/1] (1.58ns)   --->   "%store_ln0 = store i6 0, i6 %i"   --->   Operation 8 'store' 'store_ln0' <Predicate = true> <Delay = 1.58>
ST_1 : Operation 9 [1/1] (0.00ns)   --->   "%br_ln0 = br void %for.body236"   --->   Operation 9 'br' 'br_ln0' <Predicate = true> <Delay = 0.00>
ST_1 : Operation 10 [1/1] (0.00ns)   --->   "%i_1 = load i6 %i" [winning_hls.cpp:77]   --->   Operation 10 'load' 'i_1' <Predicate = true> <Delay = 0.00>
ST_1 : Operation 11 [1/1] (0.00ns)   --->   "%specpipeline_ln0 = specpipeline void @_ssdm_op_SpecPipeline, i32 4294967295, i32 0, i32 1, i32 0, void @p_str"   --->   Operation 11 'specpipeline' 'specpipeline_ln0' <Predicate = true> <Delay = 0.00>
ST_1 : Operation 12 [1/1] (1.82ns)   --->   "%icmp_ln77 = icmp_eq  i6 %i_1, i6 42" [winning_hls.cpp:77]   --->   Operation 12 'icmp' 'icmp_ln77' <Predicate = true> <Delay = 1.82> <CoreInst = "Cmp">   --->   Core 9 'Cmp' <Latency = 0> <II = 1> <Delay = 1.82> <FuncUnit> <Opcode : 'icmp'> <InPorts = 2> <OutPorts = 1>
ST_1 : Operation 13 [1/1] (1.82ns)   --->   "%add_ln77 = add i6 %i_1, i6 1" [winning_hls.cpp:77]   --->   Operation 13 'add' 'add_ln77' <Predicate = true> <Delay = 1.82> <CoreInst = "Adder">   --->   Core 1 'Adder' <Latency = 0> <II = 1> <Delay = 1.82> <FuncUnit> <Opcode : 'add' 'sub'> <InPorts = 2> <OutPorts = 1>
ST_1 : Operation 14 [1/1] (1.58ns)   --->   "%br_ln77 = br i1 %icmp_ln77, void %for.body236.split, void %for.end247.exitStub" [winning_hls.cpp:77]   --->   Operation 14 'br' 'br_ln77' <Predicate = true> <Delay = 1.58>
ST_1 : Operation 15 [1/1] (0.00ns)   --->   "%i_cast = zext i6 %i_1" [winning_hls.cpp:77]   --->   Operation 15 'zext' 'i_cast' <Predicate = (!icmp_ln77)> <Delay = 0.00>
ST_1 : Operation 16 [1/1] (0.00ns)   --->   "%board_addr = getelementptr i8 %board, i64 0, i64 %i_cast" [winning_hls.cpp:78]   --->   Operation 16 'getelementptr' 'board_addr' <Predicate = (!icmp_ln77)> <Delay = 0.00>
ST_1 : Operation 17 [2/2] (2.32ns)   --->   "%board_load = load i6 %board_addr" [winning_hls.cpp:78]   --->   Operation 17 'load' 'board_load' <Predicate = (!icmp_ln77)> <Delay = 2.32> <CoreInst = "RAM">   --->   Core 82 'RAM' <Latency = 1> <II = 1> <Delay = 2.32> <Storage> <Opcode : 'load' 'store'> <Ports = 2> <Width = 8> <Depth = 42> <RAM>

State 2 <SV = 1> <Delay = 2.32>
ST_2 : Operation 18 [1/2] (2.32ns)   --->   "%board_load = load i6 %board_addr" [winning_hls.cpp:78]   --->   Operation 18 'load' 'board_load' <Predicate = (!icmp_ln77)> <Delay = 2.32> <CoreInst = "RAM">   --->   Core 82 'RAM' <Latency = 1> <II = 1> <Delay = 2.32> <Storage> <Opcode : 'load' 'store'> <Ports = 2> <Width = 8> <Depth = 42> <RAM>

State 3 <SV = 2> <Delay = 3.50>
ST_3 : Operation 19 [1/1] (0.00ns)   --->   "%speclooptripcount_ln77 = speclooptripcount void @_ssdm_op_SpecLoopTripCount, i64 0, i64 42, i64 21" [winning_hls.cpp:77]   --->   Operation 19 'speclooptripcount' 'speclooptripcount_ln77' <Predicate = (!icmp_ln77)> <Delay = 0.00>
ST_3 : Operation 20 [1/1] (0.00ns)   --->   "%specloopname_ln77 = specloopname void @_ssdm_op_SpecLoopName, void @empty_4" [winning_hls.cpp:77]   --->   Operation 20 'specloopname' 'specloopname_ln77' <Predicate = (!icmp_ln77)> <Delay = 0.00>
ST_3 : Operation 21 [1/1] (1.91ns)   --->   "%icmp_ln78 = icmp_eq  i8 %board_load, i8 32" [winning_hls.cpp:78]   --->   Operation 21 'icmp' 'icmp_ln78' <Predicate = (!icmp_ln77)> <Delay = 1.91> <CoreInst = "Cmp">   --->   Core 9 'Cmp' <Latency = 0> <II = 1> <Delay = 1.91> <FuncUnit> <Opcode : 'icmp'> <InPorts = 2> <OutPorts = 1>
ST_3 : Operation 22 [1/1] (1.58ns)   --->   "%br_ln78 = br i1 %icmp_ln78, void %for.inc243, void %for.end247.exitStub" [winning_hls.cpp:78]   --->   Operation 22 'br' 'br_ln78' <Predicate = (!icmp_ln77)> <Delay = 1.58>
ST_3 : Operation 23 [1/1] (1.58ns)   --->   "%store_ln77 = store i6 %add_ln77, i6 %i" [winning_hls.cpp:77]   --->   Operation 23 'store' 'store_ln77' <Predicate = (!icmp_ln77 & !icmp_ln78)> <Delay = 1.58>
ST_3 : Operation 24 [1/1] (0.00ns)   --->   "%br_ln77 = br void %for.body236" [winning_hls.cpp:77]   --->   Operation 24 'br' 'br_ln77' <Predicate = (!icmp_ln77 & !icmp_ln78)> <Delay = 0.00>
ST_3 : Operation 25 [1/1] (0.00ns)   --->   "%merge = phi i1 1, void %for.body236, i1 0, void %for.body236.split"   --->   Operation 25 'phi' 'merge' <Predicate = (icmp_ln78) | (icmp_ln77)> <Delay = 0.00>
ST_3 : Operation 26 [1/1] (0.00ns)   --->   "%ret_ln0 = ret i1 %merge"   --->   Operation 26 'ret' 'ret_ln0' <Predicate = (icmp_ln78) | (icmp_ln77)> <Delay = 0.00>


============================================================
+ Verbose Summary: Timing violations
============================================================
Target clock period: 5.000ns, clock uncertainty: 1.350ns.

 <State 1>: 3.413ns
The critical path consists of the following:
	'alloca' operation ('i') [2]  (0.000 ns)
	'load' operation ('i', winning_hls.cpp:77) on local variable 'i' [7]  (0.000 ns)
	'icmp' operation ('icmp_ln77', winning_hls.cpp:77) [9]  (1.825 ns)
	multiplexor before 'phi' operation ('merge') [24]  (1.588 ns)

 <State 2>: 2.322ns
The critical path consists of the following:
	'load' operation ('board_load', winning_hls.cpp:78) on array 'board' [17]  (2.322 ns)

 <State 3>: 3.503ns
The critical path consists of the following:
	'icmp' operation ('icmp_ln78', winning_hls.cpp:78) [18]  (1.915 ns)
	multiplexor before 'phi' operation ('merge') [24]  (1.588 ns)


============================================================
+ Verbose Summary: Binding
============================================================
N/A
* FSMD analyzer results:
  - Output states:
 - Input state : 
  - Chain level:
	State 1
	State 2
	State 3


============================================================
+ Verbose Summary: Datapath Resource usage 
============================================================
N/A
