

================================================================
== Vitis HLS Report for 'winning_Pipeline_VITIS_LOOP_45_5_VITIS_LOOP_46_6'
================================================================
* Date:           Sun Jan 11 21:20:20 2026

* Version:        2023.1 (Build 3854077 on May  4 2023)
* Project:        VP_C4
* Solution:       solution1 (Vivado IP Flow Target)
* Product family: zynq
* Target device:  xc7z020-clg484-1


================================================================
== Performance Estimates
================================================================
+ Timing: 
    * Summary: 
    +--------+---------+----------+------------+
    |  Clock |  Target | Estimated| Uncertainty|
    +--------+---------+----------+------------+
    |ap_clk  |  5.00 ns|  3.503 ns|     1.35 ns|
    +--------+---------+----------+------------+

+ Latency: 
    * Summary: 
    +---------+---------+-----------+----------+-----+-----+---------+
    |  Latency (cycles) |  Latency (absolute)  |  Interval | Pipeline|
    |   min   |   max   |    min    |    max   | min | max |   Type  |
    +---------+---------+-----------+----------+-----+-----+---------+
    |       15|      184|  75.000 ns|  0.920 us|   15|  184|       no|
    +---------+---------+-----------+----------+-----+-----+---------+

    + Detail: 
        * Instance: 
        N/A

        * Loop: 
        +-----------------------------------+---------+---------+----------+-----------+-----------+--------+----------+
        |                                   |  Latency (cycles) | Iteration|  Initiation Interval  |  Trip  |          |
        |             Loop Name             |   min   |   max   |  Latency |  achieved |   target  |  Count | Pipelined|
        +-----------------------------------+---------+---------+----------+-----------+-----------+--------+----------+
        |- VITIS_LOOP_45_5_VITIS_LOOP_46_6  |       13|      181|        14|         14|          1|  0 ~ 12|       yes|
        +-----------------------------------+---------+---------+----------+-----------+-----------+--------+----------+

============================================================
+ Verbose Summary: Synthesis Manager
============================================================
InlineROM: 1
ExposeGlobal: 0
============================================================
+ Verbose Summary: CDFG Model
============================================================
IsTopModel: 0
ResetActiveHigh: 1
IsCombinational: 0
IsDatapathOnly: 0
HasWiredReturn: 1
HasMFsm: 2
HasVarLatency: 1
IsPipeline: 0
IsRtlPipelined: 0
IsInstanceOverlapped: 0
IsDontTouch: 0
HasImplIP: 0
IsGatedGlobalClock: 0

+ Individual pipeline summary: 
  * Pipeline-0: initiation interval (II) = 14, depth = 14


============================================================
+ Verbose Summary: Schedule
============================================================
* Number of FSM states : 17
* Pipeline : 1
  Pipeline-0 : II = 14, D = 14, States = { 2 3 4 5 6 7 8 9 10 11 12 13 14 15 }
* Dataflow Pipeline: 0

* FSM state transitions: 
1 --> 2 
2 --> 3 
3 --> 4 
4 --> 5 
5 --> 6 
6 --> 7 
7 --> 8 
8 --> 9 
9 --> 10 
10 --> 11 
11 --> 12 
12 --> 13 
13 --> 14 
14 --> 15 
15 --> 16 17 2 
16 --> 
17 --> 16 

* FSM state operations: 

State 1 <SV = 0> <Delay = 1.58>
ST_1 : Operation 18 [1/1] (0.00ns)   --->   "%col = alloca i32 1"   --->   Operation 18 'alloca' 'col' <Predicate = true> <Delay = 0.00>
ST_1 : Operation 19 [1/1] (0.00ns)   --->   "%row_1 = alloca i32 1"   --->   Operation 19 'alloca' 'row_1' <Predicate = true> <Delay = 0.00>
ST_1 : Operation 20 [1/1] (0.00ns)   --->   "%indvar_flatten16 = alloca i32 1"   --->   Operation 20 'alloca' 'indvar_flatten16' <Predicate = true> <Delay = 0.00>
ST_1 : Operation 21 [1/1] (0.00ns)   --->   "%specinterface_ln0 = specinterface void @_ssdm_op_SpecInterface, i8 %board, void @empty, i32 0, i32 0, void @empty_0, i32 4294967295, i32 0, void @empty_0, void @empty_0, void @empty_0, i32 0, i32 0, i32 0, i32 0, void @empty_0, void @empty_0, i32 4294967295, i32 0"   --->   Operation 21 'specinterface' 'specinterface_ln0' <Predicate = true> <Delay = 0.00>
ST_1 : Operation 22 [1/1] (1.58ns)   --->   "%store_ln0 = store i4 0, i4 %indvar_flatten16"   --->   Operation 22 'store' 'store_ln0' <Predicate = true> <Delay = 1.58>
ST_1 : Operation 23 [1/1] (1.58ns)   --->   "%store_ln0 = store i2 0, i2 %row_1"   --->   Operation 23 'store' 'store_ln0' <Predicate = true> <Delay = 1.58>
ST_1 : Operation 24 [1/1] (1.58ns)   --->   "%store_ln0 = store i3 0, i3 %col"   --->   Operation 24 'store' 'store_ln0' <Predicate = true> <Delay = 1.58>
ST_1 : Operation 25 [1/1] (0.00ns)   --->   "%br_ln0 = br void %for.body109"   --->   Operation 25 'br' 'br_ln0' <Predicate = true> <Delay = 0.00>

State 2 <SV = 1> <Delay = 3.34>
ST_2 : Operation 26 [1/1] (0.00ns)   --->   "%row = load i2 %row_1"   --->   Operation 26 'load' 'row' <Predicate = true> <Delay = 0.00>
ST_2 : Operation 27 [1/1] (0.00ns)   --->   "%indvar_flatten16_load = load i4 %indvar_flatten16" [winning_hls.cpp:45]   --->   Operation 27 'load' 'indvar_flatten16_load' <Predicate = true> <Delay = 0.00>
ST_2 : Operation 28 [1/1] (0.00ns)   --->   "%zext_ln45 = zext i2 %row" [winning_hls.cpp:45]   --->   Operation 28 'zext' 'zext_ln45' <Predicate = true> <Delay = 0.00>
ST_2 : Operation 29 [1/1] (0.00ns)   --->   "%p_shl2 = bitconcatenate i5 @_ssdm_op_BitConcatenate.i5.i2.i3, i2 %row, i3 0"   --->   Operation 29 'bitconcatenate' 'p_shl2' <Predicate = true> <Delay = 0.00>
ST_2 : Operation 30 [1/1] (0.00ns)   --->   "%p_shl2_cast = zext i5 %p_shl2"   --->   Operation 30 'zext' 'p_shl2_cast' <Predicate = true> <Delay = 0.00>
ST_2 : Operation 31 [1/1] (1.78ns)   --->   "%empty = sub i6 %p_shl2_cast, i6 %zext_ln45" [winning_hls.cpp:45]   --->   Operation 31 'sub' 'empty' <Predicate = true> <Delay = 1.78> <CoreInst = "Adder">   --->   Core 1 'Adder' <Latency = 0> <II = 1> <Delay = 1.78> <FuncUnit> <Opcode : 'add' 'sub'> <InPorts = 2> <OutPorts = 1>
ST_2 : Operation 32 [1/1] (0.00ns)   --->   "%specpipeline_ln0 = specpipeline void @_ssdm_op_SpecPipeline, i32 4294967295, i32 0, i32 1, i32 0, void @p_str"   --->   Operation 32 'specpipeline' 'specpipeline_ln0' <Predicate = true> <Delay = 0.00>
ST_2 : Operation 33 [1/1] (1.73ns)   --->   "%icmp_ln45 = icmp_eq  i4 %indvar_flatten16_load, i4 12" [winning_hls.cpp:45]   --->   Operation 33 'icmp' 'icmp_ln45' <Predicate = true> <Delay = 1.73> <CoreInst = "Cmp">   --->   Core 9 'Cmp' <Latency = 0> <II = 1> <Delay = 1.73> <FuncUnit> <Opcode : 'icmp'> <InPorts = 2> <OutPorts = 1>
ST_2 : Operation 34 [1/1] (1.73ns)   --->   "%add_ln45 = add i4 %indvar_flatten16_load, i4 1" [winning_hls.cpp:45]   --->   Operation 34 'add' 'add_ln45' <Predicate = true> <Delay = 1.73> <CoreInst = "Adder">   --->   Core 1 'Adder' <Latency = 0> <II = 1> <Delay = 1.73> <FuncUnit> <Opcode : 'add' 'sub'> <InPorts = 2> <OutPorts = 1>
ST_2 : Operation 35 [1/1] (0.00ns)   --->   "%br_ln45 = br i1 %icmp_ln45, void %for.inc162, void %for.body176.preheader.exitStub" [winning_hls.cpp:45]   --->   Operation 35 'br' 'br_ln45' <Predicate = true> <Delay = 0.00>
ST_2 : Operation 36 [1/1] (0.00ns)   --->   "%col_load = load i3 %col" [winning_hls.cpp:46]   --->   Operation 36 'load' 'col_load' <Predicate = (!icmp_ln45)> <Delay = 0.00>
ST_2 : Operation 37 [1/1] (1.65ns)   --->   "%icmp_ln46 = icmp_eq  i3 %col_load, i3 4" [winning_hls.cpp:46]   --->   Operation 37 'icmp' 'icmp_ln46' <Predicate = (!icmp_ln45)> <Delay = 1.65> <CoreInst = "Cmp">   --->   Core 9 'Cmp' <Latency = 0> <II = 1> <Delay = 1.65> <FuncUnit> <Opcode : 'icmp'> <InPorts = 2> <OutPorts = 1>
ST_2 : Operation 38 [1/1] (1.56ns)   --->   "%indvars_iv_next7740 = add i2 %row, i2 1"   --->   Operation 38 'add' 'indvars_iv_next7740' <Predicate = (!icmp_ln45)> <Delay = 1.56> <CoreInst = "Adder">   --->   Core 1 'Adder' <Latency = 0> <II = 1> <Delay = 1.56> <FuncUnit> <Opcode : 'add' 'sub'> <InPorts = 2> <OutPorts = 1>
ST_2 : Operation 39 [1/1] (0.00ns)   --->   "%zext_ln45_1 = zext i2 %indvars_iv_next7740" [winning_hls.cpp:45]   --->   Operation 39 'zext' 'zext_ln45_1' <Predicate = (!icmp_ln45)> <Delay = 0.00>
ST_2 : Operation 40 [1/1] (0.00ns)   --->   "%p_shl2_mid1 = bitconcatenate i5 @_ssdm_op_BitConcatenate.i5.i2.i3, i2 %indvars_iv_next7740, i3 0"   --->   Operation 40 'bitconcatenate' 'p_shl2_mid1' <Predicate = (!icmp_ln45)> <Delay = 0.00>
ST_2 : Operation 41 [1/1] (0.00ns)   --->   "%p_shl2_cast_mid1 = zext i5 %p_shl2_mid1"   --->   Operation 41 'zext' 'p_shl2_cast_mid1' <Predicate = (!icmp_ln45)> <Delay = 0.00>
ST_2 : Operation 42 [1/1] (1.78ns)   --->   "%p_mid114 = sub i6 %p_shl2_cast_mid1, i6 %zext_ln45_1" [winning_hls.cpp:45]   --->   Operation 42 'sub' 'p_mid114' <Predicate = (!icmp_ln45)> <Delay = 1.78> <CoreInst = "Adder">   --->   Core 1 'Adder' <Latency = 0> <II = 1> <Delay = 1.78> <FuncUnit> <Opcode : 'add' 'sub'> <InPorts = 2> <OutPorts = 1>

State 3 <SV = 2> <Delay = 3.01>
ST_3 : Operation 43 [1/1] (0.98ns)   --->   "%select_ln45 = select i1 %icmp_ln46, i3 0, i3 %col_load" [winning_hls.cpp:45]   --->   Operation 43 'select' 'select_ln45' <Predicate = (!icmp_ln45)> <Delay = 0.98> <CoreInst = "Sel">   --->   Core 73 'Sel' <Latency = 0> <II = 1> <Delay = 0.98> <FuncUnit> <Opcode : 'select'> <InPorts = 3> <OutPorts = 1>
ST_3 : Operation 44 [1/1] (1.18ns)   --->   "%select_ln45_1 = select i1 %icmp_ln46, i6 %p_mid114, i6 %empty" [winning_hls.cpp:45]   --->   Operation 44 'select' 'select_ln45_1' <Predicate = (!icmp_ln45)> <Delay = 1.18> <CoreInst = "Sel">   --->   Core 73 'Sel' <Latency = 0> <II = 1> <Delay = 1.18> <FuncUnit> <Opcode : 'select'> <InPorts = 3> <OutPorts = 1>
ST_3 : Operation 45 [1/1] (0.00ns)   --->   "%col_2_cast = zext i3 %select_ln45" [winning_hls.cpp:45]   --->   Operation 45 'zext' 'col_2_cast' <Predicate = (!icmp_ln45)> <Delay = 0.00>
ST_3 : Operation 46 [1/1] (1.82ns)   --->   "%add_ln47 = add i6 %col_2_cast, i6 %select_ln45_1" [winning_hls.cpp:47]   --->   Operation 46 'add' 'add_ln47' <Predicate = (!icmp_ln45)> <Delay = 1.82> <CoreInst = "Adder">   --->   Core 1 'Adder' <Latency = 0> <II = 1> <Delay = 1.82> <FuncUnit> <Opcode : 'add' 'sub'> <InPorts = 2> <OutPorts = 1>

State 4 <SV = 3> <Delay = 2.32>
ST_4 : Operation 47 [1/1] (0.00ns)   --->   "%sext_ln48 = sext i6 %add_ln47" [winning_hls.cpp:48]   --->   Operation 47 'sext' 'sext_ln48' <Predicate = (!icmp_ln45)> <Delay = 0.00>
ST_4 : Operation 48 [1/1] (0.00ns)   --->   "%board_addr = getelementptr i8 %board, i64 0, i64 %sext_ln48" [winning_hls.cpp:48]   --->   Operation 48 'getelementptr' 'board_addr' <Predicate = (!icmp_ln45)> <Delay = 0.00>
ST_4 : Operation 49 [2/2] (2.32ns)   --->   "%symbol = load i6 %board_addr" [winning_hls.cpp:48]   --->   Operation 49 'load' 'symbol' <Predicate = (!icmp_ln45)> <Delay = 2.32> <CoreInst = "RAM">   --->   Core 82 'RAM' <Latency = 1> <II = 1> <Delay = 2.32> <Storage> <Opcode : 'load' 'store'> <Ports = 2> <Width = 8> <Depth = 42> <RAM>

State 5 <SV = 4> <Delay = 2.32>
ST_5 : Operation 50 [1/2] (2.32ns)   --->   "%symbol = load i6 %board_addr" [winning_hls.cpp:48]   --->   Operation 50 'load' 'symbol' <Predicate = (!icmp_ln45)> <Delay = 2.32> <CoreInst = "RAM">   --->   Core 82 'RAM' <Latency = 1> <II = 1> <Delay = 2.32> <Storage> <Opcode : 'load' 'store'> <Ports = 2> <Width = 8> <Depth = 42> <RAM>

State 6 <SV = 5> <Delay = 1.91>
ST_6 : Operation 51 [1/1] (0.00ns)   --->   "%specloopname_ln0 = specloopname void @_ssdm_op_SpecLoopName, void @VITIS_LOOP_45_5_VITIS_LOOP_46_6_str"   --->   Operation 51 'specloopname' 'specloopname_ln0' <Predicate = (!icmp_ln45)> <Delay = 0.00>
ST_6 : Operation 52 [1/1] (0.00ns)   --->   "%speclooptripcount_ln0 = speclooptripcount void @_ssdm_op_SpecLoopTripCount, i64 0, i64 12, i64 2"   --->   Operation 52 'speclooptripcount' 'speclooptripcount_ln0' <Predicate = (!icmp_ln45)> <Delay = 0.00>
ST_6 : Operation 53 [1/1] (0.00ns)   --->   "%specpipeline_ln0 = specpipeline void @_ssdm_op_SpecPipeline, i32 4294967295, i32 0, i32 1, i32 0, void @p_str"   --->   Operation 53 'specpipeline' 'specpipeline_ln0' <Predicate = (!icmp_ln45)> <Delay = 0.00>
ST_6 : Operation 54 [1/1] (0.99ns)   --->   "%select_ln45_2 = select i1 %icmp_ln46, i2 %indvars_iv_next7740, i2 %row" [winning_hls.cpp:45]   --->   Operation 54 'select' 'select_ln45_2' <Predicate = (!icmp_ln45)> <Delay = 0.99> <CoreInst = "Sel">   --->   Core 73 'Sel' <Latency = 0> <II = 1> <Delay = 0.99> <FuncUnit> <Opcode : 'select'> <InPorts = 3> <OutPorts = 1>
ST_6 : Operation 55 [1/1] (0.00ns)   --->   "%specloopname_ln46 = specloopname void @_ssdm_op_SpecLoopName, void @empty_6" [winning_hls.cpp:46]   --->   Operation 55 'specloopname' 'specloopname_ln46' <Predicate = (!icmp_ln45)> <Delay = 0.00>
ST_6 : Operation 56 [1/1] (1.91ns)   --->   "%icmp_ln50 = icmp_eq  i8 %symbol, i8 32" [winning_hls.cpp:50]   --->   Operation 56 'icmp' 'icmp_ln50' <Predicate = (!icmp_ln45)> <Delay = 1.91> <CoreInst = "Cmp">   --->   Core 9 'Cmp' <Latency = 0> <II = 1> <Delay = 1.91> <FuncUnit> <Opcode : 'icmp'> <InPorts = 2> <OutPorts = 1>
ST_6 : Operation 57 [1/1] (0.00ns)   --->   "%br_ln50 = br i1 %icmp_ln50, void %land.lhs.true118, void %if.end152" [winning_hls.cpp:50]   --->   Operation 57 'br' 'br_ln50' <Predicate = (!icmp_ln45)> <Delay = 0.00>
ST_6 : Operation 58 [1/1] (0.00ns)   --->   "%zext_ln51_cast = bitconcatenate i4 @_ssdm_op_BitConcatenate.i4.i1.i3, i1 1, i3 %select_ln45" [winning_hls.cpp:51]   --->   Operation 58 'bitconcatenate' 'zext_ln51_cast' <Predicate = (!icmp_ln45 & !icmp_ln50)> <Delay = 0.00>
ST_6 : Operation 59 [1/1] (0.00ns)   --->   "%zext_ln51 = zext i4 %zext_ln51_cast" [winning_hls.cpp:51]   --->   Operation 59 'zext' 'zext_ln51' <Predicate = (!icmp_ln45 & !icmp_ln50)> <Delay = 0.00>
ST_6 : Operation 60 [1/1] (1.82ns)   --->   "%add_ln51 = add i6 %zext_ln51, i6 %select_ln45_1" [winning_hls.cpp:51]   --->   Operation 60 'add' 'add_ln51' <Predicate = (!icmp_ln45 & !icmp_ln50)> <Delay = 1.82> <CoreInst = "Adder">   --->   Core 1 'Adder' <Latency = 0> <II = 1> <Delay = 1.82> <FuncUnit> <Opcode : 'add' 'sub'> <InPorts = 2> <OutPorts = 1>

State 7 <SV = 6> <Delay = 2.32>
ST_7 : Operation 61 [1/1] (0.00ns)   --->   "%zext_ln51_1 = zext i6 %add_ln51" [winning_hls.cpp:51]   --->   Operation 61 'zext' 'zext_ln51_1' <Predicate = (!icmp_ln45 & !icmp_ln50)> <Delay = 0.00>
ST_7 : Operation 62 [1/1] (0.00ns)   --->   "%board_addr_4 = getelementptr i8 %board, i64 0, i64 %zext_ln51_1" [winning_hls.cpp:51]   --->   Operation 62 'getelementptr' 'board_addr_4' <Predicate = (!icmp_ln45 & !icmp_ln50)> <Delay = 0.00>
ST_7 : Operation 63 [2/2] (2.32ns)   --->   "%board_load = load i6 %board_addr_4" [winning_hls.cpp:51]   --->   Operation 63 'load' 'board_load' <Predicate = (!icmp_ln45 & !icmp_ln50)> <Delay = 2.32> <CoreInst = "RAM">   --->   Core 82 'RAM' <Latency = 1> <II = 1> <Delay = 2.32> <Storage> <Opcode : 'load' 'store'> <Ports = 2> <Width = 8> <Depth = 42> <RAM>

State 8 <SV = 7> <Delay = 2.32>
ST_8 : Operation 64 [1/2] (2.32ns)   --->   "%board_load = load i6 %board_addr_4" [winning_hls.cpp:51]   --->   Operation 64 'load' 'board_load' <Predicate = (!icmp_ln45 & !icmp_ln50)> <Delay = 2.32> <CoreInst = "RAM">   --->   Core 82 'RAM' <Latency = 1> <II = 1> <Delay = 2.32> <Storage> <Opcode : 'load' 'store'> <Ports = 2> <Width = 8> <Depth = 42> <RAM>

State 9 <SV = 8> <Delay = 1.91>
ST_9 : Operation 65 [1/1] (1.91ns)   --->   "%icmp_ln51 = icmp_eq  i8 %symbol, i8 %board_load" [winning_hls.cpp:51]   --->   Operation 65 'icmp' 'icmp_ln51' <Predicate = (!icmp_ln45 & !icmp_ln50)> <Delay = 1.91> <CoreInst = "Cmp">   --->   Core 9 'Cmp' <Latency = 0> <II = 1> <Delay = 1.91> <FuncUnit> <Opcode : 'icmp'> <InPorts = 2> <OutPorts = 1>
ST_9 : Operation 66 [1/1] (0.00ns)   --->   "%br_ln51 = br i1 %icmp_ln51, void %if.end152, void %land.lhs.true128" [winning_hls.cpp:51]   --->   Operation 66 'br' 'br_ln51' <Predicate = (!icmp_ln45 & !icmp_ln50)> <Delay = 0.00>
ST_9 : Operation 67 [1/1] (0.00ns)   --->   "%zext_ln52_cast = bitconcatenate i5 @_ssdm_op_BitConcatenate.i5.i2.i3, i2 2, i3 %select_ln45" [winning_hls.cpp:52]   --->   Operation 67 'bitconcatenate' 'zext_ln52_cast' <Predicate = (!icmp_ln45 & !icmp_ln50 & icmp_ln51)> <Delay = 0.00>
ST_9 : Operation 68 [1/1] (0.00ns)   --->   "%zext_ln52 = zext i5 %zext_ln52_cast" [winning_hls.cpp:52]   --->   Operation 68 'zext' 'zext_ln52' <Predicate = (!icmp_ln45 & !icmp_ln50 & icmp_ln51)> <Delay = 0.00>
ST_9 : Operation 69 [1/1] (1.82ns)   --->   "%add_ln52 = add i6 %zext_ln52, i6 %select_ln45_1" [winning_hls.cpp:52]   --->   Operation 69 'add' 'add_ln52' <Predicate = (!icmp_ln45 & !icmp_ln50 & icmp_ln51)> <Delay = 1.82> <CoreInst = "Adder">   --->   Core 1 'Adder' <Latency = 0> <II = 1> <Delay = 1.82> <FuncUnit> <Opcode : 'add' 'sub'> <InPorts = 2> <OutPorts = 1>

State 10 <SV = 9> <Delay = 2.32>
ST_10 : Operation 70 [1/1] (0.00ns)   --->   "%zext_ln52_1 = zext i6 %add_ln52" [winning_hls.cpp:52]   --->   Operation 70 'zext' 'zext_ln52_1' <Predicate = (!icmp_ln45 & !icmp_ln50 & icmp_ln51)> <Delay = 0.00>
ST_10 : Operation 71 [1/1] (0.00ns)   --->   "%board_addr_5 = getelementptr i8 %board, i64 0, i64 %zext_ln52_1" [winning_hls.cpp:52]   --->   Operation 71 'getelementptr' 'board_addr_5' <Predicate = (!icmp_ln45 & !icmp_ln50 & icmp_ln51)> <Delay = 0.00>
ST_10 : Operation 72 [2/2] (2.32ns)   --->   "%board_load_3 = load i6 %board_addr_5" [winning_hls.cpp:52]   --->   Operation 72 'load' 'board_load_3' <Predicate = (!icmp_ln45 & !icmp_ln50 & icmp_ln51)> <Delay = 2.32> <CoreInst = "RAM">   --->   Core 82 'RAM' <Latency = 1> <II = 1> <Delay = 2.32> <Storage> <Opcode : 'load' 'store'> <Ports = 2> <Width = 8> <Depth = 42> <RAM>

State 11 <SV = 10> <Delay = 2.32>
ST_11 : Operation 73 [1/2] (2.32ns)   --->   "%board_load_3 = load i6 %board_addr_5" [winning_hls.cpp:52]   --->   Operation 73 'load' 'board_load_3' <Predicate = (!icmp_ln45 & !icmp_ln50 & icmp_ln51)> <Delay = 2.32> <CoreInst = "RAM">   --->   Core 82 'RAM' <Latency = 1> <II = 1> <Delay = 2.32> <Storage> <Opcode : 'load' 'store'> <Ports = 2> <Width = 8> <Depth = 42> <RAM>

State 12 <SV = 11> <Delay = 1.91>
ST_12 : Operation 74 [1/1] (1.91ns)   --->   "%icmp_ln52 = icmp_eq  i8 %symbol, i8 %board_load_3" [winning_hls.cpp:52]   --->   Operation 74 'icmp' 'icmp_ln52' <Predicate = (!icmp_ln45 & !icmp_ln50 & icmp_ln51)> <Delay = 1.91> <CoreInst = "Cmp">   --->   Core 9 'Cmp' <Latency = 0> <II = 1> <Delay = 1.91> <FuncUnit> <Opcode : 'icmp'> <InPorts = 2> <OutPorts = 1>
ST_12 : Operation 75 [1/1] (0.00ns)   --->   "%br_ln52 = br i1 %icmp_ln52, void %if.end152, void %land.lhs.true138" [winning_hls.cpp:52]   --->   Operation 75 'br' 'br_ln52' <Predicate = (!icmp_ln45 & !icmp_ln50 & icmp_ln51)> <Delay = 0.00>
ST_12 : Operation 76 [1/1] (0.00ns)   --->   "%sext_ln53 = sext i4 %zext_ln51_cast" [winning_hls.cpp:53]   --->   Operation 76 'sext' 'sext_ln53' <Predicate = (!icmp_ln45 & !icmp_ln50 & icmp_ln51 & icmp_ln52)> <Delay = 0.00>
ST_12 : Operation 77 [1/1] (0.00ns)   --->   "%zext_ln53 = zext i5 %sext_ln53" [winning_hls.cpp:53]   --->   Operation 77 'zext' 'zext_ln53' <Predicate = (!icmp_ln45 & !icmp_ln50 & icmp_ln51 & icmp_ln52)> <Delay = 0.00>
ST_12 : Operation 78 [1/1] (1.82ns)   --->   "%add_ln53 = add i6 %zext_ln53, i6 %select_ln45_1" [winning_hls.cpp:53]   --->   Operation 78 'add' 'add_ln53' <Predicate = (!icmp_ln45 & !icmp_ln50 & icmp_ln51 & icmp_ln52)> <Delay = 1.82> <CoreInst = "Adder">   --->   Core 1 'Adder' <Latency = 0> <II = 1> <Delay = 1.82> <FuncUnit> <Opcode : 'add' 'sub'> <InPorts = 2> <OutPorts = 1>

State 13 <SV = 12> <Delay = 2.32>
ST_13 : Operation 79 [1/1] (0.00ns)   --->   "%zext_ln53_1 = zext i6 %add_ln53" [winning_hls.cpp:53]   --->   Operation 79 'zext' 'zext_ln53_1' <Predicate = (!icmp_ln45 & !icmp_ln50 & icmp_ln51 & icmp_ln52)> <Delay = 0.00>
ST_13 : Operation 80 [1/1] (0.00ns)   --->   "%board_addr_6 = getelementptr i8 %board, i64 0, i64 %zext_ln53_1" [winning_hls.cpp:53]   --->   Operation 80 'getelementptr' 'board_addr_6' <Predicate = (!icmp_ln45 & !icmp_ln50 & icmp_ln51 & icmp_ln52)> <Delay = 0.00>
ST_13 : Operation 81 [2/2] (2.32ns)   --->   "%board_load_4 = load i6 %board_addr_6" [winning_hls.cpp:53]   --->   Operation 81 'load' 'board_load_4' <Predicate = (!icmp_ln45 & !icmp_ln50 & icmp_ln51 & icmp_ln52)> <Delay = 2.32> <CoreInst = "RAM">   --->   Core 82 'RAM' <Latency = 1> <II = 1> <Delay = 2.32> <Storage> <Opcode : 'load' 'store'> <Ports = 2> <Width = 8> <Depth = 42> <RAM>

State 14 <SV = 13> <Delay = 2.32>
ST_14 : Operation 82 [1/2] (2.32ns)   --->   "%board_load_4 = load i6 %board_addr_6" [winning_hls.cpp:53]   --->   Operation 82 'load' 'board_load_4' <Predicate = (!icmp_ln45 & !icmp_ln50 & icmp_ln51 & icmp_ln52)> <Delay = 2.32> <CoreInst = "RAM">   --->   Core 82 'RAM' <Latency = 1> <II = 1> <Delay = 2.32> <Storage> <Opcode : 'load' 'store'> <Ports = 2> <Width = 8> <Depth = 42> <RAM>

State 15 <SV = 14> <Delay = 3.50>
ST_15 : Operation 83 [1/1] (1.91ns)   --->   "%icmp_ln53 = icmp_eq  i8 %symbol, i8 %board_load_4" [winning_hls.cpp:53]   --->   Operation 83 'icmp' 'icmp_ln53' <Predicate = (!icmp_ln45 & !icmp_ln50 & icmp_ln51 & icmp_ln52)> <Delay = 1.91> <CoreInst = "Cmp">   --->   Core 9 'Cmp' <Latency = 0> <II = 1> <Delay = 1.91> <FuncUnit> <Opcode : 'icmp'> <InPorts = 2> <OutPorts = 1>
ST_15 : Operation 84 [1/1] (0.00ns)   --->   "%br_ln50 = br i1 %icmp_ln53, void %if.end152, void %cleanup164.exitStub" [winning_hls.cpp:50]   --->   Operation 84 'br' 'br_ln50' <Predicate = (!icmp_ln45 & !icmp_ln50 & icmp_ln51 & icmp_ln52)> <Delay = 0.00>
ST_15 : Operation 85 [1/1] (1.65ns)   --->   "%add_ln46 = add i3 %select_ln45, i3 1" [winning_hls.cpp:46]   --->   Operation 85 'add' 'add_ln46' <Predicate = (!icmp_ln45 & !icmp_ln53) | (!icmp_ln45 & !icmp_ln52) | (!icmp_ln45 & !icmp_ln51) | (!icmp_ln45 & icmp_ln50)> <Delay = 1.65> <CoreInst = "Adder">   --->   Core 1 'Adder' <Latency = 0> <II = 1> <Delay = 1.65> <FuncUnit> <Opcode : 'add' 'sub'> <InPorts = 2> <OutPorts = 1>
ST_15 : Operation 86 [1/1] (1.58ns)   --->   "%store_ln46 = store i4 %add_ln45, i4 %indvar_flatten16" [winning_hls.cpp:46]   --->   Operation 86 'store' 'store_ln46' <Predicate = (!icmp_ln45 & !icmp_ln53) | (!icmp_ln45 & !icmp_ln52) | (!icmp_ln45 & !icmp_ln51) | (!icmp_ln45 & icmp_ln50)> <Delay = 1.58>
ST_15 : Operation 87 [1/1] (1.58ns)   --->   "%store_ln46 = store i2 %select_ln45_2, i2 %row_1" [winning_hls.cpp:46]   --->   Operation 87 'store' 'store_ln46' <Predicate = (!icmp_ln45 & !icmp_ln53) | (!icmp_ln45 & !icmp_ln52) | (!icmp_ln45 & !icmp_ln51) | (!icmp_ln45 & icmp_ln50)> <Delay = 1.58>
ST_15 : Operation 88 [1/1] (1.58ns)   --->   "%store_ln46 = store i3 %add_ln46, i3 %col" [winning_hls.cpp:46]   --->   Operation 88 'store' 'store_ln46' <Predicate = (!icmp_ln45 & !icmp_ln53) | (!icmp_ln45 & !icmp_ln52) | (!icmp_ln45 & !icmp_ln51) | (!icmp_ln45 & icmp_ln50)> <Delay = 1.58>
ST_15 : Operation 89 [1/1] (0.00ns)   --->   "%br_ln46 = br void %for.body109" [winning_hls.cpp:46]   --->   Operation 89 'br' 'br_ln46' <Predicate = (!icmp_ln45 & !icmp_ln53) | (!icmp_ln45 & !icmp_ln52) | (!icmp_ln45 & !icmp_ln51) | (!icmp_ln45 & icmp_ln50)> <Delay = 0.00>

State 16 <SV = 15> <Delay = 1.58>
ST_16 : Operation 90 [1/1] (0.00ns)   --->   "%write_ln48 = write void @_ssdm_op_Write.ap_auto.i8P0A, i8 %symbol_2_out, i8 %symbol" [winning_hls.cpp:48]   --->   Operation 90 'write' 'write_ln48' <Predicate = (!icmp_ln45)> <Delay = 0.00>
ST_16 : Operation 91 [1/1] (1.58ns)   --->   "%br_ln0 = br void %UnifiedReturnBlock"   --->   Operation 91 'br' 'br_ln0' <Predicate = (!icmp_ln45)> <Delay = 1.58>
ST_16 : Operation 92 [1/1] (0.00ns)   --->   "%UnifiedRetVal = phi i1 1, void %for.body176.preheader.exitStub, i1 0, void %cleanup164.exitStub"   --->   Operation 92 'phi' 'UnifiedRetVal' <Predicate = true> <Delay = 0.00>
ST_16 : Operation 93 [1/1] (0.00ns)   --->   "%ret_ln0 = ret i1 %UnifiedRetVal"   --->   Operation 93 'ret' 'ret_ln0' <Predicate = true> <Delay = 0.00>

State 17 <SV = 2> <Delay = 1.58>
ST_17 : Operation 94 [1/1] (1.58ns)   --->   "%br_ln0 = br void %UnifiedReturnBlock"   --->   Operation 94 'br' 'br_ln0' <Predicate = true> <Delay = 1.58>


============================================================
+ Verbose Summary: Binding
============================================================
STG Binding: 
---------------- STG Properties BEGIN ----------------
- Is combinational: 0
- Is one-state seq: 0
- Is datapath-only: 0
- Is pipelined: 0
- Is top level: 0
Port [ Return ] is wired: 1; IO mode=ap_ctrl_hs:ce=0
Port [ board]:  wired=1; compound=1; hidden=0; nouse=0; global=0; static=0; extern=0; dir=0; type=1; pingpong=0; private_global=0; MemPort=[13]; IO mode=bram:ce=0
Port [ symbol_2_out]:  wired=1; compound=0; hidden=0; nouse=0; global=0; static=0; extern=0; dir=1; type=0; pingpong=0; private_global=0; IO mode=ap_vld:ce=0
---------------- STG Properties END ------------------

---------------- Datapath Model BEGIN ----------------

<LifeTime>
<method=bitvector/>
col                   (alloca           ) [ 011111111111111100]
row_1                 (alloca           ) [ 011111111111111100]
indvar_flatten16      (alloca           ) [ 011111111111111100]
specinterface_ln0     (specinterface    ) [ 000000000000000000]
store_ln0             (store            ) [ 000000000000000000]
store_ln0             (store            ) [ 000000000000000000]
store_ln0             (store            ) [ 000000000000000000]
br_ln0                (br               ) [ 000000000000000000]
row                   (load             ) [ 000111100000000000]
indvar_flatten16_load (load             ) [ 000000000000000000]
zext_ln45             (zext             ) [ 000000000000000000]
p_shl2                (bitconcatenate   ) [ 000000000000000000]
p_shl2_cast           (zext             ) [ 000000000000000000]
empty                 (sub              ) [ 000100000000000000]
specpipeline_ln0      (specpipeline     ) [ 000000000000000000]
icmp_ln45             (icmp             ) [ 001111111111111111]
add_ln45              (add              ) [ 000111111111111100]
br_ln45               (br               ) [ 000000000000000000]
col_load              (load             ) [ 000100000000000000]
icmp_ln46             (icmp             ) [ 000111100000000000]
indvars_iv_next7740   (add              ) [ 000111100000000000]
zext_ln45_1           (zext             ) [ 000000000000000000]
p_shl2_mid1           (bitconcatenate   ) [ 000000000000000000]
p_shl2_cast_mid1      (zext             ) [ 000000000000000000]
p_mid114              (sub              ) [ 000100000000000000]
select_ln45           (select           ) [ 000011111111111100]
select_ln45_1         (select           ) [ 000011111111100000]
col_2_cast            (zext             ) [ 000000000000000000]
add_ln47              (add              ) [ 000010000000000000]
sext_ln48             (sext             ) [ 000000000000000000]
board_addr            (getelementptr    ) [ 000001000000000000]
symbol                (load             ) [ 000000111111111111]
specloopname_ln0      (specloopname     ) [ 000000000000000000]
speclooptripcount_ln0 (speclooptripcount) [ 000000000000000000]
specpipeline_ln0      (specpipeline     ) [ 000000000000000000]
select_ln45_2         (select           ) [ 000000011111111100]
specloopname_ln46     (specloopname     ) [ 000000000000000000]
icmp_ln50             (icmp             ) [ 001111111111111100]
br_ln50               (br               ) [ 000000000000000000]
zext_ln51_cast        (bitconcatenate   ) [ 000000011111100000]
zext_ln51             (zext             ) [ 000000000000000000]
add_ln51              (add              ) [ 000000010000000000]
zext_ln51_1           (zext             ) [ 000000000000000000]
board_addr_4          (getelementptr    ) [ 000000001000000000]
board_load            (load             ) [ 000000000100000000]
icmp_ln51             (icmp             ) [ 001111111111111100]
br_ln51               (br               ) [ 000000000000000000]
zext_ln52_cast        (bitconcatenate   ) [ 000000000000000000]
zext_ln52             (zext             ) [ 000000000000000000]
add_ln52              (add              ) [ 000000000010000000]
zext_ln52_1           (zext             ) [ 000000000000000000]
board_addr_5          (getelementptr    ) [ 000000000001000000]
board_load_3          (load             ) [ 000000000000100000]
icmp_ln52             (icmp             ) [ 001111111111111100]
br_ln52               (br               ) [ 000000000000000000]
sext_ln53             (sext             ) [ 000000000000000000]
zext_ln53             (zext             ) [ 000000000000000000]
add_ln53              (add              ) [ 000000000000010000]
zext_ln53_1           (zext             ) [ 000000000000000000]
board_addr_6          (getelementptr    ) [ 000000000000001000]
board_load_4          (load             ) [ 000000000000000100]
icmp_ln53             (icmp             ) [ 001111111111111100]
br_ln50               (br               ) [ 000000000000000000]
add_ln46              (add              ) [ 000000000000000000]
store_ln46            (store            ) [ 000000000000000000]
store_ln46            (store            ) [ 000000000000000000]
store_ln46            (store            ) [ 000000000000000000]
br_ln46               (br               ) [ 000000000000000000]
write_ln48            (write            ) [ 000000000000000000]
br_ln0                (br               ) [ 000000000000000000]
UnifiedRetVal         (phi              ) [ 000000000000000010]
ret_ln0               (ret              ) [ 000000000000000000]
br_ln0                (br               ) [ 000000000000000011]
</LifeTime>

<model>

<comp_list>
<comp id="0" class="1000" name="board">
<pin_list>
<pin id="1" dir="1" index="0" bw="1" slack="0"/>
</pin_list>
<bind>
<StgValue><ssdm name="board"/><MemPortTyVec>1 3 </MemPortTyVec>
</StgValue>
</bind>
</comp>

<comp id="2" class="1000" name="symbol_2_out">
<pin_list>
<pin id="3" dir="1" index="0" bw="1" slack="0"/>
</pin_list>
<bind>
<StgValue><ssdm name="symbol_2_out"/></StgValue>
</bind>
</comp>

<comp id="4" class="1001" name="const_4">
<pin_list>
<pin id="5" dir="1" index="0" bw="1" slack="0"/>
</pin_list>
<bind>
<StgValue><ssdm name=""/></StgValue>
</bind>
</comp>

<comp id="6" class="1001" name="const_6">
<pin_list>
<pin id="7" dir="1" index="0" bw="1" slack="2147483647"/>
</pin_list>
<bind>
<StgValue><ssdm name="_ssdm_op_SpecInterface"/></StgValue>
</bind>
</comp>

<comp id="8" class="1001" name="const_8">
<pin_list>
<pin id="9" dir="1" index="0" bw="1" slack="2147483647"/>
</pin_list>
<bind>
<StgValue><ssdm name="empty"/></StgValue>
</bind>
</comp>

<comp id="10" class="1001" name="const_10">
<pin_list>
<pin id="11" dir="1" index="0" bw="1" slack="2147483647"/>
</pin_list>
<bind>
<StgValue><ssdm name=""/></StgValue>
</bind>
</comp>

<comp id="12" class="1001" name="const_12">
<pin_list>
<pin id="13" dir="1" index="0" bw="1" slack="2147483647"/>
</pin_list>
<bind>
<StgValue><ssdm name="empty_0"/></StgValue>
</bind>
</comp>

<comp id="14" class="1001" name="const_14">
<pin_list>
<pin id="15" dir="1" index="0" bw="1" slack="2147483647"/>
</pin_list>
<bind>
<StgValue><ssdm name=""/></StgValue>
</bind>
</comp>

<comp id="16" class="1001" name="const_16">
<pin_list>
<pin id="17" dir="1" index="0" bw="1" slack="0"/>
</pin_list>
<bind>
<StgValue><ssdm name=""/></StgValue>
</bind>
</comp>

<comp id="18" class="1001" name="const_18">
<pin_list>
<pin id="19" dir="1" index="0" bw="1" slack="0"/>
</pin_list>
<bind>
<StgValue><ssdm name=""/></StgValue>
</bind>
</comp>

<comp id="20" class="1001" name="const_20">
<pin_list>
<pin id="21" dir="1" index="0" bw="1" slack="0"/>
</pin_list>
<bind>
<StgValue><ssdm name=""/></StgValue>
</bind>
</comp>

<comp id="22" class="1001" name="const_22">
<pin_list>
<pin id="23" dir="1" index="0" bw="1" slack="0"/>
</pin_list>
<bind>
<StgValue><ssdm name="_ssdm_op_BitConcatenate.i5.i2.i3"/></StgValue>
</bind>
</comp>

<comp id="24" class="1001" name="const_24">
<pin_list>
<pin id="25" dir="1" index="0" bw="1" slack="2147483647"/>
</pin_list>
<bind>
<StgValue><ssdm name="_ssdm_op_SpecPipeline"/></StgValue>
</bind>
</comp>

<comp id="26" class="1001" name="const_26">
<pin_list>
<pin id="27" dir="1" index="0" bw="1" slack="2147483647"/>
</pin_list>
<bind>
<StgValue><ssdm name="p_str"/></StgValue>
</bind>
</comp>

<comp id="28" class="1001" name="const_28">
<pin_list>
<pin id="29" dir="1" index="0" bw="1" slack="0"/>
</pin_list>
<bind>
<StgValue><ssdm name=""/></StgValue>
</bind>
</comp>

<comp id="30" class="1001" name="const_30">
<pin_list>
<pin id="31" dir="1" index="0" bw="1" slack="0"/>
</pin_list>
<bind>
<StgValue><ssdm name=""/></StgValue>
</bind>
</comp>

<comp id="32" class="1001" name="const_32">
<pin_list>
<pin id="33" dir="1" index="0" bw="1" slack="0"/>
</pin_list>
<bind>
<StgValue><ssdm name=""/></StgValue>
</bind>
</comp>

<comp id="34" class="1001" name="const_34">
<pin_list>
<pin id="35" dir="1" index="0" bw="1" slack="0"/>
</pin_list>
<bind>
<StgValue><ssdm name=""/></StgValue>
</bind>
</comp>

<comp id="36" class="1001" name="const_36">
<pin_list>
<pin id="37" dir="1" index="0" bw="1" slack="0"/>
</pin_list>
<bind>
<StgValue><ssdm name=""/></StgValue>
</bind>
</comp>

<comp id="38" class="1001" name="const_38">
<pin_list>
<pin id="39" dir="1" index="0" bw="1" slack="2147483647"/>
</pin_list>
<bind>
<StgValue><ssdm name="_ssdm_op_SpecLoopName"/></StgValue>
</bind>
</comp>

<comp id="40" class="1001" name="const_40">
<pin_list>
<pin id="41" dir="1" index="0" bw="1" slack="2147483647"/>
</pin_list>
<bind>
<StgValue><ssdm name="VITIS_LOOP_45_5_VITIS_LOOP_46_6_str"/></StgValue>
</bind>
</comp>

<comp id="42" class="1001" name="const_42">
<pin_list>
<pin id="43" dir="1" index="0" bw="1" slack="2147483647"/>
</pin_list>
<bind>
<StgValue><ssdm name="_ssdm_op_SpecLoopTripCount"/></StgValue>
</bind>
</comp>

<comp id="44" class="1001" name="const_44">
<pin_list>
<pin id="45" dir="1" index="0" bw="1" slack="2147483647"/>
</pin_list>
<bind>
<StgValue><ssdm name=""/></StgValue>
</bind>
</comp>

<comp id="46" class="1001" name="const_46">
<pin_list>
<pin id="47" dir="1" index="0" bw="1" slack="2147483647"/>
</pin_list>
<bind>
<StgValue><ssdm name=""/></StgValue>
</bind>
</comp>

<comp id="48" class="1001" name="const_48">
<pin_list>
<pin id="49" dir="1" index="0" bw="1" slack="2147483647"/>
</pin_list>
<bind>
<StgValue><ssdm name="empty_6"/></StgValue>
</bind>
</comp>

<comp id="50" class="1001" name="const_50">
<pin_list>
<pin id="51" dir="1" index="0" bw="1" slack="0"/>
</pin_list>
<bind>
<StgValue><ssdm name=""/></StgValue>
</bind>
</comp>

<comp id="52" class="1001" name="const_52">
<pin_list>
<pin id="53" dir="1" index="0" bw="1" slack="0"/>
</pin_list>
<bind>
<StgValue><ssdm name="_ssdm_op_BitConcatenate.i4.i1.i3"/></StgValue>
</bind>
</comp>

<comp id="54" class="1001" name="const_54">
<pin_list>
<pin id="55" dir="1" index="0" bw="1" slack="0"/>
</pin_list>
<bind>
<StgValue><ssdm name=""/></StgValue>
</bind>
</comp>

<comp id="56" class="1001" name="const_56">
<pin_list>
<pin id="57" dir="1" index="0" bw="1" slack="0"/>
</pin_list>
<bind>
<StgValue><ssdm name=""/></StgValue>
</bind>
</comp>

<comp id="58" class="1001" name="const_58">
<pin_list>
<pin id="59" dir="1" index="0" bw="1" slack="0"/>
</pin_list>
<bind>
<StgValue><ssdm name=""/></StgValue>
</bind>
</comp>

<comp id="60" class="1001" name="const_60">
<pin_list>
<pin id="61" dir="1" index="0" bw="1" slack="0"/>
</pin_list>
<bind>
<StgValue><ssdm name="_ssdm_op_Write.ap_auto.i8P0A"/></StgValue>
</bind>
</comp>

<comp id="62" class="1001" name="const_62">
<pin_list>
<pin id="63" dir="1" index="0" bw="1" slack="0"/>
</pin_list>
<bind>
<StgValue><ssdm name=""/></StgValue>
</bind>
</comp>

<comp id="64" class="1004" name="col_fu_64">
<pin_list>
<pin id="65" dir="0" index="0" bw="1" slack="0"/>
<pin id="66" dir="1" index="1" bw="3" slack="0"/>
</pin_list>
<bind>
<opcode="alloca(26) " fcode="alloca"/>
<opset="col/1 "/>
</bind>
</comp>

<comp id="68" class="1004" name="row_1_fu_68">
<pin_list>
<pin id="69" dir="0" index="0" bw="1" slack="0"/>
<pin id="70" dir="1" index="1" bw="2" slack="0"/>
</pin_list>
<bind>
<opcode="alloca(26) " fcode="alloca"/>
<opset="row_1/1 "/>
</bind>
</comp>

<comp id="72" class="1004" name="indvar_flatten16_fu_72">
<pin_list>
<pin id="73" dir="0" index="0" bw="1" slack="0"/>
<pin id="74" dir="1" index="1" bw="4" slack="0"/>
</pin_list>
<bind>
<opcode="alloca(26) " fcode="alloca"/>
<opset="indvar_flatten16/1 "/>
</bind>
</comp>

<comp id="76" class="1004" name="write_ln48_write_fu_76">
<pin_list>
<pin id="77" dir="0" index="0" bw="0" slack="0"/>
<pin id="78" dir="0" index="1" bw="8" slack="0"/>
<pin id="79" dir="0" index="2" bw="8" slack="11"/>
<pin id="80" dir="1" index="3" bw="0" slack="2147483647"/>
</pin_list>
<bind>
<opcode="write(1151) " fcode="write"/>
<opset="write_ln48/16 "/>
</bind>
</comp>

<comp id="83" class="1004" name="board_addr_gep_fu_83">
<pin_list>
<pin id="84" dir="0" index="0" bw="8" slack="0"/>
<pin id="85" dir="0" index="1" bw="1" slack="0"/>
<pin id="86" dir="0" index="2" bw="6" slack="0"/>
<pin id="87" dir="1" index="3" bw="6" slack="0"/>
</pin_list>
<bind>
<opcode="getelementptr(29) " fcode="getelementptr"/>
<opset="board_addr/4 "/>
</bind>
</comp>

<comp id="90" class="1004" name="grp_access_fu_90">
<pin_list>
<pin id="91" dir="0" index="0" bw="6" slack="0"/>
<pin id="92" dir="0" index="1" bw="8" slack="2147483647"/>
<pin id="93" dir="0" index="2" bw="0" slack="2147483647"/>
<pin id="94" dir="1" index="3" bw="8" slack="1"/>
</pin_list>
<bind>
<opcode="load(27) " fcode="load"/>
<opset="symbol/4 board_load/7 board_load_3/10 board_load_4/13 "/>
</bind>
</comp>

<comp id="96" class="1004" name="board_addr_4_gep_fu_96">
<pin_list>
<pin id="97" dir="0" index="0" bw="8" slack="0"/>
<pin id="98" dir="0" index="1" bw="1" slack="0"/>
<pin id="99" dir="0" index="2" bw="6" slack="0"/>
<pin id="100" dir="1" index="3" bw="6" slack="0"/>
</pin_list>
<bind>
<opcode="getelementptr(29) " fcode="getelementptr"/>
<opset="board_addr_4/7 "/>
</bind>
</comp>

<comp id="104" class="1004" name="board_addr_5_gep_fu_104">
<pin_list>
<pin id="105" dir="0" index="0" bw="8" slack="0"/>
<pin id="106" dir="0" index="1" bw="1" slack="0"/>
<pin id="107" dir="0" index="2" bw="6" slack="0"/>
<pin id="108" dir="1" index="3" bw="6" slack="0"/>
</pin_list>
<bind>
<opcode="getelementptr(29) " fcode="getelementptr"/>
<opset="board_addr_5/10 "/>
</bind>
</comp>

<comp id="112" class="1004" name="board_addr_6_gep_fu_112">
<pin_list>
<pin id="113" dir="0" index="0" bw="8" slack="0"/>
<pin id="114" dir="0" index="1" bw="1" slack="0"/>
<pin id="115" dir="0" index="2" bw="6" slack="0"/>
<pin id="116" dir="1" index="3" bw="6" slack="0"/>
</pin_list>
<bind>
<opcode="getelementptr(29) " fcode="getelementptr"/>
<opset="board_addr_6/13 "/>
</bind>
</comp>

<comp id="120" class="1005" name="UnifiedRetVal_reg_120">
<pin_list>
<pin id="121" dir="0" index="0" bw="1" slack="13"/>
<pin id="122" dir="1" index="1" bw="1" slack="13"/>
</pin_list>
<bind>
<opset="UnifiedRetVal (phireg) "/>
</bind>
</comp>

<comp id="124" class="1004" name="UnifiedRetVal_phi_fu_124">
<pin_list>
<pin id="125" dir="0" index="0" bw="1" slack="13"/>
<pin id="126" dir="0" index="1" bw="0" slack="2147483647"/>
<pin id="127" dir="0" index="2" bw="1" slack="0"/>
<pin id="128" dir="0" index="3" bw="0" slack="2147483647"/>
<pin id="129" dir="1" index="4" bw="1" slack="2147483647"/>
</pin_list>
<bind>
<opcode="phi(47) " fcode="phi"/>
<opset="UnifiedRetVal/16 "/>
</bind>
</comp>

<comp id="132" class="1005" name="reg_132">
<pin_list>
<pin id="133" dir="0" index="0" bw="8" slack="1"/>
<pin id="134" dir="1" index="1" bw="8" slack="1"/>
</pin_list>
<bind>
<opset="board_load board_load_3 board_load_4 "/>
</bind>
</comp>

<comp id="136" class="1004" name="grp_fu_136">
<pin_list>
<pin id="137" dir="0" index="0" bw="8" slack="4"/>
<pin id="138" dir="0" index="1" bw="8" slack="1"/>
<pin id="139" dir="1" index="2" bw="1" slack="1"/>
</pin_list>
<bind>
<opcode="icmp(45) " fcode="icmp"/>
<opset="icmp_ln51/9 icmp_ln52/12 icmp_ln53/15 "/>
</bind>
</comp>

<comp id="141" class="1004" name="store_ln0_store_fu_141">
<pin_list>
<pin id="142" dir="0" index="0" bw="1" slack="0"/>
<pin id="143" dir="0" index="1" bw="4" slack="0"/>
<pin id="144" dir="1" index="2" bw="0" slack="2147483647"/>
</pin_list>
<bind>
<opcode="store(28) " fcode="store"/>
<opset="store_ln0/1 "/>
</bind>
</comp>

<comp id="146" class="1004" name="store_ln0_store_fu_146">
<pin_list>
<pin id="147" dir="0" index="0" bw="1" slack="0"/>
<pin id="148" dir="0" index="1" bw="2" slack="0"/>
<pin id="149" dir="1" index="2" bw="0" slack="2147483647"/>
</pin_list>
<bind>
<opcode="store(28) " fcode="store"/>
<opset="store_ln0/1 "/>
</bind>
</comp>

<comp id="151" class="1004" name="store_ln0_store_fu_151">
<pin_list>
<pin id="152" dir="0" index="0" bw="1" slack="0"/>
<pin id="153" dir="0" index="1" bw="3" slack="0"/>
<pin id="154" dir="1" index="2" bw="0" slack="2147483647"/>
</pin_list>
<bind>
<opcode="store(28) " fcode="store"/>
<opset="store_ln0/1 "/>
</bind>
</comp>

<comp id="156" class="1004" name="row_load_fu_156">
<pin_list>
<pin id="157" dir="0" index="0" bw="2" slack="1"/>
<pin id="158" dir="1" index="1" bw="2" slack="0"/>
</pin_list>
<bind>
<opcode="load(27) " fcode="load"/>
<opset="row/2 "/>
</bind>
</comp>

<comp id="159" class="1004" name="indvar_flatten16_load_load_fu_159">
<pin_list>
<pin id="160" dir="0" index="0" bw="4" slack="1"/>
<pin id="161" dir="1" index="1" bw="4" slack="0"/>
</pin_list>
<bind>
<opcode="load(27) " fcode="load"/>
<opset="indvar_flatten16_load/2 "/>
</bind>
</comp>

<comp id="162" class="1004" name="zext_ln45_fu_162">
<pin_list>
<pin id="163" dir="0" index="0" bw="2" slack="0"/>
<pin id="164" dir="1" index="1" bw="6" slack="0"/>
</pin_list>
<bind>
<opcode="zext(34) " fcode="zext"/>
<opset="zext_ln45/2 "/>
</bind>
</comp>

<comp id="166" class="1004" name="p_shl2_fu_166">
<pin_list>
<pin id="167" dir="0" index="0" bw="5" slack="0"/>
<pin id="168" dir="0" index="1" bw="2" slack="0"/>
<pin id="169" dir="0" index="2" bw="1" slack="0"/>
<pin id="170" dir="1" index="3" bw="5" slack="0"/>
</pin_list>
<bind>
<opcode="bitconcatenate(1004) " fcode="bitconcatenate"/>
<opset="p_shl2/2 "/>
</bind>
</comp>

<comp id="174" class="1004" name="p_shl2_cast_fu_174">
<pin_list>
<pin id="175" dir="0" index="0" bw="5" slack="0"/>
<pin id="176" dir="1" index="1" bw="6" slack="0"/>
</pin_list>
<bind>
<opcode="zext(34) " fcode="zext"/>
<opset="p_shl2_cast/2 "/>
</bind>
</comp>

<comp id="178" class="1004" name="empty_fu_178">
<pin_list>
<pin id="179" dir="0" index="0" bw="5" slack="0"/>
<pin id="180" dir="0" index="1" bw="2" slack="0"/>
<pin id="181" dir="1" index="2" bw="6" slack="1"/>
</pin_list>
<bind>
<opcode="sub(10) " fcode="sub"/>
<opset="empty/2 "/>
</bind>
</comp>

<comp id="184" class="1004" name="icmp_ln45_fu_184">
<pin_list>
<pin id="185" dir="0" index="0" bw="4" slack="0"/>
<pin id="186" dir="0" index="1" bw="3" slack="0"/>
<pin id="187" dir="1" index="2" bw="1" slack="1"/>
</pin_list>
<bind>
<opcode="icmp(45) " fcode="icmp"/>
<opset="icmp_ln45/2 "/>
</bind>
</comp>

<comp id="190" class="1004" name="add_ln45_fu_190">
<pin_list>
<pin id="191" dir="0" index="0" bw="4" slack="0"/>
<pin id="192" dir="0" index="1" bw="1" slack="0"/>
<pin id="193" dir="1" index="2" bw="4" slack="13"/>
</pin_list>
<bind>
<opcode="add(8) " fcode="add"/>
<opset="add_ln45/2 "/>
</bind>
</comp>

<comp id="196" class="1004" name="col_load_load_fu_196">
<pin_list>
<pin id="197" dir="0" index="0" bw="3" slack="1"/>
<pin id="198" dir="1" index="1" bw="3" slack="0"/>
</pin_list>
<bind>
<opcode="load(27) " fcode="load"/>
<opset="col_load/2 "/>
</bind>
</comp>

<comp id="199" class="1004" name="icmp_ln46_fu_199">
<pin_list>
<pin id="200" dir="0" index="0" bw="3" slack="0"/>
<pin id="201" dir="0" index="1" bw="3" slack="0"/>
<pin id="202" dir="1" index="2" bw="1" slack="1"/>
</pin_list>
<bind>
<opcode="icmp(45) " fcode="icmp"/>
<opset="icmp_ln46/2 "/>
</bind>
</comp>

<comp id="205" class="1004" name="indvars_iv_next7740_fu_205">
<pin_list>
<pin id="206" dir="0" index="0" bw="2" slack="0"/>
<pin id="207" dir="0" index="1" bw="1" slack="0"/>
<pin id="208" dir="1" index="2" bw="2" slack="0"/>
</pin_list>
<bind>
<opcode="add(8) " fcode="add"/>
<opset="indvars_iv_next7740/2 "/>
</bind>
</comp>

<comp id="211" class="1004" name="zext_ln45_1_fu_211">
<pin_list>
<pin id="212" dir="0" index="0" bw="2" slack="0"/>
<pin id="213" dir="1" index="1" bw="6" slack="0"/>
</pin_list>
<bind>
<opcode="zext(34) " fcode="zext"/>
<opset="zext_ln45_1/2 "/>
</bind>
</comp>

<comp id="215" class="1004" name="p_shl2_mid1_fu_215">
<pin_list>
<pin id="216" dir="0" index="0" bw="5" slack="0"/>
<pin id="217" dir="0" index="1" bw="2" slack="0"/>
<pin id="218" dir="0" index="2" bw="1" slack="0"/>
<pin id="219" dir="1" index="3" bw="5" slack="0"/>
</pin_list>
<bind>
<opcode="bitconcatenate(1004) " fcode="bitconcatenate"/>
<opset="p_shl2_mid1/2 "/>
</bind>
</comp>

<comp id="223" class="1004" name="p_shl2_cast_mid1_fu_223">
<pin_list>
<pin id="224" dir="0" index="0" bw="5" slack="0"/>
<pin id="225" dir="1" index="1" bw="6" slack="0"/>
</pin_list>
<bind>
<opcode="zext(34) " fcode="zext"/>
<opset="p_shl2_cast_mid1/2 "/>
</bind>
</comp>

<comp id="227" class="1004" name="p_mid114_fu_227">
<pin_list>
<pin id="228" dir="0" index="0" bw="5" slack="0"/>
<pin id="229" dir="0" index="1" bw="2" slack="0"/>
<pin id="230" dir="1" index="2" bw="6" slack="1"/>
</pin_list>
<bind>
<opcode="sub(10) " fcode="sub"/>
<opset="p_mid114/2 "/>
</bind>
</comp>

<comp id="233" class="1004" name="select_ln45_fu_233">
<pin_list>
<pin id="234" dir="0" index="0" bw="1" slack="1"/>
<pin id="235" dir="0" index="1" bw="1" slack="0"/>
<pin id="236" dir="0" index="2" bw="3" slack="1"/>
<pin id="237" dir="1" index="3" bw="3" slack="0"/>
</pin_list>
<bind>
<opcode="select(49) " fcode="select"/>
<opset="select_ln45/3 "/>
</bind>
</comp>

<comp id="239" class="1004" name="select_ln45_1_fu_239">
<pin_list>
<pin id="240" dir="0" index="0" bw="1" slack="1"/>
<pin id="241" dir="0" index="1" bw="6" slack="1"/>
<pin id="242" dir="0" index="2" bw="6" slack="1"/>
<pin id="243" dir="1" index="3" bw="6" slack="0"/>
</pin_list>
<bind>
<opcode="select(49) " fcode="select"/>
<opset="select_ln45_1/3 "/>
</bind>
</comp>

<comp id="244" class="1004" name="col_2_cast_fu_244">
<pin_list>
<pin id="245" dir="0" index="0" bw="3" slack="0"/>
<pin id="246" dir="1" index="1" bw="6" slack="0"/>
</pin_list>
<bind>
<opcode="zext(34) " fcode="zext"/>
<opset="col_2_cast/3 "/>
</bind>
</comp>

<comp id="248" class="1004" name="add_ln47_fu_248">
<pin_list>
<pin id="249" dir="0" index="0" bw="3" slack="0"/>
<pin id="250" dir="0" index="1" bw="6" slack="0"/>
<pin id="251" dir="1" index="2" bw="6" slack="1"/>
</pin_list>
<bind>
<opcode="add(8) " fcode="add"/>
<opset="add_ln47/3 "/>
</bind>
</comp>

<comp id="254" class="1004" name="sext_ln48_fu_254">
<pin_list>
<pin id="255" dir="0" index="0" bw="6" slack="1"/>
<pin id="256" dir="1" index="1" bw="64" slack="0"/>
</pin_list>
<bind>
<opcode="sext(35) " fcode="sext"/>
<opset="sext_ln48/4 "/>
</bind>
</comp>

<comp id="258" class="1004" name="select_ln45_2_fu_258">
<pin_list>
<pin id="259" dir="0" index="0" bw="1" slack="4"/>
<pin id="260" dir="0" index="1" bw="2" slack="4"/>
<pin id="261" dir="0" index="2" bw="2" slack="4"/>
<pin id="262" dir="1" index="3" bw="2" slack="9"/>
</pin_list>
<bind>
<opcode="select(49) " fcode="select"/>
<opset="select_ln45_2/6 "/>
</bind>
</comp>

<comp id="263" class="1004" name="icmp_ln50_fu_263">
<pin_list>
<pin id="264" dir="0" index="0" bw="8" slack="1"/>
<pin id="265" dir="0" index="1" bw="7" slack="0"/>
<pin id="266" dir="1" index="2" bw="1" slack="1"/>
</pin_list>
<bind>
<opcode="icmp(45) " fcode="icmp"/>
<opset="icmp_ln50/6 "/>
</bind>
</comp>

<comp id="268" class="1004" name="zext_ln51_cast_fu_268">
<pin_list>
<pin id="269" dir="0" index="0" bw="4" slack="0"/>
<pin id="270" dir="0" index="1" bw="1" slack="0"/>
<pin id="271" dir="0" index="2" bw="3" slack="3"/>
<pin id="272" dir="1" index="3" bw="4" slack="0"/>
</pin_list>
<bind>
<opcode="bitconcatenate(1004) " fcode="bitconcatenate"/>
<opset="zext_ln51_cast/6 "/>
</bind>
</comp>

<comp id="275" class="1004" name="zext_ln51_fu_275">
<pin_list>
<pin id="276" dir="0" index="0" bw="4" slack="0"/>
<pin id="277" dir="1" index="1" bw="6" slack="0"/>
</pin_list>
<bind>
<opcode="zext(34) " fcode="zext"/>
<opset="zext_ln51/6 "/>
</bind>
</comp>

<comp id="279" class="1004" name="add_ln51_fu_279">
<pin_list>
<pin id="280" dir="0" index="0" bw="4" slack="0"/>
<pin id="281" dir="0" index="1" bw="6" slack="3"/>
<pin id="282" dir="1" index="2" bw="6" slack="1"/>
</pin_list>
<bind>
<opcode="add(8) " fcode="add"/>
<opset="add_ln51/6 "/>
</bind>
</comp>

<comp id="284" class="1004" name="zext_ln51_1_fu_284">
<pin_list>
<pin id="285" dir="0" index="0" bw="6" slack="1"/>
<pin id="286" dir="1" index="1" bw="64" slack="0"/>
</pin_list>
<bind>
<opcode="zext(34) " fcode="zext"/>
<opset="zext_ln51_1/7 "/>
</bind>
</comp>

<comp id="288" class="1004" name="zext_ln52_cast_fu_288">
<pin_list>
<pin id="289" dir="0" index="0" bw="5" slack="0"/>
<pin id="290" dir="0" index="1" bw="2" slack="0"/>
<pin id="291" dir="0" index="2" bw="3" slack="6"/>
<pin id="292" dir="1" index="3" bw="5" slack="0"/>
</pin_list>
<bind>
<opcode="bitconcatenate(1004) " fcode="bitconcatenate"/>
<opset="zext_ln52_cast/9 "/>
</bind>
</comp>

<comp id="295" class="1004" name="zext_ln52_fu_295">
<pin_list>
<pin id="296" dir="0" index="0" bw="5" slack="0"/>
<pin id="297" dir="1" index="1" bw="6" slack="0"/>
</pin_list>
<bind>
<opcode="zext(34) " fcode="zext"/>
<opset="zext_ln52/9 "/>
</bind>
</comp>

<comp id="299" class="1004" name="add_ln52_fu_299">
<pin_list>
<pin id="300" dir="0" index="0" bw="5" slack="0"/>
<pin id="301" dir="0" index="1" bw="6" slack="6"/>
<pin id="302" dir="1" index="2" bw="6" slack="1"/>
</pin_list>
<bind>
<opcode="add(8) " fcode="add"/>
<opset="add_ln52/9 "/>
</bind>
</comp>

<comp id="304" class="1004" name="zext_ln52_1_fu_304">
<pin_list>
<pin id="305" dir="0" index="0" bw="6" slack="1"/>
<pin id="306" dir="1" index="1" bw="64" slack="0"/>
</pin_list>
<bind>
<opcode="zext(34) " fcode="zext"/>
<opset="zext_ln52_1/10 "/>
</bind>
</comp>

<comp id="308" class="1004" name="sext_ln53_fu_308">
<pin_list>
<pin id="309" dir="0" index="0" bw="4" slack="6"/>
<pin id="310" dir="1" index="1" bw="5" slack="0"/>
</pin_list>
<bind>
<opcode="sext(35) " fcode="sext"/>
<opset="sext_ln53/12 "/>
</bind>
</comp>

<comp id="311" class="1004" name="zext_ln53_fu_311">
<pin_list>
<pin id="312" dir="0" index="0" bw="4" slack="0"/>
<pin id="313" dir="1" index="1" bw="6" slack="0"/>
</pin_list>
<bind>
<opcode="zext(34) " fcode="zext"/>
<opset="zext_ln53/12 "/>
</bind>
</comp>

<comp id="315" class="1004" name="add_ln53_fu_315">
<pin_list>
<pin id="316" dir="0" index="0" bw="5" slack="0"/>
<pin id="317" dir="0" index="1" bw="6" slack="9"/>
<pin id="318" dir="1" index="2" bw="6" slack="1"/>
</pin_list>
<bind>
<opcode="add(8) " fcode="add"/>
<opset="add_ln53/12 "/>
</bind>
</comp>

<comp id="320" class="1004" name="zext_ln53_1_fu_320">
<pin_list>
<pin id="321" dir="0" index="0" bw="6" slack="1"/>
<pin id="322" dir="1" index="1" bw="64" slack="0"/>
</pin_list>
<bind>
<opcode="zext(34) " fcode="zext"/>
<opset="zext_ln53_1/13 "/>
</bind>
</comp>

<comp id="324" class="1004" name="add_ln46_fu_324">
<pin_list>
<pin id="325" dir="0" index="0" bw="3" slack="12"/>
<pin id="326" dir="0" index="1" bw="1" slack="0"/>
<pin id="327" dir="1" index="2" bw="3" slack="0"/>
</pin_list>
<bind>
<opcode="add(8) " fcode="add"/>
<opset="add_ln46/15 "/>
</bind>
</comp>

<comp id="329" class="1004" name="store_ln46_store_fu_329">
<pin_list>
<pin id="330" dir="0" index="0" bw="4" slack="13"/>
<pin id="331" dir="0" index="1" bw="4" slack="14"/>
<pin id="332" dir="1" index="2" bw="0" slack="2147483647"/>
</pin_list>
<bind>
<opcode="store(28) " fcode="store"/>
<opset="store_ln46/15 "/>
</bind>
</comp>

<comp id="333" class="1004" name="store_ln46_store_fu_333">
<pin_list>
<pin id="334" dir="0" index="0" bw="2" slack="9"/>
<pin id="335" dir="0" index="1" bw="2" slack="14"/>
<pin id="336" dir="1" index="2" bw="0" slack="2147483647"/>
</pin_list>
<bind>
<opcode="store(28) " fcode="store"/>
<opset="store_ln46/15 "/>
</bind>
</comp>

<comp id="337" class="1004" name="store_ln46_store_fu_337">
<pin_list>
<pin id="338" dir="0" index="0" bw="3" slack="0"/>
<pin id="339" dir="0" index="1" bw="3" slack="14"/>
<pin id="340" dir="1" index="2" bw="0" slack="2147483647"/>
</pin_list>
<bind>
<opcode="store(28) " fcode="store"/>
<opset="store_ln46/15 "/>
</bind>
</comp>

<comp id="342" class="1005" name="col_reg_342">
<pin_list>
<pin id="343" dir="0" index="0" bw="3" slack="0"/>
<pin id="344" dir="1" index="1" bw="3" slack="0"/>
</pin_list>
<bind>
<opset="col "/>
</bind>
</comp>

<comp id="349" class="1005" name="row_1_reg_349">
<pin_list>
<pin id="350" dir="0" index="0" bw="2" slack="0"/>
<pin id="351" dir="1" index="1" bw="2" slack="0"/>
</pin_list>
<bind>
<opset="row_1 "/>
</bind>
</comp>

<comp id="356" class="1005" name="indvar_flatten16_reg_356">
<pin_list>
<pin id="357" dir="0" index="0" bw="4" slack="0"/>
<pin id="358" dir="1" index="1" bw="4" slack="0"/>
</pin_list>
<bind>
<opset="indvar_flatten16 "/>
</bind>
</comp>

<comp id="363" class="1005" name="row_reg_363">
<pin_list>
<pin id="364" dir="0" index="0" bw="2" slack="4"/>
<pin id="365" dir="1" index="1" bw="2" slack="4"/>
</pin_list>
<bind>
<opset="row "/>
</bind>
</comp>

<comp id="368" class="1005" name="empty_reg_368">
<pin_list>
<pin id="369" dir="0" index="0" bw="6" slack="1"/>
<pin id="370" dir="1" index="1" bw="6" slack="1"/>
</pin_list>
<bind>
<opset="empty "/>
</bind>
</comp>

<comp id="373" class="1005" name="icmp_ln45_reg_373">
<pin_list>
<pin id="374" dir="0" index="0" bw="1" slack="1"/>
<pin id="375" dir="1" index="1" bw="1" slack="2147483647"/>
</pin_list>
<bind>
<opset="icmp_ln45 "/>
</bind>
</comp>

<comp id="377" class="1005" name="add_ln45_reg_377">
<pin_list>
<pin id="378" dir="0" index="0" bw="4" slack="13"/>
<pin id="379" dir="1" index="1" bw="4" slack="13"/>
</pin_list>
<bind>
<opset="add_ln45 "/>
</bind>
</comp>

<comp id="382" class="1005" name="col_load_reg_382">
<pin_list>
<pin id="383" dir="0" index="0" bw="3" slack="1"/>
<pin id="384" dir="1" index="1" bw="3" slack="1"/>
</pin_list>
<bind>
<opset="col_load "/>
</bind>
</comp>

<comp id="387" class="1005" name="icmp_ln46_reg_387">
<pin_list>
<pin id="388" dir="0" index="0" bw="1" slack="1"/>
<pin id="389" dir="1" index="1" bw="1" slack="1"/>
</pin_list>
<bind>
<opset="icmp_ln46 "/>
</bind>
</comp>

<comp id="394" class="1005" name="indvars_iv_next7740_reg_394">
<pin_list>
<pin id="395" dir="0" index="0" bw="2" slack="4"/>
<pin id="396" dir="1" index="1" bw="2" slack="4"/>
</pin_list>
<bind>
<opset="indvars_iv_next7740 "/>
</bind>
</comp>

<comp id="399" class="1005" name="p_mid114_reg_399">
<pin_list>
<pin id="400" dir="0" index="0" bw="6" slack="1"/>
<pin id="401" dir="1" index="1" bw="6" slack="1"/>
</pin_list>
<bind>
<opset="p_mid114 "/>
</bind>
</comp>

<comp id="404" class="1005" name="select_ln45_reg_404">
<pin_list>
<pin id="405" dir="0" index="0" bw="3" slack="3"/>
<pin id="406" dir="1" index="1" bw="3" slack="3"/>
</pin_list>
<bind>
<opset="select_ln45 "/>
</bind>
</comp>

<comp id="411" class="1005" name="select_ln45_1_reg_411">
<pin_list>
<pin id="412" dir="0" index="0" bw="6" slack="3"/>
<pin id="413" dir="1" index="1" bw="6" slack="3"/>
</pin_list>
<bind>
<opset="select_ln45_1 "/>
</bind>
</comp>

<comp id="418" class="1005" name="add_ln47_reg_418">
<pin_list>
<pin id="419" dir="0" index="0" bw="6" slack="1"/>
<pin id="420" dir="1" index="1" bw="6" slack="1"/>
</pin_list>
<bind>
<opset="add_ln47 "/>
</bind>
</comp>

<comp id="423" class="1005" name="board_addr_reg_423">
<pin_list>
<pin id="424" dir="0" index="0" bw="6" slack="1"/>
<pin id="425" dir="1" index="1" bw="6" slack="1"/>
</pin_list>
<bind>
<opset="board_addr "/>
</bind>
</comp>

<comp id="428" class="1005" name="symbol_reg_428">
<pin_list>
<pin id="429" dir="0" index="0" bw="8" slack="1"/>
<pin id="430" dir="1" index="1" bw="8" slack="1"/>
</pin_list>
<bind>
<opset="symbol "/>
</bind>
</comp>

<comp id="435" class="1005" name="select_ln45_2_reg_435">
<pin_list>
<pin id="436" dir="0" index="0" bw="2" slack="9"/>
<pin id="437" dir="1" index="1" bw="2" slack="9"/>
</pin_list>
<bind>
<opset="select_ln45_2 "/>
</bind>
</comp>

<comp id="440" class="1005" name="icmp_ln50_reg_440">
<pin_list>
<pin id="441" dir="0" index="0" bw="1" slack="1"/>
<pin id="442" dir="1" index="1" bw="1" slack="2147483647"/>
</pin_list>
<bind>
<opset="icmp_ln50 "/>
</bind>
</comp>

<comp id="444" class="1005" name="zext_ln51_cast_reg_444">
<pin_list>
<pin id="445" dir="0" index="0" bw="4" slack="6"/>
<pin id="446" dir="1" index="1" bw="4" slack="6"/>
</pin_list>
<bind>
<opset="zext_ln51_cast "/>
</bind>
</comp>

<comp id="449" class="1005" name="add_ln51_reg_449">
<pin_list>
<pin id="450" dir="0" index="0" bw="6" slack="1"/>
<pin id="451" dir="1" index="1" bw="6" slack="1"/>
</pin_list>
<bind>
<opset="add_ln51 "/>
</bind>
</comp>

<comp id="454" class="1005" name="board_addr_4_reg_454">
<pin_list>
<pin id="455" dir="0" index="0" bw="6" slack="1"/>
<pin id="456" dir="1" index="1" bw="6" slack="1"/>
</pin_list>
<bind>
<opset="board_addr_4 "/>
</bind>
</comp>

<comp id="459" class="1005" name="icmp_ln51_reg_459">
<pin_list>
<pin id="460" dir="0" index="0" bw="1" slack="1"/>
<pin id="461" dir="1" index="1" bw="1" slack="2147483647"/>
</pin_list>
<bind>
<opset="icmp_ln51 "/>
</bind>
</comp>

<comp id="463" class="1005" name="add_ln52_reg_463">
<pin_list>
<pin id="464" dir="0" index="0" bw="6" slack="1"/>
<pin id="465" dir="1" index="1" bw="6" slack="1"/>
</pin_list>
<bind>
<opset="add_ln52 "/>
</bind>
</comp>

<comp id="468" class="1005" name="board_addr_5_reg_468">
<pin_list>
<pin id="469" dir="0" index="0" bw="6" slack="1"/>
<pin id="470" dir="1" index="1" bw="6" slack="1"/>
</pin_list>
<bind>
<opset="board_addr_5 "/>
</bind>
</comp>

<comp id="473" class="1005" name="icmp_ln52_reg_473">
<pin_list>
<pin id="474" dir="0" index="0" bw="1" slack="1"/>
<pin id="475" dir="1" index="1" bw="1" slack="2147483647"/>
</pin_list>
<bind>
<opset="icmp_ln52 "/>
</bind>
</comp>

<comp id="477" class="1005" name="add_ln53_reg_477">
<pin_list>
<pin id="478" dir="0" index="0" bw="6" slack="1"/>
<pin id="479" dir="1" index="1" bw="6" slack="1"/>
</pin_list>
<bind>
<opset="add_ln53 "/>
</bind>
</comp>

<comp id="482" class="1005" name="board_addr_6_reg_482">
<pin_list>
<pin id="483" dir="0" index="0" bw="6" slack="1"/>
<pin id="484" dir="1" index="1" bw="6" slack="1"/>
</pin_list>
<bind>
<opset="board_addr_6 "/>
</bind>
</comp>

</comp_list>

<net_list>
<net id="67"><net_src comp="4" pin="0"/><net_sink comp="64" pin=0"/></net>

<net id="71"><net_src comp="4" pin="0"/><net_sink comp="68" pin=0"/></net>

<net id="75"><net_src comp="4" pin="0"/><net_sink comp="72" pin=0"/></net>

<net id="81"><net_src comp="60" pin="0"/><net_sink comp="76" pin=0"/></net>

<net id="82"><net_src comp="2" pin="0"/><net_sink comp="76" pin=1"/></net>

<net id="88"><net_src comp="0" pin="0"/><net_sink comp="83" pin=0"/></net>

<net id="89"><net_src comp="36" pin="0"/><net_sink comp="83" pin=1"/></net>

<net id="95"><net_src comp="83" pin="3"/><net_sink comp="90" pin=0"/></net>

<net id="101"><net_src comp="0" pin="0"/><net_sink comp="96" pin=0"/></net>

<net id="102"><net_src comp="36" pin="0"/><net_sink comp="96" pin=1"/></net>

<net id="103"><net_src comp="96" pin="3"/><net_sink comp="90" pin=0"/></net>

<net id="109"><net_src comp="0" pin="0"/><net_sink comp="104" pin=0"/></net>

<net id="110"><net_src comp="36" pin="0"/><net_sink comp="104" pin=1"/></net>

<net id="111"><net_src comp="104" pin="3"/><net_sink comp="90" pin=0"/></net>

<net id="117"><net_src comp="0" pin="0"/><net_sink comp="112" pin=0"/></net>

<net id="118"><net_src comp="36" pin="0"/><net_sink comp="112" pin=1"/></net>

<net id="119"><net_src comp="112" pin="3"/><net_sink comp="90" pin=0"/></net>

<net id="123"><net_src comp="54" pin="0"/><net_sink comp="120" pin=0"/></net>

<net id="130"><net_src comp="120" pin="1"/><net_sink comp="124" pin=0"/></net>

<net id="131"><net_src comp="62" pin="0"/><net_sink comp="124" pin=2"/></net>

<net id="135"><net_src comp="90" pin="3"/><net_sink comp="132" pin=0"/></net>

<net id="140"><net_src comp="132" pin="1"/><net_sink comp="136" pin=1"/></net>

<net id="145"><net_src comp="16" pin="0"/><net_sink comp="141" pin=0"/></net>

<net id="150"><net_src comp="18" pin="0"/><net_sink comp="146" pin=0"/></net>

<net id="155"><net_src comp="20" pin="0"/><net_sink comp="151" pin=0"/></net>

<net id="165"><net_src comp="156" pin="1"/><net_sink comp="162" pin=0"/></net>

<net id="171"><net_src comp="22" pin="0"/><net_sink comp="166" pin=0"/></net>

<net id="172"><net_src comp="156" pin="1"/><net_sink comp="166" pin=1"/></net>

<net id="173"><net_src comp="20" pin="0"/><net_sink comp="166" pin=2"/></net>

<net id="177"><net_src comp="166" pin="3"/><net_sink comp="174" pin=0"/></net>

<net id="182"><net_src comp="174" pin="1"/><net_sink comp="178" pin=0"/></net>

<net id="183"><net_src comp="162" pin="1"/><net_sink comp="178" pin=1"/></net>

<net id="188"><net_src comp="159" pin="1"/><net_sink comp="184" pin=0"/></net>

<net id="189"><net_src comp="28" pin="0"/><net_sink comp="184" pin=1"/></net>

<net id="194"><net_src comp="159" pin="1"/><net_sink comp="190" pin=0"/></net>

<net id="195"><net_src comp="30" pin="0"/><net_sink comp="190" pin=1"/></net>

<net id="203"><net_src comp="196" pin="1"/><net_sink comp="199" pin=0"/></net>

<net id="204"><net_src comp="32" pin="0"/><net_sink comp="199" pin=1"/></net>

<net id="209"><net_src comp="156" pin="1"/><net_sink comp="205" pin=0"/></net>

<net id="210"><net_src comp="34" pin="0"/><net_sink comp="205" pin=1"/></net>

<net id="214"><net_src comp="205" pin="2"/><net_sink comp="211" pin=0"/></net>

<net id="220"><net_src comp="22" pin="0"/><net_sink comp="215" pin=0"/></net>

<net id="221"><net_src comp="205" pin="2"/><net_sink comp="215" pin=1"/></net>

<net id="222"><net_src comp="20" pin="0"/><net_sink comp="215" pin=2"/></net>

<net id="226"><net_src comp="215" pin="3"/><net_sink comp="223" pin=0"/></net>

<net id="231"><net_src comp="223" pin="1"/><net_sink comp="227" pin=0"/></net>

<net id="232"><net_src comp="211" pin="1"/><net_sink comp="227" pin=1"/></net>

<net id="238"><net_src comp="20" pin="0"/><net_sink comp="233" pin=1"/></net>

<net id="247"><net_src comp="233" pin="3"/><net_sink comp="244" pin=0"/></net>

<net id="252"><net_src comp="244" pin="1"/><net_sink comp="248" pin=0"/></net>

<net id="253"><net_src comp="239" pin="3"/><net_sink comp="248" pin=1"/></net>

<net id="257"><net_src comp="254" pin="1"/><net_sink comp="83" pin=2"/></net>

<net id="267"><net_src comp="50" pin="0"/><net_sink comp="263" pin=1"/></net>

<net id="273"><net_src comp="52" pin="0"/><net_sink comp="268" pin=0"/></net>

<net id="274"><net_src comp="54" pin="0"/><net_sink comp="268" pin=1"/></net>

<net id="278"><net_src comp="268" pin="3"/><net_sink comp="275" pin=0"/></net>

<net id="283"><net_src comp="275" pin="1"/><net_sink comp="279" pin=0"/></net>

<net id="287"><net_src comp="284" pin="1"/><net_sink comp="96" pin=2"/></net>

<net id="293"><net_src comp="22" pin="0"/><net_sink comp="288" pin=0"/></net>

<net id="294"><net_src comp="56" pin="0"/><net_sink comp="288" pin=1"/></net>

<net id="298"><net_src comp="288" pin="3"/><net_sink comp="295" pin=0"/></net>

<net id="303"><net_src comp="295" pin="1"/><net_sink comp="299" pin=0"/></net>

<net id="307"><net_src comp="304" pin="1"/><net_sink comp="104" pin=2"/></net>

<net id="314"><net_src comp="308" pin="1"/><net_sink comp="311" pin=0"/></net>

<net id="319"><net_src comp="311" pin="1"/><net_sink comp="315" pin=0"/></net>

<net id="323"><net_src comp="320" pin="1"/><net_sink comp="112" pin=2"/></net>

<net id="328"><net_src comp="58" pin="0"/><net_sink comp="324" pin=1"/></net>

<net id="341"><net_src comp="324" pin="2"/><net_sink comp="337" pin=0"/></net>

<net id="345"><net_src comp="64" pin="1"/><net_sink comp="342" pin=0"/></net>

<net id="346"><net_src comp="342" pin="1"/><net_sink comp="151" pin=1"/></net>

<net id="347"><net_src comp="342" pin="1"/><net_sink comp="196" pin=0"/></net>

<net id="348"><net_src comp="342" pin="1"/><net_sink comp="337" pin=1"/></net>

<net id="352"><net_src comp="68" pin="1"/><net_sink comp="349" pin=0"/></net>

<net id="353"><net_src comp="349" pin="1"/><net_sink comp="146" pin=1"/></net>

<net id="354"><net_src comp="349" pin="1"/><net_sink comp="156" pin=0"/></net>

<net id="355"><net_src comp="349" pin="1"/><net_sink comp="333" pin=1"/></net>

<net id="359"><net_src comp="72" pin="1"/><net_sink comp="356" pin=0"/></net>

<net id="360"><net_src comp="356" pin="1"/><net_sink comp="141" pin=1"/></net>

<net id="361"><net_src comp="356" pin="1"/><net_sink comp="159" pin=0"/></net>

<net id="362"><net_src comp="356" pin="1"/><net_sink comp="329" pin=1"/></net>

<net id="366"><net_src comp="156" pin="1"/><net_sink comp="363" pin=0"/></net>

<net id="367"><net_src comp="363" pin="1"/><net_sink comp="258" pin=2"/></net>

<net id="371"><net_src comp="178" pin="2"/><net_sink comp="368" pin=0"/></net>

<net id="372"><net_src comp="368" pin="1"/><net_sink comp="239" pin=2"/></net>

<net id="376"><net_src comp="184" pin="2"/><net_sink comp="373" pin=0"/></net>

<net id="380"><net_src comp="190" pin="2"/><net_sink comp="377" pin=0"/></net>

<net id="381"><net_src comp="377" pin="1"/><net_sink comp="329" pin=0"/></net>

<net id="385"><net_src comp="196" pin="1"/><net_sink comp="382" pin=0"/></net>

<net id="386"><net_src comp="382" pin="1"/><net_sink comp="233" pin=2"/></net>

<net id="390"><net_src comp="199" pin="2"/><net_sink comp="387" pin=0"/></net>

<net id="391"><net_src comp="387" pin="1"/><net_sink comp="233" pin=0"/></net>

<net id="392"><net_src comp="387" pin="1"/><net_sink comp="239" pin=0"/></net>

<net id="393"><net_src comp="387" pin="1"/><net_sink comp="258" pin=0"/></net>

<net id="397"><net_src comp="205" pin="2"/><net_sink comp="394" pin=0"/></net>

<net id="398"><net_src comp="394" pin="1"/><net_sink comp="258" pin=1"/></net>

<net id="402"><net_src comp="227" pin="2"/><net_sink comp="399" pin=0"/></net>

<net id="403"><net_src comp="399" pin="1"/><net_sink comp="239" pin=1"/></net>

<net id="407"><net_src comp="233" pin="3"/><net_sink comp="404" pin=0"/></net>

<net id="408"><net_src comp="404" pin="1"/><net_sink comp="268" pin=2"/></net>

<net id="409"><net_src comp="404" pin="1"/><net_sink comp="288" pin=2"/></net>

<net id="410"><net_src comp="404" pin="1"/><net_sink comp="324" pin=0"/></net>

<net id="414"><net_src comp="239" pin="3"/><net_sink comp="411" pin=0"/></net>

<net id="415"><net_src comp="411" pin="1"/><net_sink comp="279" pin=1"/></net>

<net id="416"><net_src comp="411" pin="1"/><net_sink comp="299" pin=1"/></net>

<net id="417"><net_src comp="411" pin="1"/><net_sink comp="315" pin=1"/></net>

<net id="421"><net_src comp="248" pin="2"/><net_sink comp="418" pin=0"/></net>

<net id="422"><net_src comp="418" pin="1"/><net_sink comp="254" pin=0"/></net>

<net id="426"><net_src comp="83" pin="3"/><net_sink comp="423" pin=0"/></net>

<net id="427"><net_src comp="423" pin="1"/><net_sink comp="90" pin=0"/></net>

<net id="431"><net_src comp="90" pin="3"/><net_sink comp="428" pin=0"/></net>

<net id="432"><net_src comp="428" pin="1"/><net_sink comp="263" pin=0"/></net>

<net id="433"><net_src comp="428" pin="1"/><net_sink comp="136" pin=0"/></net>

<net id="434"><net_src comp="428" pin="1"/><net_sink comp="76" pin=2"/></net>

<net id="438"><net_src comp="258" pin="3"/><net_sink comp="435" pin=0"/></net>

<net id="439"><net_src comp="435" pin="1"/><net_sink comp="333" pin=0"/></net>

<net id="443"><net_src comp="263" pin="2"/><net_sink comp="440" pin=0"/></net>

<net id="447"><net_src comp="268" pin="3"/><net_sink comp="444" pin=0"/></net>

<net id="448"><net_src comp="444" pin="1"/><net_sink comp="308" pin=0"/></net>

<net id="452"><net_src comp="279" pin="2"/><net_sink comp="449" pin=0"/></net>

<net id="453"><net_src comp="449" pin="1"/><net_sink comp="284" pin=0"/></net>

<net id="457"><net_src comp="96" pin="3"/><net_sink comp="454" pin=0"/></net>

<net id="458"><net_src comp="454" pin="1"/><net_sink comp="90" pin=0"/></net>

<net id="462"><net_src comp="136" pin="2"/><net_sink comp="459" pin=0"/></net>

<net id="466"><net_src comp="299" pin="2"/><net_sink comp="463" pin=0"/></net>

<net id="467"><net_src comp="463" pin="1"/><net_sink comp="304" pin=0"/></net>

<net id="471"><net_src comp="104" pin="3"/><net_sink comp="468" pin=0"/></net>

<net id="472"><net_src comp="468" pin="1"/><net_sink comp="90" pin=0"/></net>

<net id="476"><net_src comp="136" pin="2"/><net_sink comp="473" pin=0"/></net>

<net id="480"><net_src comp="315" pin="2"/><net_sink comp="477" pin=0"/></net>

<net id="481"><net_src comp="477" pin="1"/><net_sink comp="320" pin=0"/></net>

<net id="485"><net_src comp="112" pin="3"/><net_sink comp="482" pin=0"/></net>

<net id="486"><net_src comp="482" pin="1"/><net_sink comp="90" pin=0"/></net>

</net_list>

</model> 
---------------- Datapath Model END ------------------

* FSMD analyzer results:
  - Output states:
	Port: symbol_2_out | {16 }
 - Input state : 
	Port: winning_Pipeline_VITIS_LOOP_45_5_VITIS_LOOP_46_6 : board | {4 5 7 8 10 11 13 14 }
  - Chain level:
	State 1
		store_ln0 : 1
		store_ln0 : 1
		store_ln0 : 1
	State 2
		zext_ln45 : 1
		p_shl2 : 1
		p_shl2_cast : 2
		empty : 3
		icmp_ln45 : 1
		add_ln45 : 1
		br_ln45 : 2
		icmp_ln46 : 1
		indvars_iv_next7740 : 1
		zext_ln45_1 : 2
		p_shl2_mid1 : 2
		p_shl2_cast_mid1 : 3
		p_mid114 : 4
	State 3
		col_2_cast : 1
		add_ln47 : 2
	State 4
		board_addr : 1
		symbol : 2
	State 5
	State 6
		br_ln50 : 1
		zext_ln51 : 1
		add_ln51 : 2
	State 7
		board_addr_4 : 1
		board_load : 2
	State 8
	State 9
		br_ln51 : 1
		zext_ln52 : 1
		add_ln52 : 2
	State 10
		board_addr_5 : 1
		board_load_3 : 2
	State 11
	State 12
		br_ln52 : 1
		zext_ln53 : 1
		add_ln53 : 2
	State 13
		board_addr_6 : 1
		board_load_4 : 2
	State 14
	State 15
		br_ln50 : 1
		store_ln46 : 1
	State 16
		UnifiedRetVal : 1
		ret_ln0 : 2
	State 17


============================================================
+ Verbose Summary: Datapath Resource usage 
============================================================

* Functional unit list:
|----------|----------------------------|---------|---------|
| Operation|       Functional Unit      |    FF   |   LUT   |
|----------|----------------------------|---------|---------|
|          |       add_ln45_fu_190      |    0    |    13   |
|          | indvars_iv_next7740_fu_205 |    0    |    10   |
|          |       add_ln47_fu_248      |    0    |    14   |
|    add   |       add_ln51_fu_279      |    0    |    14   |
|          |       add_ln52_fu_299      |    0    |    14   |
|          |       add_ln53_fu_315      |    0    |    14   |
|          |       add_ln46_fu_324      |    0    |    11   |
|----------|----------------------------|---------|---------|
|          |         grp_fu_136         |    0    |    15   |
|   icmp   |      icmp_ln45_fu_184      |    0    |    13   |
|          |      icmp_ln46_fu_199      |    0    |    11   |
|          |      icmp_ln50_fu_263      |    0    |    15   |
|----------|----------------------------|---------|---------|
|    sub   |        empty_fu_178        |    0    |    13   |
|          |       p_mid114_fu_227      |    0    |    13   |
|----------|----------------------------|---------|---------|
|          |     select_ln45_fu_233     |    0    |    3    |
|  select  |    select_ln45_1_fu_239    |    0    |    6    |
|          |    select_ln45_2_fu_258    |    0    |    2    |
|----------|----------------------------|---------|---------|
|   write  |   write_ln48_write_fu_76   |    0    |    0    |
|----------|----------------------------|---------|---------|
|          |      zext_ln45_fu_162      |    0    |    0    |
|          |     p_shl2_cast_fu_174     |    0    |    0    |
|          |     zext_ln45_1_fu_211     |    0    |    0    |
|          |   p_shl2_cast_mid1_fu_223  |    0    |    0    |
|          |      col_2_cast_fu_244     |    0    |    0    |
|   zext   |      zext_ln51_fu_275      |    0    |    0    |
|          |     zext_ln51_1_fu_284     |    0    |    0    |
|          |      zext_ln52_fu_295      |    0    |    0    |
|          |     zext_ln52_1_fu_304     |    0    |    0    |
|          |      zext_ln53_fu_311      |    0    |    0    |
|          |     zext_ln53_1_fu_320     |    0    |    0    |
|----------|----------------------------|---------|---------|
|          |        p_shl2_fu_166       |    0    |    0    |
|bitconcatenate|     p_shl2_mid1_fu_215     |    0    |    0    |
|          |    zext_ln51_cast_fu_268   |    0    |    0    |
|          |    zext_ln52_cast_fu_288   |    0    |    0    |
|----------|----------------------------|---------|---------|
|   sext   |      sext_ln48_fu_254      |    0    |    0    |
|          |      sext_ln53_fu_308      |    0    |    0    |
|----------|----------------------------|---------|---------|
|   Total  |                            |    0    |   181   |
|----------|----------------------------|---------|---------|

Memories:
N/A

* Register list:
+---------------------------+--------+
|                           |   FF   |
+---------------------------+--------+
|   UnifiedRetVal_reg_120   |    1   |
|      add_ln45_reg_377     |    4   |
|      add_ln47_reg_418     |    6   |
|      add_ln51_reg_449     |    6   |
|      add_ln52_reg_463     |    6   |
|      add_ln53_reg_477     |    6   |
|    board_addr_4_reg_454   |    6   |
|    board_addr_5_reg_468   |    6   |
|    board_addr_6_reg_482   |    6   |
|     board_addr_reg_423    |    6   |
|      col_load_reg_382     |    3   |
|        col_reg_342        |    3   |
|       empty_reg_368       |    6   |
|     icmp_ln45_reg_373     |    1   |
|     icmp_ln46_reg_387     |    1   |
|     icmp_ln50_reg_440     |    1   |
|     icmp_ln51_reg_459     |    1   |
|     icmp_ln52_reg_473     |    1   |
|  indvar_flatten16_reg_356 |    4   |
|indvars_iv_next7740_reg_394|    2   |
|      p_mid114_reg_399     |    6   |
|          reg_132          |    8   |
|       row_1_reg_349       |    2   |
|        row_reg_363        |    2   |
|   select_ln45_1_reg_411   |    6   |
|   select_ln45_2_reg_435   |    2   |
|    select_ln45_reg_404    |    3   |
|       symbol_reg_428      |    8   |
|   zext_ln51_cast_reg_444  |    4   |
+---------------------------+--------+
|           Total           |   117  |
+---------------------------+--------+

* Multiplexer (MUX) list: 
|------------------|------|------|------|--------||---------||---------|
|       Comp       |  Pin | Size |  BW  | S x BW ||  Delay  ||   LUT   |
|------------------|------|------|------|--------||---------||---------|
| grp_access_fu_90 |  p0  |   8  |   6  |   48   ||    42   |
|------------------|------|------|------|--------||---------||---------|
|       Total      |      |      |      |   48   ||  2.3038 ||    42   |
|------------------|------|------|------|--------||---------||---------|



* Summary:
+-----------+--------+--------+--------+
|           |  Delay |   FF   |   LUT  |
+-----------+--------+--------+--------+
|  Function |    -   |    0   |   181  |
|   Memory  |    -   |    -   |    -   |
|Multiplexer|    2   |    -   |   42   |
|  Register |    -   |   117  |    -   |
+-----------+--------+--------+--------+
|   Total   |    2   |   117  |   223  |
+-----------+--------+--------+--------+
