C:\Users\David\Desktop\VP_Vitis_analiza\VP_C4\solution1\.autopilot\db\winning_hls.pp.0.cpp:1320:7: warning: Added loop label VITIS_LOOP_1213_1:   [xilinx-label-all-loops]
      for (i = 0; i < __N - 1; ++i) {
      ^~~
      VITIS_LOOP_1213_1: 
C:\Users\David\Desktop\VP_Vitis_analiza\VP_C4\solution1\.autopilot\db\winning_hls.pp.0.cpp:1320:7: note: FIX-IT applied suggested code changes
C:\Users\David\Desktop\VP_Vitis_analiza\VP_C4\solution1\.autopilot\db\winning_hls.pp.0.cpp:2294:5: warning: Added loop label VITIS_LOOP_676_1:   [xilinx-label-all-loops]
    for (unsigned i = low; i != high; ++i) {
    ^~~
    VITIS_LOOP_676_1: 
C:\Users\David\Desktop\VP_Vitis_analiza\VP_C4\solution1\.autopilot\db\winning_hls.pp.0.cpp:2294:5: note: FIX-IT applied suggested code changes
C:\Users\David\Desktop\VP_Vitis_analiza\VP_C4\solution1\.autopilot\db\winning_hls.pp.0.cpp:2308:5: warning: Added loop label VITIS_LOOP_690_1:   [xilinx-label-all-loops]
    for (unsigned i = low; i != high; ++i) {
    ^~~
    VITIS_LOOP_690_1: 
C:\Users\David\Desktop\VP_Vitis_analiza\VP_C4\solution1\.autopilot\db\winning_hls.pp.0.cpp:2308:5: note: FIX-IT applied suggested code changes
C:\Users\David\Desktop\VP_Vitis_analiza\VP_C4\solution1\.autopilot\db\winning_hls.pp.0.cpp:2322:5: warning: Added loop label VITIS_LOOP_704_1:   [xilinx-label-all-loops]
    for (unsigned i = low; i != high; ++i) {
    ^~~
    VITIS_LOOP_704_1: 
C:\Users\David\Desktop\VP_Vitis_analiza\VP_C4\solution1\.autopilot\db\winning_hls.pp.0.cpp:2322:5: note: FIX-IT applied suggested code changes
C:\Users\David\Desktop\VP_Vitis_analiza\VP_C4\solution1\.autopilot\db\winning_hls.pp.0.cpp:3933:7: warning: Added loop label VITIS_LOOP_1247_1:   [xilinx-label-all-loops]
      for (i = 0; i < __N - 1; ++i) {
      ^~~
      VITIS_LOOP_1247_1: 
C:\Users\David\Desktop\VP_Vitis_analiza\VP_C4\solution1\.autopilot\db\winning_hls.pp.0.cpp:3933:7: note: FIX-IT applied suggested code changes
C:\Users\David\Desktop\VP_Vitis_analiza\VP_C4\solution1\.autopilot\db\winning_hls.pp.0.cpp:5854:2: warning: Added loop label VITIS_LOOP_13_1:   [xilinx-label-all-loops]
 for(int row = 0; row < 6; row++) {
 ^~~
 VITIS_LOOP_13_1: 
C:\Users\David\Desktop\VP_Vitis_analiza\VP_C4\solution1\.autopilot\db\winning_hls.pp.0.cpp:5854:2: note: FIX-IT applied suggested code changes
C:\Users\David\Desktop\VP_Vitis_analiza\VP_C4\solution1\.autopilot\db\winning_hls.pp.0.cpp:5855:9: warning: Added loop label VITIS_LOOP_14_2:   [xilinx-label-all-loops]
        for (int col = 0; col <= 3; col++) {
        ^~~
        VITIS_LOOP_14_2: 
C:\Users\David\Desktop\VP_Vitis_analiza\VP_C4\solution1\.autopilot\db\winning_hls.pp.0.cpp:5855:9: note: FIX-IT applied suggested code changes
C:\Users\David\Desktop\VP_Vitis_analiza\VP_C4\solution1\.autopilot\db\winning_hls.pp.0.cpp:5870:5: warning: Added loop label VITIS_LOOP_29_3:   [xilinx-label-all-loops]
    for (int col = 0; col < 7; col++) {
    ^~~
    VITIS_LOOP_29_3: 
C:\Users\David\Desktop\VP_Vitis_analiza\VP_C4\solution1\.autopilot\db\winning_hls.pp.0.cpp:5870:5: note: FIX-IT applied suggested code changes
C:\Users\David\Desktop\VP_Vitis_analiza\VP_C4\solution1\.autopilot\db\winning_hls.pp.0.cpp:5871:9: warning: Added loop label VITIS_LOOP_30_4:   [xilinx-label-all-loops]
        for (int row = 0; row <= 2; row++) {
        ^~~
        VITIS_LOOP_30_4: 
C:\Users\David\Desktop\VP_Vitis_analiza\VP_C4\solution1\.autopilot\db\winning_hls.pp.0.cpp:5871:9: note: FIX-IT applied suggested code changes
C:\Users\David\Desktop\VP_Vitis_analiza\VP_C4\solution1\.autopilot\db\winning_hls.pp.0.cpp:5886:5: warning: Added loop label VITIS_LOOP_45_5:   [xilinx-label-all-loops]
    for (int row = 0; row <= 2; row++) {
    ^~~
    VITIS_LOOP_45_5: 
C:\Users\David\Desktop\VP_Vitis_analiza\VP_C4\solution1\.autopilot\db\winning_hls.pp.0.cpp:5886:5: note: FIX-IT applied suggested code changes
C:\Users\David\Desktop\VP_Vitis_analiza\VP_C4\solution1\.autopilot\db\winning_hls.pp.0.cpp:5887:9: warning: Added loop label VITIS_LOOP_46_6:   [xilinx-label-all-loops]
        for (int col = 0; col <= 3; col++) {
        ^~~
        VITIS_LOOP_46_6: 
C:\Users\David\Desktop\VP_Vitis_analiza\VP_C4\solution1\.autopilot\db\winning_hls.pp.0.cpp:5887:9: note: FIX-IT applied suggested code changes
C:\Users\David\Desktop\VP_Vitis_analiza\VP_C4\solution1\.autopilot\db\winning_hls.pp.0.cpp:5902:5: warning: Added loop label VITIS_LOOP_61_7:   [xilinx-label-all-loops]
    for (int row = 0; row <= 2; row++) {
    ^~~
    VITIS_LOOP_61_7: 
C:\Users\David\Desktop\VP_Vitis_analiza\VP_C4\solution1\.autopilot\db\winning_hls.pp.0.cpp:5902:5: note: FIX-IT applied suggested code changes
C:\Users\David\Desktop\VP_Vitis_analiza\VP_C4\solution1\.autopilot\db\winning_hls.pp.0.cpp:5903:9: warning: Added loop label VITIS_LOOP_62_8:   [xilinx-label-all-loops]
        for (int col = 3; col < 7; col++) {
        ^~~
        VITIS_LOOP_62_8: 
C:\Users\David\Desktop\VP_Vitis_analiza\VP_C4\solution1\.autopilot\db\winning_hls.pp.0.cpp:5903:9: note: FIX-IT applied suggested code changes
C:\Users\David\Desktop\VP_Vitis_analiza\VP_C4\solution1\.autopilot\db\winning_hls.pp.0.cpp:5918:5: warning: Added loop label VITIS_LOOP_77_9:   [xilinx-label-all-loops]
    for (int i = 0; i < 42; i++) {
    ^~~
    VITIS_LOOP_77_9: 
C:\Users\David\Desktop\VP_Vitis_analiza\VP_C4\solution1\.autopilot\db\winning_hls.pp.0.cpp:5918:5: note: FIX-IT applied suggested code changes
