

================================================================
== Vitis HLS Report for 'winning_Pipeline_VITIS_LOOP_61_7_VITIS_LOOP_62_8'
================================================================
* Date:           Sun Jan 11 21:20:25 2026

* Version:        2023.1 (Build 3854077 on May  4 2023)
* Project:        VP_C4
* Solution:       solution1 (Vivado IP Flow Target)
* Product family: zynq
* Target device:  xc7z020-clg484-1


================================================================
== Performance Estimates
================================================================
+ Timing: 
    * Summary: 
    +--------+---------+----------+------------+
    |  Clock |  Target | Estimated| Uncertainty|
    +--------+---------+----------+------------+
    |ap_clk  |  5.00 ns|  3.605 ns|     1.35 ns|
    +--------+---------+----------+------------+

+ Latency: 
    * Summary: 
    +---------+---------+-----------+----------+-----+-----+---------+
    |  Latency (cycles) |  Latency (absolute)  |  Interval | Pipeline|
    |   min   |   max   |    min    |    max   | min | max |   Type  |
    +---------+---------+-----------+----------+-----+-----+---------+
    |       15|      184|  75.000 ns|  0.920 us|   15|  184|       no|
    +---------+---------+-----------+----------+-----+-----+---------+

    + Detail: 
        * Instance: 
        N/A

        * Loop: 
        +-----------------------------------+---------+---------+----------+-----------+-----------+--------+----------+
        |                                   |  Latency (cycles) | Iteration|  Initiation Interval  |  Trip  |          |
        |             Loop Name             |   min   |   max   |  Latency |  achieved |   target  |  Count | Pipelined|
        +-----------------------------------+---------+---------+----------+-----------+-----------+--------+----------+
        |- VITIS_LOOP_61_7_VITIS_LOOP_62_8  |       13|      181|        14|         14|          1|  0 ~ 12|       yes|
        +-----------------------------------+---------+---------+----------+-----------+-----------+--------+----------+



================================================================
== Utilization Estimates
================================================================
* Summary: 
+-----------------+---------+-----+--------+-------+-----+
|       Name      | BRAM_18K| DSP |   FF   |  LUT  | URAM|
+-----------------+---------+-----+--------+-------+-----+
|DSP              |        -|    -|       -|      -|    -|
|Expression       |        -|    -|       0|    222|    -|
|FIFO             |        -|    -|       -|      -|    -|
|Instance         |        -|    -|       -|      -|    -|
|Memory           |        -|    -|       -|      -|    -|
|Multiplexer      |        -|    -|       -|    157|    -|
|Register         |        -|    -|     110|      -|    -|
+-----------------+---------+-----+--------+-------+-----+
|Total            |        0|    0|     110|    379|    0|
+-----------------+---------+-----+--------+-------+-----+
|Available        |      280|  220|  106400|  53200|    0|
+-----------------+---------+-----+--------+-------+-----+
|Utilization (%)  |        0|    0|      ~0|     ~0|    0|
+-----------------+---------+-----+--------+-------+-----+

+ Detail: 
    * Instance: 
    N/A

    * DSP: 
    N/A

    * Memory: 
    N/A

    * FIFO: 
    N/A

    * Expression: 
    +-------------------------------+----------+----+---+----+------------+------------+
    |         Variable Name         | Operation| DSP| FF| LUT| Bitwidth P0| Bitwidth P1|
    +-------------------------------+----------+----+---+----+------------+------------+
    |add_ln61_fu_194_p2             |         +|   0|  0|  13|           4|           1|
    |add_ln62_fu_333_p2             |         +|   0|  0|  11|           3|           1|
    |add_ln63_fu_252_p2             |         +|   0|  0|  14|           6|           6|
    |add_ln67_1_fu_288_p2           |         +|   0|  0|  14|           6|           6|
    |add_ln67_fu_278_p2             |         +|   0|  0|  13|           4|           3|
    |add_ln68_1_fu_306_p2           |         +|   0|  0|  14|           6|           6|
    |add_ln68_fu_297_p2             |         +|   0|  0|  13|           5|           4|
    |add_ln69_1_fu_324_p2           |         +|   0|  0|  14|           6|           6|
    |add_ln69_fu_315_p2             |         +|   0|  0|  13|           5|           5|
    |indvars_iv_next6046_fu_209_p2  |         +|   0|  0|  10|           2|           1|
    |empty_fu_182_p2                |         -|   0|  0|  14|           6|           6|
    |p_mid124_fu_231_p2             |         -|   0|  0|  14|           6|           6|
    |grp_fu_140_p2                  |      icmp|   0|  0|  15|           8|           8|
    |icmp_ln61_fu_188_p2            |      icmp|   0|  0|  13|           4|           4|
    |icmp_ln62_fu_203_p2            |      icmp|   0|  0|  11|           3|           2|
    |icmp_ln66_fu_273_p2            |      icmp|   0|  0|  15|           8|           6|
    |select_ln61_1_fu_243_p3        |    select|   0|  0|   6|           1|           6|
    |select_ln61_2_fu_262_p3        |    select|   0|  0|   2|           1|           2|
    |select_ln61_fu_237_p3          |    select|   0|  0|   3|           1|           2|
    +-------------------------------+----------+----+---+----+------------+------------+
    |Total                          |          |   0|  0| 222|          85|          81|
    +-------------------------------+----------+----+---+----+------------+------------+

    * Multiplexer: 
    +----------------------------------------+----+-----------+-----+-----------+
    |                  Name                  | LUT| Input Size| Bits| Total Bits|
    +----------------------------------------+----+-----------+-----+-----------+
    |ap_NS_fsm                               |  87|         18|    1|         18|
    |ap_phi_mux_UnifiedRetVal_phi_fu_128_p4  |   9|          2|    1|          2|
    |ap_return                               |   9|          2|    1|          2|
    |board_Addr_A_orig                       |  25|          5|   32|        160|
    |col_fu_68                               |   9|          2|    3|          6|
    |indvar_flatten26_fu_76                  |   9|          2|    4|          8|
    |row_fu_72                               |   9|          2|    2|          4|
    +----------------------------------------+----+-----------+-----+-----------+
    |Total                                   | 157|         33|   44|        200|
    +----------------------------------------+----+-----------+-----+-----------+

    * Register: 
    +-----------------------------+----+----+-----+-----------+
    |             Name            | FF | LUT| Bits| Const Bits|
    +-----------------------------+----+----+-----+-----------+
    |UnifiedRetVal_reg_124        |   1|   0|    1|          0|
    |add_ln61_reg_386             |   4|   0|    4|          0|
    |add_ln63_reg_427             |   6|   0|    6|          0|
    |add_ln67_1_reg_459           |   6|   0|    6|          0|
    |add_ln68_1_reg_473           |   6|   0|    6|          0|
    |add_ln69_1_reg_487           |   6|   0|    6|          0|
    |ap_CS_fsm                    |  17|   0|   17|          0|
    |ap_return_preg               |   1|   0|    1|          0|
    |col_3_cast17_reg_449         |   3|   0|    5|          2|
    |col_fu_68                    |   3|   0|    3|          0|
    |col_load_reg_391             |   3|   0|    3|          0|
    |empty_reg_377                |   6|   0|    6|          0|
    |icmp_ln61_reg_382            |   1|   0|    1|          0|
    |icmp_ln62_reg_396            |   1|   0|    1|          0|
    |icmp_ln66_reg_455            |   1|   0|    1|          0|
    |icmp_ln67_reg_469            |   1|   0|    1|          0|
    |icmp_ln68_reg_483            |   1|   0|    1|          0|
    |indvar_flatten26_fu_76       |   4|   0|    4|          0|
    |indvars_iv_next6046_reg_403  |   2|   0|    2|          0|
    |p_mid124_reg_408             |   6|   0|    6|          0|
    |reg_136                      |   8|   0|    8|          0|
    |row_1_reg_372                |   2|   0|    2|          0|
    |row_fu_72                    |   2|   0|    2|          0|
    |select_ln61_1_reg_420        |   6|   0|    6|          0|
    |select_ln61_2_reg_444        |   2|   0|    2|          0|
    |select_ln61_reg_413          |   3|   0|    3|          0|
    |symbol_reg_437               |   8|   0|    8|          0|
    +-----------------------------+----+----+-----+-----------+
    |Total                        | 110|   0|  112|          2|
    +-----------------------------+----+----+-----+-----------+



================================================================
== Interface
================================================================
* Summary: 
+---------------------+-----+-----+------------+--------------------------------------------------+--------------+
|      RTL Ports      | Dir | Bits|  Protocol  |                   Source Object                  |    C Type    |
+---------------------+-----+-----+------------+--------------------------------------------------+--------------+
|ap_clk               |   in|    1|  ap_ctrl_hs|  winning_Pipeline_VITIS_LOOP_61_7_VITIS_LOOP_62_8|  return value|
|ap_rst               |   in|    1|  ap_ctrl_hs|  winning_Pipeline_VITIS_LOOP_61_7_VITIS_LOOP_62_8|  return value|
|ap_start             |   in|    1|  ap_ctrl_hs|  winning_Pipeline_VITIS_LOOP_61_7_VITIS_LOOP_62_8|  return value|
|ap_done              |  out|    1|  ap_ctrl_hs|  winning_Pipeline_VITIS_LOOP_61_7_VITIS_LOOP_62_8|  return value|
|ap_idle              |  out|    1|  ap_ctrl_hs|  winning_Pipeline_VITIS_LOOP_61_7_VITIS_LOOP_62_8|  return value|
|ap_ready             |  out|    1|  ap_ctrl_hs|  winning_Pipeline_VITIS_LOOP_61_7_VITIS_LOOP_62_8|  return value|
|ap_return            |  out|    1|  ap_ctrl_hs|  winning_Pipeline_VITIS_LOOP_61_7_VITIS_LOOP_62_8|  return value|
|board_Addr_A         |  out|   32|        bram|                                             board|         array|
|board_EN_A           |  out|    1|        bram|                                             board|         array|
|board_WEN_A          |  out|    1|        bram|                                             board|         array|
|board_Din_A          |  out|    8|        bram|                                             board|         array|
|board_Dout_A         |   in|    8|        bram|                                             board|         array|
|symbol_3_out         |  out|    8|      ap_vld|                                      symbol_3_out|       pointer|
|symbol_3_out_ap_vld  |  out|    1|      ap_vld|                                      symbol_3_out|       pointer|
+---------------------+-----+-----+------------+--------------------------------------------------+--------------+

============================================================
+ Verbose Summary: Synthesis Manager
============================================================
InlineROM: 1
ExposeGlobal: 0
============================================================
+ Verbose Summary: CDFG Model
============================================================
IsTopModel: 0
ResetActiveHigh: 1
IsCombinational: 2
IsDatapathOnly: 2
HasWiredReturn: 1
HasMFsm: 2
HasVarLatency: 1
IsPipeline: 0
IsRtlPipelined: 0
IsInstanceOverlapped: 0
IsDontTouch: 0
HasImplIP: 0
IsGatedGlobalClock: 0

+ Individual pipeline summary: 
  * Pipeline-0: initiation interval (II) = 14, depth = 14


============================================================
+ Verbose Summary: Schedule
============================================================
* Number of FSM states : 17
* Pipeline : 1
  Pipeline-0 : II = 14, D = 14, States = { 2 3 4 5 6 7 8 9 10 11 12 13 14 15 }
* Dataflow Pipeline: 0

* FSM state transitions: 
1 --> 2 
2 --> 3 
3 --> 4 
4 --> 5 
5 --> 6 
6 --> 7 
7 --> 8 
8 --> 9 
9 --> 10 
10 --> 11 
11 --> 12 
12 --> 13 
13 --> 14 
14 --> 15 
15 --> 16 17 2 
16 --> 
17 --> 16 

* FSM state operations: 

State 1 <SV = 0> <Delay = 1.58>
ST_1 : Operation 18 [1/1] (0.00ns)   --->   "%col = alloca i32 1"   --->   Operation 18 'alloca' 'col' <Predicate = true> <Delay = 0.00>
ST_1 : Operation 19 [1/1] (0.00ns)   --->   "%row = alloca i32 1"   --->   Operation 19 'alloca' 'row' <Predicate = true> <Delay = 0.00>
ST_1 : Operation 20 [1/1] (0.00ns)   --->   "%indvar_flatten26 = alloca i32 1"   --->   Operation 20 'alloca' 'indvar_flatten26' <Predicate = true> <Delay = 0.00>
ST_1 : Operation 21 [1/1] (0.00ns)   --->   "%specinterface_ln0 = specinterface void @_ssdm_op_SpecInterface, i8 %board, void @empty, i32 0, i32 0, void @empty_0, i32 4294967295, i32 0, void @empty_0, void @empty_0, void @empty_0, i32 0, i32 0, i32 0, i32 0, void @empty_0, void @empty_0, i32 4294967295, i32 0"   --->   Operation 21 'specinterface' 'specinterface_ln0' <Predicate = true> <Delay = 0.00>
ST_1 : Operation 22 [1/1] (1.58ns)   --->   "%store_ln0 = store i4 0, i4 %indvar_flatten26"   --->   Operation 22 'store' 'store_ln0' <Predicate = true> <Delay = 1.58>
ST_1 : Operation 23 [1/1] (1.58ns)   --->   "%store_ln0 = store i2 0, i2 %row"   --->   Operation 23 'store' 'store_ln0' <Predicate = true> <Delay = 1.58>
ST_1 : Operation 24 [1/1] (1.58ns)   --->   "%store_ln0 = store i3 3, i3 %col"   --->   Operation 24 'store' 'store_ln0' <Predicate = true> <Delay = 1.58>
ST_1 : Operation 25 [1/1] (0.00ns)   --->   "%br_ln0 = br void %for.body176"   --->   Operation 25 'br' 'br_ln0' <Predicate = true> <Delay = 0.00>

State 2 <SV = 1> <Delay = 3.34>
ST_2 : Operation 26 [1/1] (0.00ns)   --->   "%row_1 = load i2 %row"   --->   Operation 26 'load' 'row_1' <Predicate = true> <Delay = 0.00>
ST_2 : Operation 27 [1/1] (0.00ns)   --->   "%indvar_flatten26_load = load i4 %indvar_flatten26" [winning_hls.cpp:61]   --->   Operation 27 'load' 'indvar_flatten26_load' <Predicate = true> <Delay = 0.00>
ST_2 : Operation 28 [1/1] (0.00ns)   --->   "%zext_ln61 = zext i2 %row_1" [winning_hls.cpp:61]   --->   Operation 28 'zext' 'zext_ln61' <Predicate = true> <Delay = 0.00>
ST_2 : Operation 29 [1/1] (0.00ns)   --->   "%p_shl3 = bitconcatenate i5 @_ssdm_op_BitConcatenate.i5.i2.i3, i2 %row_1, i3 0"   --->   Operation 29 'bitconcatenate' 'p_shl3' <Predicate = true> <Delay = 0.00>
ST_2 : Operation 30 [1/1] (0.00ns)   --->   "%p_shl3_cast = zext i5 %p_shl3"   --->   Operation 30 'zext' 'p_shl3_cast' <Predicate = true> <Delay = 0.00>
ST_2 : Operation 31 [1/1] (1.78ns)   --->   "%empty = sub i6 %p_shl3_cast, i6 %zext_ln61" [winning_hls.cpp:61]   --->   Operation 31 'sub' 'empty' <Predicate = true> <Delay = 1.78> <CoreInst = "Adder">   --->   Core 1 'Adder' <Latency = 0> <II = 1> <Delay = 1.82> <FuncUnit> <Opcode : 'add' 'sub'> <InPorts = 2> <OutPorts = 1>
ST_2 : Operation 32 [1/1] (0.00ns)   --->   "%specpipeline_ln0 = specpipeline void @_ssdm_op_SpecPipeline, i32 4294967295, i32 0, i32 1, i32 0, void @p_str"   --->   Operation 32 'specpipeline' 'specpipeline_ln0' <Predicate = true> <Delay = 0.00>
ST_2 : Operation 33 [1/1] (1.73ns)   --->   "%icmp_ln61 = icmp_eq  i4 %indvar_flatten26_load, i4 12" [winning_hls.cpp:61]   --->   Operation 33 'icmp' 'icmp_ln61' <Predicate = true> <Delay = 1.73> <CoreInst = "Cmp">   --->   Core 9 'Cmp' <Latency = 0> <II = 1> <Delay = 1.73> <FuncUnit> <Opcode : 'icmp'> <InPorts = 2> <OutPorts = 1>
ST_2 : Operation 34 [1/1] (1.73ns)   --->   "%add_ln61 = add i4 %indvar_flatten26_load, i4 1" [winning_hls.cpp:61]   --->   Operation 34 'add' 'add_ln61' <Predicate = true> <Delay = 1.73> <CoreInst = "Adder">   --->   Core 1 'Adder' <Latency = 0> <II = 1> <Delay = 1.73> <FuncUnit> <Opcode : 'add' 'sub'> <InPorts = 2> <OutPorts = 1>
ST_2 : Operation 35 [1/1] (0.00ns)   --->   "%br_ln61 = br i1 %icmp_ln61, void %for.inc228, void %for.body236.preheader.exitStub" [winning_hls.cpp:61]   --->   Operation 35 'br' 'br_ln61' <Predicate = true> <Delay = 0.00>
ST_2 : Operation 36 [1/1] (0.00ns)   --->   "%col_load = load i3 %col" [winning_hls.cpp:62]   --->   Operation 36 'load' 'col_load' <Predicate = (!icmp_ln61)> <Delay = 0.00>
ST_2 : Operation 37 [1/1] (1.65ns)   --->   "%icmp_ln62 = icmp_eq  i3 %col_load, i3 7" [winning_hls.cpp:62]   --->   Operation 37 'icmp' 'icmp_ln62' <Predicate = (!icmp_ln61)> <Delay = 1.65> <CoreInst = "Cmp">   --->   Core 9 'Cmp' <Latency = 0> <II = 1> <Delay = 1.65> <FuncUnit> <Opcode : 'icmp'> <InPorts = 2> <OutPorts = 1>
ST_2 : Operation 38 [1/1] (1.56ns)   --->   "%indvars_iv_next6046 = add i2 %row_1, i2 1"   --->   Operation 38 'add' 'indvars_iv_next6046' <Predicate = (!icmp_ln61)> <Delay = 1.56> <CoreInst = "Adder">   --->   Core 1 'Adder' <Latency = 0> <II = 1> <Delay = 1.56> <FuncUnit> <Opcode : 'add' 'sub'> <InPorts = 2> <OutPorts = 1>
ST_2 : Operation 39 [1/1] (0.00ns)   --->   "%zext_ln61_1 = zext i2 %indvars_iv_next6046" [winning_hls.cpp:61]   --->   Operation 39 'zext' 'zext_ln61_1' <Predicate = (!icmp_ln61)> <Delay = 0.00>
ST_2 : Operation 40 [1/1] (0.00ns)   --->   "%p_shl3_mid1 = bitconcatenate i5 @_ssdm_op_BitConcatenate.i5.i2.i3, i2 %indvars_iv_next6046, i3 0"   --->   Operation 40 'bitconcatenate' 'p_shl3_mid1' <Predicate = (!icmp_ln61)> <Delay = 0.00>
ST_2 : Operation 41 [1/1] (0.00ns)   --->   "%p_shl3_cast_mid1 = zext i5 %p_shl3_mid1"   --->   Operation 41 'zext' 'p_shl3_cast_mid1' <Predicate = (!icmp_ln61)> <Delay = 0.00>
ST_2 : Operation 42 [1/1] (1.78ns)   --->   "%p_mid124 = sub i6 %p_shl3_cast_mid1, i6 %zext_ln61_1" [winning_hls.cpp:61]   --->   Operation 42 'sub' 'p_mid124' <Predicate = (!icmp_ln61)> <Delay = 1.78> <CoreInst = "Adder">   --->   Core 1 'Adder' <Latency = 0> <II = 1> <Delay = 1.82> <FuncUnit> <Opcode : 'add' 'sub'> <InPorts = 2> <OutPorts = 1>

State 3 <SV = 2> <Delay = 3.01>
ST_3 : Operation 43 [1/1] (0.98ns)   --->   "%select_ln61 = select i1 %icmp_ln62, i3 3, i3 %col_load" [winning_hls.cpp:61]   --->   Operation 43 'select' 'select_ln61' <Predicate = (!icmp_ln61)> <Delay = 0.98> <CoreInst = "Sel">   --->   Core 73 'Sel' <Latency = 0> <II = 1> <Delay = 0.98> <FuncUnit> <Opcode : 'select'> <InPorts = 3> <OutPorts = 1>
ST_3 : Operation 44 [1/1] (1.18ns)   --->   "%select_ln61_1 = select i1 %icmp_ln62, i6 %p_mid124, i6 %empty" [winning_hls.cpp:61]   --->   Operation 44 'select' 'select_ln61_1' <Predicate = (!icmp_ln61)> <Delay = 1.18> <CoreInst = "Sel">   --->   Core 73 'Sel' <Latency = 0> <II = 1> <Delay = 1.18> <FuncUnit> <Opcode : 'select'> <InPorts = 3> <OutPorts = 1>
ST_3 : Operation 45 [1/1] (0.00ns)   --->   "%col_3_cast14 = zext i3 %select_ln61" [winning_hls.cpp:61]   --->   Operation 45 'zext' 'col_3_cast14' <Predicate = (!icmp_ln61)> <Delay = 0.00>
ST_3 : Operation 46 [1/1] (1.82ns)   --->   "%add_ln63 = add i6 %col_3_cast14, i6 %select_ln61_1" [winning_hls.cpp:63]   --->   Operation 46 'add' 'add_ln63' <Predicate = (!icmp_ln61)> <Delay = 1.82> <CoreInst = "Adder">   --->   Core 1 'Adder' <Latency = 0> <II = 1> <Delay = 1.82> <FuncUnit> <Opcode : 'add' 'sub'> <InPorts = 2> <OutPorts = 1>

State 4 <SV = 3> <Delay = 2.32>
ST_4 : Operation 47 [1/1] (0.00ns)   --->   "%zext_ln64 = zext i6 %add_ln63" [winning_hls.cpp:64]   --->   Operation 47 'zext' 'zext_ln64' <Predicate = (!icmp_ln61)> <Delay = 0.00>
ST_4 : Operation 48 [1/1] (0.00ns)   --->   "%board_addr = getelementptr i8 %board, i64 0, i64 %zext_ln64" [winning_hls.cpp:64]   --->   Operation 48 'getelementptr' 'board_addr' <Predicate = (!icmp_ln61)> <Delay = 0.00>
ST_4 : Operation 49 [2/2] (2.32ns)   --->   "%symbol = load i6 %board_addr" [winning_hls.cpp:64]   --->   Operation 49 'load' 'symbol' <Predicate = (!icmp_ln61)> <Delay = 2.32> <CoreInst = "RAM">   --->   Core 82 'RAM' <Latency = 1> <II = 1> <Delay = 2.32> <Storage> <Opcode : 'load' 'store'> <Ports = 2> <Width = 8> <Depth = 42> <RAM>

State 5 <SV = 4> <Delay = 2.32>
ST_5 : Operation 50 [1/2] (2.32ns)   --->   "%symbol = load i6 %board_addr" [winning_hls.cpp:64]   --->   Operation 50 'load' 'symbol' <Predicate = (!icmp_ln61)> <Delay = 2.32> <CoreInst = "RAM">   --->   Core 82 'RAM' <Latency = 1> <II = 1> <Delay = 2.32> <Storage> <Opcode : 'load' 'store'> <Ports = 2> <Width = 8> <Depth = 42> <RAM>

State 6 <SV = 5> <Delay = 3.56>
ST_6 : Operation 51 [1/1] (0.00ns)   --->   "%specloopname_ln0 = specloopname void @_ssdm_op_SpecLoopName, void @VITIS_LOOP_61_7_VITIS_LOOP_62_8_str"   --->   Operation 51 'specloopname' 'specloopname_ln0' <Predicate = (!icmp_ln61)> <Delay = 0.00>
ST_6 : Operation 52 [1/1] (0.00ns)   --->   "%speclooptripcount_ln0 = speclooptripcount void @_ssdm_op_SpecLoopTripCount, i64 0, i64 12, i64 2"   --->   Operation 52 'speclooptripcount' 'speclooptripcount_ln0' <Predicate = (!icmp_ln61)> <Delay = 0.00>
ST_6 : Operation 53 [1/1] (0.00ns)   --->   "%specpipeline_ln0 = specpipeline void @_ssdm_op_SpecPipeline, i32 4294967295, i32 0, i32 1, i32 0, void @p_str"   --->   Operation 53 'specpipeline' 'specpipeline_ln0' <Predicate = (!icmp_ln61)> <Delay = 0.00>
ST_6 : Operation 54 [1/1] (0.99ns)   --->   "%select_ln61_2 = select i1 %icmp_ln62, i2 %indvars_iv_next6046, i2 %row_1" [winning_hls.cpp:61]   --->   Operation 54 'select' 'select_ln61_2' <Predicate = (!icmp_ln61)> <Delay = 0.99> <CoreInst = "Sel">   --->   Core 73 'Sel' <Latency = 0> <II = 1> <Delay = 0.99> <FuncUnit> <Opcode : 'select'> <InPorts = 3> <OutPorts = 1>
ST_6 : Operation 55 [1/1] (0.00ns)   --->   "%col_3_cast17 = zext i3 %select_ln61" [winning_hls.cpp:61]   --->   Operation 55 'zext' 'col_3_cast17' <Predicate = (!icmp_ln61)> <Delay = 0.00>
ST_6 : Operation 56 [1/1] (0.00ns)   --->   "%col_3_cast = zext i3 %select_ln61" [winning_hls.cpp:61]   --->   Operation 56 'zext' 'col_3_cast' <Predicate = (!icmp_ln61)> <Delay = 0.00>
ST_6 : Operation 57 [1/1] (0.00ns)   --->   "%specloopname_ln62 = specloopname void @_ssdm_op_SpecLoopName, void @empty_5" [winning_hls.cpp:62]   --->   Operation 57 'specloopname' 'specloopname_ln62' <Predicate = (!icmp_ln61)> <Delay = 0.00>
ST_6 : Operation 58 [1/1] (1.91ns)   --->   "%icmp_ln66 = icmp_eq  i8 %symbol, i8 32" [winning_hls.cpp:66]   --->   Operation 58 'icmp' 'icmp_ln66' <Predicate = (!icmp_ln61)> <Delay = 1.91> <CoreInst = "Cmp">   --->   Core 9 'Cmp' <Latency = 0> <II = 1> <Delay = 1.91> <FuncUnit> <Opcode : 'icmp'> <InPorts = 2> <OutPorts = 1>
ST_6 : Operation 59 [1/1] (0.00ns)   --->   "%br_ln66 = br i1 %icmp_ln66, void %land.lhs.true185, void %if.end218" [winning_hls.cpp:66]   --->   Operation 59 'br' 'br_ln66' <Predicate = (!icmp_ln61)> <Delay = 0.00>
ST_6 : Operation 60 [1/1] (1.73ns)   --->   "%add_ln67 = add i4 %col_3_cast, i4 6" [winning_hls.cpp:67]   --->   Operation 60 'add' 'add_ln67' <Predicate = (!icmp_ln61 & !icmp_ln66)> <Delay = 1.73> <CoreInst = "Adder">   --->   Core 1 'Adder' <Latency = 0> <II = 1> <Delay = 1.73> <FuncUnit> <Opcode : 'add' 'sub'> <InPorts = 2> <OutPorts = 1>
ST_6 : Operation 61 [1/1] (0.00ns)   --->   "%zext_ln67 = zext i4 %add_ln67" [winning_hls.cpp:67]   --->   Operation 61 'zext' 'zext_ln67' <Predicate = (!icmp_ln61 & !icmp_ln66)> <Delay = 0.00>
ST_6 : Operation 62 [1/1] (1.82ns)   --->   "%add_ln67_1 = add i6 %zext_ln67, i6 %select_ln61_1" [winning_hls.cpp:67]   --->   Operation 62 'add' 'add_ln67_1' <Predicate = (!icmp_ln61 & !icmp_ln66)> <Delay = 1.82> <CoreInst = "Adder">   --->   Core 1 'Adder' <Latency = 0> <II = 1> <Delay = 1.82> <FuncUnit> <Opcode : 'add' 'sub'> <InPorts = 2> <OutPorts = 1>

State 7 <SV = 6> <Delay = 2.32>
ST_7 : Operation 63 [1/1] (0.00ns)   --->   "%zext_ln67_1 = zext i6 %add_ln67_1" [winning_hls.cpp:67]   --->   Operation 63 'zext' 'zext_ln67_1' <Predicate = (!icmp_ln61 & !icmp_ln66)> <Delay = 0.00>
ST_7 : Operation 64 [1/1] (0.00ns)   --->   "%board_addr_1 = getelementptr i8 %board, i64 0, i64 %zext_ln67_1" [winning_hls.cpp:67]   --->   Operation 64 'getelementptr' 'board_addr_1' <Predicate = (!icmp_ln61 & !icmp_ln66)> <Delay = 0.00>
ST_7 : Operation 65 [2/2] (2.32ns)   --->   "%board_load = load i6 %board_addr_1" [winning_hls.cpp:67]   --->   Operation 65 'load' 'board_load' <Predicate = (!icmp_ln61 & !icmp_ln66)> <Delay = 2.32> <CoreInst = "RAM">   --->   Core 82 'RAM' <Latency = 1> <II = 1> <Delay = 2.32> <Storage> <Opcode : 'load' 'store'> <Ports = 2> <Width = 8> <Depth = 42> <RAM>

State 8 <SV = 7> <Delay = 2.32>
ST_8 : Operation 66 [1/2] (2.32ns)   --->   "%board_load = load i6 %board_addr_1" [winning_hls.cpp:67]   --->   Operation 66 'load' 'board_load' <Predicate = (!icmp_ln61 & !icmp_ln66)> <Delay = 2.32> <CoreInst = "RAM">   --->   Core 82 'RAM' <Latency = 1> <II = 1> <Delay = 2.32> <Storage> <Opcode : 'load' 'store'> <Ports = 2> <Width = 8> <Depth = 42> <RAM>

State 9 <SV = 8> <Delay = 3.60>
ST_9 : Operation 67 [1/1] (1.91ns)   --->   "%icmp_ln67 = icmp_eq  i8 %symbol, i8 %board_load" [winning_hls.cpp:67]   --->   Operation 67 'icmp' 'icmp_ln67' <Predicate = (!icmp_ln61 & !icmp_ln66)> <Delay = 1.91> <CoreInst = "Cmp">   --->   Core 9 'Cmp' <Latency = 0> <II = 1> <Delay = 1.91> <FuncUnit> <Opcode : 'icmp'> <InPorts = 2> <OutPorts = 1>
ST_9 : Operation 68 [1/1] (0.00ns)   --->   "%br_ln67 = br i1 %icmp_ln67, void %if.end218, void %land.lhs.true194" [winning_hls.cpp:67]   --->   Operation 68 'br' 'br_ln67' <Predicate = (!icmp_ln61 & !icmp_ln66)> <Delay = 0.00>
ST_9 : Operation 69 [1/1] (1.78ns)   --->   "%add_ln68 = add i5 %col_3_cast17, i5 12" [winning_hls.cpp:68]   --->   Operation 69 'add' 'add_ln68' <Predicate = (!icmp_ln61 & !icmp_ln66 & icmp_ln67)> <Delay = 1.78> <CoreInst = "Adder">   --->   Core 1 'Adder' <Latency = 0> <II = 1> <Delay = 1.78> <FuncUnit> <Opcode : 'add' 'sub'> <InPorts = 2> <OutPorts = 1>
ST_9 : Operation 70 [1/1] (0.00ns)   --->   "%zext_ln68 = zext i5 %add_ln68" [winning_hls.cpp:68]   --->   Operation 70 'zext' 'zext_ln68' <Predicate = (!icmp_ln61 & !icmp_ln66 & icmp_ln67)> <Delay = 0.00>
ST_9 : Operation 71 [1/1] (1.82ns)   --->   "%add_ln68_1 = add i6 %zext_ln68, i6 %select_ln61_1" [winning_hls.cpp:68]   --->   Operation 71 'add' 'add_ln68_1' <Predicate = (!icmp_ln61 & !icmp_ln66 & icmp_ln67)> <Delay = 1.82> <CoreInst = "Adder">   --->   Core 1 'Adder' <Latency = 0> <II = 1> <Delay = 1.82> <FuncUnit> <Opcode : 'add' 'sub'> <InPorts = 2> <OutPorts = 1>

State 10 <SV = 9> <Delay = 2.32>
ST_10 : Operation 72 [1/1] (0.00ns)   --->   "%zext_ln68_1 = zext i6 %add_ln68_1" [winning_hls.cpp:68]   --->   Operation 72 'zext' 'zext_ln68_1' <Predicate = (!icmp_ln61 & !icmp_ln66 & icmp_ln67)> <Delay = 0.00>
ST_10 : Operation 73 [1/1] (0.00ns)   --->   "%board_addr_2 = getelementptr i8 %board, i64 0, i64 %zext_ln68_1" [winning_hls.cpp:68]   --->   Operation 73 'getelementptr' 'board_addr_2' <Predicate = (!icmp_ln61 & !icmp_ln66 & icmp_ln67)> <Delay = 0.00>
ST_10 : Operation 74 [2/2] (2.32ns)   --->   "%board_load_1 = load i6 %board_addr_2" [winning_hls.cpp:68]   --->   Operation 74 'load' 'board_load_1' <Predicate = (!icmp_ln61 & !icmp_ln66 & icmp_ln67)> <Delay = 2.32> <CoreInst = "RAM">   --->   Core 82 'RAM' <Latency = 1> <II = 1> <Delay = 2.32> <Storage> <Opcode : 'load' 'store'> <Ports = 2> <Width = 8> <Depth = 42> <RAM>

State 11 <SV = 10> <Delay = 2.32>
ST_11 : Operation 75 [1/2] (2.32ns)   --->   "%board_load_1 = load i6 %board_addr_2" [winning_hls.cpp:68]   --->   Operation 75 'load' 'board_load_1' <Predicate = (!icmp_ln61 & !icmp_ln66 & icmp_ln67)> <Delay = 2.32> <CoreInst = "RAM">   --->   Core 82 'RAM' <Latency = 1> <II = 1> <Delay = 2.32> <Storage> <Opcode : 'load' 'store'> <Ports = 2> <Width = 8> <Depth = 42> <RAM>

State 12 <SV = 11> <Delay = 3.60>
ST_12 : Operation 76 [1/1] (1.91ns)   --->   "%icmp_ln68 = icmp_eq  i8 %symbol, i8 %board_load_1" [winning_hls.cpp:68]   --->   Operation 76 'icmp' 'icmp_ln68' <Predicate = (!icmp_ln61 & !icmp_ln66 & icmp_ln67)> <Delay = 1.91> <CoreInst = "Cmp">   --->   Core 9 'Cmp' <Latency = 0> <II = 1> <Delay = 1.91> <FuncUnit> <Opcode : 'icmp'> <InPorts = 2> <OutPorts = 1>
ST_12 : Operation 77 [1/1] (0.00ns)   --->   "%br_ln68 = br i1 %icmp_ln68, void %if.end218, void %land.lhs.true204" [winning_hls.cpp:68]   --->   Operation 77 'br' 'br_ln68' <Predicate = (!icmp_ln61 & !icmp_ln66 & icmp_ln67)> <Delay = 0.00>
ST_12 : Operation 78 [1/1] (1.78ns)   --->   "%add_ln69 = add i5 %col_3_cast17, i5 18" [winning_hls.cpp:69]   --->   Operation 78 'add' 'add_ln69' <Predicate = (!icmp_ln61 & !icmp_ln66 & icmp_ln67 & icmp_ln68)> <Delay = 1.78> <CoreInst = "Adder">   --->   Core 1 'Adder' <Latency = 0> <II = 1> <Delay = 1.78> <FuncUnit> <Opcode : 'add' 'sub'> <InPorts = 2> <OutPorts = 1>
ST_12 : Operation 79 [1/1] (0.00ns)   --->   "%zext_ln69 = zext i5 %add_ln69" [winning_hls.cpp:69]   --->   Operation 79 'zext' 'zext_ln69' <Predicate = (!icmp_ln61 & !icmp_ln66 & icmp_ln67 & icmp_ln68)> <Delay = 0.00>
ST_12 : Operation 80 [1/1] (1.82ns)   --->   "%add_ln69_1 = add i6 %zext_ln69, i6 %select_ln61_1" [winning_hls.cpp:69]   --->   Operation 80 'add' 'add_ln69_1' <Predicate = (!icmp_ln61 & !icmp_ln66 & icmp_ln67 & icmp_ln68)> <Delay = 1.82> <CoreInst = "Adder">   --->   Core 1 'Adder' <Latency = 0> <II = 1> <Delay = 1.82> <FuncUnit> <Opcode : 'add' 'sub'> <InPorts = 2> <OutPorts = 1>

State 13 <SV = 12> <Delay = 2.32>
ST_13 : Operation 81 [1/1] (0.00ns)   --->   "%zext_ln69_1 = zext i6 %add_ln69_1" [winning_hls.cpp:69]   --->   Operation 81 'zext' 'zext_ln69_1' <Predicate = (!icmp_ln61 & !icmp_ln66 & icmp_ln67 & icmp_ln68)> <Delay = 0.00>
ST_13 : Operation 82 [1/1] (0.00ns)   --->   "%board_addr_3 = getelementptr i8 %board, i64 0, i64 %zext_ln69_1" [winning_hls.cpp:69]   --->   Operation 82 'getelementptr' 'board_addr_3' <Predicate = (!icmp_ln61 & !icmp_ln66 & icmp_ln67 & icmp_ln68)> <Delay = 0.00>
ST_13 : Operation 83 [2/2] (2.32ns)   --->   "%board_load_2 = load i6 %board_addr_3" [winning_hls.cpp:69]   --->   Operation 83 'load' 'board_load_2' <Predicate = (!icmp_ln61 & !icmp_ln66 & icmp_ln67 & icmp_ln68)> <Delay = 2.32> <CoreInst = "RAM">   --->   Core 82 'RAM' <Latency = 1> <II = 1> <Delay = 2.32> <Storage> <Opcode : 'load' 'store'> <Ports = 2> <Width = 8> <Depth = 42> <RAM>

State 14 <SV = 13> <Delay = 2.32>
ST_14 : Operation 84 [1/2] (2.32ns)   --->   "%board_load_2 = load i6 %board_addr_3" [winning_hls.cpp:69]   --->   Operation 84 'load' 'board_load_2' <Predicate = (!icmp_ln61 & !icmp_ln66 & icmp_ln67 & icmp_ln68)> <Delay = 2.32> <CoreInst = "RAM">   --->   Core 82 'RAM' <Latency = 1> <II = 1> <Delay = 2.32> <Storage> <Opcode : 'load' 'store'> <Ports = 2> <Width = 8> <Depth = 42> <RAM>

State 15 <SV = 14> <Delay = 3.50>
ST_15 : Operation 85 [1/1] (1.91ns)   --->   "%icmp_ln69 = icmp_eq  i8 %symbol, i8 %board_load_2" [winning_hls.cpp:69]   --->   Operation 85 'icmp' 'icmp_ln69' <Predicate = (!icmp_ln61 & !icmp_ln66 & icmp_ln67 & icmp_ln68)> <Delay = 1.91> <CoreInst = "Cmp">   --->   Core 9 'Cmp' <Latency = 0> <II = 1> <Delay = 1.91> <FuncUnit> <Opcode : 'icmp'> <InPorts = 2> <OutPorts = 1>
ST_15 : Operation 86 [1/1] (0.00ns)   --->   "%br_ln66 = br i1 %icmp_ln69, void %if.end218, void %cleanup230.exitStub" [winning_hls.cpp:66]   --->   Operation 86 'br' 'br_ln66' <Predicate = (!icmp_ln61 & !icmp_ln66 & icmp_ln67 & icmp_ln68)> <Delay = 0.00>
ST_15 : Operation 87 [1/1] (1.65ns)   --->   "%add_ln62 = add i3 %select_ln61, i3 1" [winning_hls.cpp:62]   --->   Operation 87 'add' 'add_ln62' <Predicate = (!icmp_ln61 & !icmp_ln69) | (!icmp_ln61 & !icmp_ln68) | (!icmp_ln61 & !icmp_ln67) | (!icmp_ln61 & icmp_ln66)> <Delay = 1.65> <CoreInst = "Adder">   --->   Core 1 'Adder' <Latency = 0> <II = 1> <Delay = 1.65> <FuncUnit> <Opcode : 'add' 'sub'> <InPorts = 2> <OutPorts = 1>
ST_15 : Operation 88 [1/1] (1.58ns)   --->   "%store_ln62 = store i4 %add_ln61, i4 %indvar_flatten26" [winning_hls.cpp:62]   --->   Operation 88 'store' 'store_ln62' <Predicate = (!icmp_ln61 & !icmp_ln69) | (!icmp_ln61 & !icmp_ln68) | (!icmp_ln61 & !icmp_ln67) | (!icmp_ln61 & icmp_ln66)> <Delay = 1.58>
ST_15 : Operation 89 [1/1] (1.58ns)   --->   "%store_ln62 = store i2 %select_ln61_2, i2 %row" [winning_hls.cpp:62]   --->   Operation 89 'store' 'store_ln62' <Predicate = (!icmp_ln61 & !icmp_ln69) | (!icmp_ln61 & !icmp_ln68) | (!icmp_ln61 & !icmp_ln67) | (!icmp_ln61 & icmp_ln66)> <Delay = 1.58>
ST_15 : Operation 90 [1/1] (1.58ns)   --->   "%store_ln62 = store i3 %add_ln62, i3 %col" [winning_hls.cpp:62]   --->   Operation 90 'store' 'store_ln62' <Predicate = (!icmp_ln61 & !icmp_ln69) | (!icmp_ln61 & !icmp_ln68) | (!icmp_ln61 & !icmp_ln67) | (!icmp_ln61 & icmp_ln66)> <Delay = 1.58>
ST_15 : Operation 91 [1/1] (0.00ns)   --->   "%br_ln62 = br void %for.body176" [winning_hls.cpp:62]   --->   Operation 91 'br' 'br_ln62' <Predicate = (!icmp_ln61 & !icmp_ln69) | (!icmp_ln61 & !icmp_ln68) | (!icmp_ln61 & !icmp_ln67) | (!icmp_ln61 & icmp_ln66)> <Delay = 0.00>

State 16 <SV = 15> <Delay = 1.58>
ST_16 : Operation 92 [1/1] (0.00ns)   --->   "%write_ln64 = write void @_ssdm_op_Write.ap_auto.i8P0A, i8 %symbol_3_out, i8 %symbol" [winning_hls.cpp:64]   --->   Operation 92 'write' 'write_ln64' <Predicate = (!icmp_ln61)> <Delay = 0.00>
ST_16 : Operation 93 [1/1] (1.58ns)   --->   "%br_ln0 = br void %UnifiedReturnBlock"   --->   Operation 93 'br' 'br_ln0' <Predicate = (!icmp_ln61)> <Delay = 1.58>
ST_16 : Operation 94 [1/1] (0.00ns)   --->   "%UnifiedRetVal = phi i1 1, void %for.body236.preheader.exitStub, i1 0, void %cleanup230.exitStub"   --->   Operation 94 'phi' 'UnifiedRetVal' <Predicate = true> <Delay = 0.00>
ST_16 : Operation 95 [1/1] (0.00ns)   --->   "%ret_ln0 = ret i1 %UnifiedRetVal"   --->   Operation 95 'ret' 'ret_ln0' <Predicate = true> <Delay = 0.00>

State 17 <SV = 2> <Delay = 1.58>
ST_17 : Operation 96 [1/1] (1.58ns)   --->   "%br_ln0 = br void %UnifiedReturnBlock"   --->   Operation 96 'br' 'br_ln0' <Predicate = true> <Delay = 1.58>


============================================================
+ Verbose Summary: Binding
============================================================
STG Binding: 
---------------- STG Properties BEGIN ----------------
- Is combinational: 0
- Is one-state seq: 0
- Is datapath-only: 0
- Is pipelined: 0
- Is top level: 0
Port [ Return ] is wired: 1; IO mode=ap_ctrl_hs:ce=0
Port [ board]:  wired=1; compound=1; hidden=0; nouse=0; global=0; static=0; extern=0; dir=0; type=1; pingpong=0; private_global=0; MemPort=[13]; IO mode=bram:ce=0
Port [ symbol_3_out]:  wired=1; compound=0; hidden=0; nouse=0; global=0; static=0; extern=0; dir=1; type=0; pingpong=0; private_global=0; IO mode=ap_vld:ce=0
---------------- STG Properties END ------------------

---------------- Datapath Model BEGIN ----------------

<LifeTime>
<method=bitvector/>
col                   (alloca           ) [ 011111111111111100]
row                   (alloca           ) [ 011111111111111100]
indvar_flatten26      (alloca           ) [ 011111111111111100]
specinterface_ln0     (specinterface    ) [ 000000000000000000]
store_ln0             (store            ) [ 000000000000000000]
store_ln0             (store            ) [ 000000000000000000]
store_ln0             (store            ) [ 000000000000000000]
br_ln0                (br               ) [ 000000000000000000]
row_1                 (load             ) [ 000111100000000000]
indvar_flatten26_load (load             ) [ 000000000000000000]
zext_ln61             (zext             ) [ 000000000000000000]
p_shl3                (bitconcatenate   ) [ 000000000000000000]
p_shl3_cast           (zext             ) [ 000000000000000000]
empty                 (sub              ) [ 000100000000000000]
specpipeline_ln0      (specpipeline     ) [ 000000000000000000]
icmp_ln61             (icmp             ) [ 001111111111111111]
add_ln61              (add              ) [ 000111111111111100]
br_ln61               (br               ) [ 000000000000000000]
col_load              (load             ) [ 000100000000000000]
icmp_ln62             (icmp             ) [ 000111100000000000]
indvars_iv_next6046   (add              ) [ 000111100000000000]
zext_ln61_1           (zext             ) [ 000000000000000000]
p_shl3_mid1           (bitconcatenate   ) [ 000000000000000000]
p_shl3_cast_mid1      (zext             ) [ 000000000000000000]
p_mid124              (sub              ) [ 000100000000000000]
select_ln61           (select           ) [ 000011111111111100]
select_ln61_1         (select           ) [ 000011111111100000]
col_3_cast14          (zext             ) [ 000000000000000000]
add_ln63              (add              ) [ 000010000000000000]
zext_ln64             (zext             ) [ 000000000000000000]
board_addr            (getelementptr    ) [ 000001000000000000]
symbol                (load             ) [ 000000111111111111]
specloopname_ln0      (specloopname     ) [ 000000000000000000]
speclooptripcount_ln0 (speclooptripcount) [ 000000000000000000]
specpipeline_ln0      (specpipeline     ) [ 000000000000000000]
select_ln61_2         (select           ) [ 000000011111111100]
col_3_cast17          (zext             ) [ 000000011111100000]
col_3_cast            (zext             ) [ 000000000000000000]
specloopname_ln62     (specloopname     ) [ 000000000000000000]
icmp_ln66             (icmp             ) [ 001111111111111100]
br_ln66               (br               ) [ 000000000000000000]
add_ln67              (add              ) [ 000000000000000000]
zext_ln67             (zext             ) [ 000000000000000000]
add_ln67_1            (add              ) [ 000000010000000000]
zext_ln67_1           (zext             ) [ 000000000000000000]
board_addr_1          (getelementptr    ) [ 000000001000000000]
board_load            (load             ) [ 000000000100000000]
icmp_ln67             (icmp             ) [ 001111111111111100]
br_ln67               (br               ) [ 000000000000000000]
add_ln68              (add              ) [ 000000000000000000]
zext_ln68             (zext             ) [ 000000000000000000]
add_ln68_1            (add              ) [ 000000000010000000]
zext_ln68_1           (zext             ) [ 000000000000000000]
board_addr_2          (getelementptr    ) [ 000000000001000000]
board_load_1          (load             ) [ 000000000000100000]
icmp_ln68             (icmp             ) [ 001111111111111100]
br_ln68               (br               ) [ 000000000000000000]
add_ln69              (add              ) [ 000000000000000000]
zext_ln69             (zext             ) [ 000000000000000000]
add_ln69_1            (add              ) [ 000000000000010000]
zext_ln69_1           (zext             ) [ 000000000000000000]
board_addr_3          (getelementptr    ) [ 000000000000001000]
board_load_2          (load             ) [ 000000000000000100]
icmp_ln69             (icmp             ) [ 001111111111111100]
br_ln66               (br               ) [ 000000000000000000]
add_ln62              (add              ) [ 000000000000000000]
store_ln62            (store            ) [ 000000000000000000]
store_ln62            (store            ) [ 000000000000000000]
store_ln62            (store            ) [ 000000000000000000]
br_ln62               (br               ) [ 000000000000000000]
write_ln64            (write            ) [ 000000000000000000]
br_ln0                (br               ) [ 000000000000000000]
UnifiedRetVal         (phi              ) [ 000000000000000010]
ret_ln0               (ret              ) [ 000000000000000000]
br_ln0                (br               ) [ 000000000000000011]
</LifeTime>

<model>

<comp_list>
<comp id="0" class="1000" name="board">
<pin_list>
<pin id="1" dir="1" index="0" bw="1" slack="0"/>
</pin_list>
<bind>
<StgValue><ssdm name="board"/><MemPortTyVec>1 3 </MemPortTyVec>
</StgValue>
</bind>
</comp>

<comp id="2" class="1000" name="symbol_3_out">
<pin_list>
<pin id="3" dir="1" index="0" bw="1" slack="0"/>
</pin_list>
<bind>
<StgValue><ssdm name="symbol_3_out"/></StgValue>
</bind>
</comp>

<comp id="4" class="1001" name="const_4">
<pin_list>
<pin id="5" dir="1" index="0" bw="1" slack="0"/>
</pin_list>
<bind>
<StgValue><ssdm name=""/></StgValue>
</bind>
</comp>

<comp id="6" class="1001" name="const_6">
<pin_list>
<pin id="7" dir="1" index="0" bw="1" slack="2147483647"/>
</pin_list>
<bind>
<StgValue><ssdm name="_ssdm_op_SpecInterface"/></StgValue>
</bind>
</comp>

<comp id="8" class="1001" name="const_8">
<pin_list>
<pin id="9" dir="1" index="0" bw="1" slack="2147483647"/>
</pin_list>
<bind>
<StgValue><ssdm name="empty"/></StgValue>
</bind>
</comp>

<comp id="10" class="1001" name="const_10">
<pin_list>
<pin id="11" dir="1" index="0" bw="1" slack="2147483647"/>
</pin_list>
<bind>
<StgValue><ssdm name=""/></StgValue>
</bind>
</comp>

<comp id="12" class="1001" name="const_12">
<pin_list>
<pin id="13" dir="1" index="0" bw="1" slack="2147483647"/>
</pin_list>
<bind>
<StgValue><ssdm name="empty_0"/></StgValue>
</bind>
</comp>

<comp id="14" class="1001" name="const_14">
<pin_list>
<pin id="15" dir="1" index="0" bw="1" slack="2147483647"/>
</pin_list>
<bind>
<StgValue><ssdm name=""/></StgValue>
</bind>
</comp>

<comp id="16" class="1001" name="const_16">
<pin_list>
<pin id="17" dir="1" index="0" bw="1" slack="0"/>
</pin_list>
<bind>
<StgValue><ssdm name=""/></StgValue>
</bind>
</comp>

<comp id="18" class="1001" name="const_18">
<pin_list>
<pin id="19" dir="1" index="0" bw="1" slack="0"/>
</pin_list>
<bind>
<StgValue><ssdm name=""/></StgValue>
</bind>
</comp>

<comp id="20" class="1001" name="const_20">
<pin_list>
<pin id="21" dir="1" index="0" bw="1" slack="0"/>
</pin_list>
<bind>
<StgValue><ssdm name=""/></StgValue>
</bind>
</comp>

<comp id="22" class="1001" name="const_22">
<pin_list>
<pin id="23" dir="1" index="0" bw="1" slack="0"/>
</pin_list>
<bind>
<StgValue><ssdm name="_ssdm_op_BitConcatenate.i5.i2.i3"/></StgValue>
</bind>
</comp>

<comp id="24" class="1001" name="const_24">
<pin_list>
<pin id="25" dir="1" index="0" bw="1" slack="0"/>
</pin_list>
<bind>
<StgValue><ssdm name=""/></StgValue>
</bind>
</comp>

<comp id="26" class="1001" name="const_26">
<pin_list>
<pin id="27" dir="1" index="0" bw="1" slack="2147483647"/>
</pin_list>
<bind>
<StgValue><ssdm name="_ssdm_op_SpecPipeline"/></StgValue>
</bind>
</comp>

<comp id="28" class="1001" name="const_28">
<pin_list>
<pin id="29" dir="1" index="0" bw="1" slack="2147483647"/>
</pin_list>
<bind>
<StgValue><ssdm name="p_str"/></StgValue>
</bind>
</comp>

<comp id="30" class="1001" name="const_30">
<pin_list>
<pin id="31" dir="1" index="0" bw="1" slack="0"/>
</pin_list>
<bind>
<StgValue><ssdm name=""/></StgValue>
</bind>
</comp>

<comp id="32" class="1001" name="const_32">
<pin_list>
<pin id="33" dir="1" index="0" bw="1" slack="0"/>
</pin_list>
<bind>
<StgValue><ssdm name=""/></StgValue>
</bind>
</comp>

<comp id="34" class="1001" name="const_34">
<pin_list>
<pin id="35" dir="1" index="0" bw="1" slack="0"/>
</pin_list>
<bind>
<StgValue><ssdm name=""/></StgValue>
</bind>
</comp>

<comp id="36" class="1001" name="const_36">
<pin_list>
<pin id="37" dir="1" index="0" bw="1" slack="0"/>
</pin_list>
<bind>
<StgValue><ssdm name=""/></StgValue>
</bind>
</comp>

<comp id="38" class="1001" name="const_38">
<pin_list>
<pin id="39" dir="1" index="0" bw="1" slack="0"/>
</pin_list>
<bind>
<StgValue><ssdm name=""/></StgValue>
</bind>
</comp>

<comp id="40" class="1001" name="const_40">
<pin_list>
<pin id="41" dir="1" index="0" bw="1" slack="2147483647"/>
</pin_list>
<bind>
<StgValue><ssdm name="_ssdm_op_SpecLoopName"/></StgValue>
</bind>
</comp>

<comp id="42" class="1001" name="const_42">
<pin_list>
<pin id="43" dir="1" index="0" bw="1" slack="2147483647"/>
</pin_list>
<bind>
<StgValue><ssdm name="VITIS_LOOP_61_7_VITIS_LOOP_62_8_str"/></StgValue>
</bind>
</comp>

<comp id="44" class="1001" name="const_44">
<pin_list>
<pin id="45" dir="1" index="0" bw="1" slack="2147483647"/>
</pin_list>
<bind>
<StgValue><ssdm name="_ssdm_op_SpecLoopTripCount"/></StgValue>
</bind>
</comp>

<comp id="46" class="1001" name="const_46">
<pin_list>
<pin id="47" dir="1" index="0" bw="1" slack="2147483647"/>
</pin_list>
<bind>
<StgValue><ssdm name=""/></StgValue>
</bind>
</comp>

<comp id="48" class="1001" name="const_48">
<pin_list>
<pin id="49" dir="1" index="0" bw="1" slack="2147483647"/>
</pin_list>
<bind>
<StgValue><ssdm name=""/></StgValue>
</bind>
</comp>

<comp id="50" class="1001" name="const_50">
<pin_list>
<pin id="51" dir="1" index="0" bw="1" slack="2147483647"/>
</pin_list>
<bind>
<StgValue><ssdm name="empty_5"/></StgValue>
</bind>
</comp>

<comp id="52" class="1001" name="const_52">
<pin_list>
<pin id="53" dir="1" index="0" bw="1" slack="0"/>
</pin_list>
<bind>
<StgValue><ssdm name=""/></StgValue>
</bind>
</comp>

<comp id="54" class="1001" name="const_54">
<pin_list>
<pin id="55" dir="1" index="0" bw="1" slack="0"/>
</pin_list>
<bind>
<StgValue><ssdm name=""/></StgValue>
</bind>
</comp>

<comp id="56" class="1001" name="const_56">
<pin_list>
<pin id="57" dir="1" index="0" bw="1" slack="0"/>
</pin_list>
<bind>
<StgValue><ssdm name=""/></StgValue>
</bind>
</comp>

<comp id="58" class="1001" name="const_58">
<pin_list>
<pin id="59" dir="1" index="0" bw="1" slack="0"/>
</pin_list>
<bind>
<StgValue><ssdm name=""/></StgValue>
</bind>
</comp>

<comp id="60" class="1001" name="const_60">
<pin_list>
<pin id="61" dir="1" index="0" bw="1" slack="0"/>
</pin_list>
<bind>
<StgValue><ssdm name=""/></StgValue>
</bind>
</comp>

<comp id="62" class="1001" name="const_62">
<pin_list>
<pin id="63" dir="1" index="0" bw="1" slack="0"/>
</pin_list>
<bind>
<StgValue><ssdm name="_ssdm_op_Write.ap_auto.i8P0A"/></StgValue>
</bind>
</comp>

<comp id="64" class="1001" name="const_64">
<pin_list>
<pin id="65" dir="1" index="0" bw="1" slack="13"/>
</pin_list>
<bind>
<StgValue><ssdm name=""/></StgValue>
</bind>
</comp>

<comp id="66" class="1001" name="const_66">
<pin_list>
<pin id="67" dir="1" index="0" bw="1" slack="0"/>
</pin_list>
<bind>
<StgValue><ssdm name=""/></StgValue>
</bind>
</comp>

<comp id="68" class="1004" name="col_fu_68">
<pin_list>
<pin id="69" dir="0" index="0" bw="1" slack="0"/>
<pin id="70" dir="1" index="1" bw="3" slack="0"/>
</pin_list>
<bind>
<opcode="alloca(26) " fcode="alloca"/>
<opset="col/1 "/>
</bind>
</comp>

<comp id="72" class="1004" name="row_fu_72">
<pin_list>
<pin id="73" dir="0" index="0" bw="1" slack="0"/>
<pin id="74" dir="1" index="1" bw="2" slack="0"/>
</pin_list>
<bind>
<opcode="alloca(26) " fcode="alloca"/>
<opset="row/1 "/>
</bind>
</comp>

<comp id="76" class="1004" name="indvar_flatten26_fu_76">
<pin_list>
<pin id="77" dir="0" index="0" bw="1" slack="0"/>
<pin id="78" dir="1" index="1" bw="4" slack="0"/>
</pin_list>
<bind>
<opcode="alloca(26) " fcode="alloca"/>
<opset="indvar_flatten26/1 "/>
</bind>
</comp>

<comp id="80" class="1004" name="write_ln64_write_fu_80">
<pin_list>
<pin id="81" dir="0" index="0" bw="0" slack="0"/>
<pin id="82" dir="0" index="1" bw="8" slack="0"/>
<pin id="83" dir="0" index="2" bw="8" slack="11"/>
<pin id="84" dir="1" index="3" bw="0" slack="2147483647"/>
</pin_list>
<bind>
<opcode="write(1151) " fcode="write"/>
<opset="write_ln64/16 "/>
</bind>
</comp>

<comp id="87" class="1004" name="board_addr_gep_fu_87">
<pin_list>
<pin id="88" dir="0" index="0" bw="8" slack="0"/>
<pin id="89" dir="0" index="1" bw="1" slack="0"/>
<pin id="90" dir="0" index="2" bw="6" slack="0"/>
<pin id="91" dir="1" index="3" bw="6" slack="0"/>
</pin_list>
<bind>
<opcode="getelementptr(29) " fcode="getelementptr"/>
<opset="board_addr/4 "/>
</bind>
</comp>

<comp id="94" class="1004" name="grp_access_fu_94">
<pin_list>
<pin id="95" dir="0" index="0" bw="6" slack="0"/>
<pin id="96" dir="0" index="1" bw="8" slack="2147483647"/>
<pin id="97" dir="0" index="2" bw="0" slack="2147483647"/>
<pin id="98" dir="1" index="3" bw="8" slack="1"/>
</pin_list>
<bind>
<opcode="load(27) " fcode="load"/>
<opset="symbol/4 board_load/7 board_load_1/10 board_load_2/13 "/>
</bind>
</comp>

<comp id="100" class="1004" name="board_addr_1_gep_fu_100">
<pin_list>
<pin id="101" dir="0" index="0" bw="8" slack="0"/>
<pin id="102" dir="0" index="1" bw="1" slack="0"/>
<pin id="103" dir="0" index="2" bw="6" slack="0"/>
<pin id="104" dir="1" index="3" bw="6" slack="0"/>
</pin_list>
<bind>
<opcode="getelementptr(29) " fcode="getelementptr"/>
<opset="board_addr_1/7 "/>
</bind>
</comp>

<comp id="108" class="1004" name="board_addr_2_gep_fu_108">
<pin_list>
<pin id="109" dir="0" index="0" bw="8" slack="0"/>
<pin id="110" dir="0" index="1" bw="1" slack="0"/>
<pin id="111" dir="0" index="2" bw="6" slack="0"/>
<pin id="112" dir="1" index="3" bw="6" slack="0"/>
</pin_list>
<bind>
<opcode="getelementptr(29) " fcode="getelementptr"/>
<opset="board_addr_2/10 "/>
</bind>
</comp>

<comp id="116" class="1004" name="board_addr_3_gep_fu_116">
<pin_list>
<pin id="117" dir="0" index="0" bw="8" slack="0"/>
<pin id="118" dir="0" index="1" bw="1" slack="0"/>
<pin id="119" dir="0" index="2" bw="6" slack="0"/>
<pin id="120" dir="1" index="3" bw="6" slack="0"/>
</pin_list>
<bind>
<opcode="getelementptr(29) " fcode="getelementptr"/>
<opset="board_addr_3/13 "/>
</bind>
</comp>

<comp id="124" class="1005" name="UnifiedRetVal_reg_124">
<pin_list>
<pin id="125" dir="0" index="0" bw="1" slack="13"/>
<pin id="126" dir="1" index="1" bw="1" slack="13"/>
</pin_list>
<bind>
<opset="UnifiedRetVal (phireg) "/>
</bind>
</comp>

<comp id="128" class="1004" name="UnifiedRetVal_phi_fu_128">
<pin_list>
<pin id="129" dir="0" index="0" bw="1" slack="13"/>
<pin id="130" dir="0" index="1" bw="0" slack="2147483647"/>
<pin id="131" dir="0" index="2" bw="1" slack="0"/>
<pin id="132" dir="0" index="3" bw="0" slack="2147483647"/>
<pin id="133" dir="1" index="4" bw="1" slack="2147483647"/>
</pin_list>
<bind>
<opcode="phi(47) " fcode="phi"/>
<opset="UnifiedRetVal/16 "/>
</bind>
</comp>

<comp id="136" class="1005" name="reg_136">
<pin_list>
<pin id="137" dir="0" index="0" bw="8" slack="1"/>
<pin id="138" dir="1" index="1" bw="8" slack="1"/>
</pin_list>
<bind>
<opset="board_load board_load_1 board_load_2 "/>
</bind>
</comp>

<comp id="140" class="1004" name="grp_fu_140">
<pin_list>
<pin id="141" dir="0" index="0" bw="8" slack="4"/>
<pin id="142" dir="0" index="1" bw="8" slack="1"/>
<pin id="143" dir="1" index="2" bw="1" slack="1"/>
</pin_list>
<bind>
<opcode="icmp(45) " fcode="icmp"/>
<opset="icmp_ln67/9 icmp_ln68/12 icmp_ln69/15 "/>
</bind>
</comp>

<comp id="145" class="1004" name="store_ln0_store_fu_145">
<pin_list>
<pin id="146" dir="0" index="0" bw="1" slack="0"/>
<pin id="147" dir="0" index="1" bw="4" slack="0"/>
<pin id="148" dir="1" index="2" bw="0" slack="2147483647"/>
</pin_list>
<bind>
<opcode="store(28) " fcode="store"/>
<opset="store_ln0/1 "/>
</bind>
</comp>

<comp id="150" class="1004" name="store_ln0_store_fu_150">
<pin_list>
<pin id="151" dir="0" index="0" bw="1" slack="0"/>
<pin id="152" dir="0" index="1" bw="2" slack="0"/>
<pin id="153" dir="1" index="2" bw="0" slack="2147483647"/>
</pin_list>
<bind>
<opcode="store(28) " fcode="store"/>
<opset="store_ln0/1 "/>
</bind>
</comp>

<comp id="155" class="1004" name="store_ln0_store_fu_155">
<pin_list>
<pin id="156" dir="0" index="0" bw="3" slack="0"/>
<pin id="157" dir="0" index="1" bw="3" slack="0"/>
<pin id="158" dir="1" index="2" bw="0" slack="2147483647"/>
</pin_list>
<bind>
<opcode="store(28) " fcode="store"/>
<opset="store_ln0/1 "/>
</bind>
</comp>

<comp id="160" class="1004" name="row_1_load_fu_160">
<pin_list>
<pin id="161" dir="0" index="0" bw="2" slack="1"/>
<pin id="162" dir="1" index="1" bw="2" slack="0"/>
</pin_list>
<bind>
<opcode="load(27) " fcode="load"/>
<opset="row_1/2 "/>
</bind>
</comp>

<comp id="163" class="1004" name="indvar_flatten26_load_load_fu_163">
<pin_list>
<pin id="164" dir="0" index="0" bw="4" slack="1"/>
<pin id="165" dir="1" index="1" bw="4" slack="0"/>
</pin_list>
<bind>
<opcode="load(27) " fcode="load"/>
<opset="indvar_flatten26_load/2 "/>
</bind>
</comp>

<comp id="166" class="1004" name="zext_ln61_fu_166">
<pin_list>
<pin id="167" dir="0" index="0" bw="2" slack="0"/>
<pin id="168" dir="1" index="1" bw="6" slack="0"/>
</pin_list>
<bind>
<opcode="zext(34) " fcode="zext"/>
<opset="zext_ln61/2 "/>
</bind>
</comp>

<comp id="170" class="1004" name="p_shl3_fu_170">
<pin_list>
<pin id="171" dir="0" index="0" bw="5" slack="0"/>
<pin id="172" dir="0" index="1" bw="2" slack="0"/>
<pin id="173" dir="0" index="2" bw="1" slack="0"/>
<pin id="174" dir="1" index="3" bw="5" slack="0"/>
</pin_list>
<bind>
<opcode="bitconcatenate(1004) " fcode="bitconcatenate"/>
<opset="p_shl3/2 "/>
</bind>
</comp>

<comp id="178" class="1004" name="p_shl3_cast_fu_178">
<pin_list>
<pin id="179" dir="0" index="0" bw="5" slack="0"/>
<pin id="180" dir="1" index="1" bw="6" slack="0"/>
</pin_list>
<bind>
<opcode="zext(34) " fcode="zext"/>
<opset="p_shl3_cast/2 "/>
</bind>
</comp>

<comp id="182" class="1004" name="empty_fu_182">
<pin_list>
<pin id="183" dir="0" index="0" bw="5" slack="0"/>
<pin id="184" dir="0" index="1" bw="2" slack="0"/>
<pin id="185" dir="1" index="2" bw="6" slack="1"/>
</pin_list>
<bind>
<opcode="sub(10) " fcode="sub"/>
<opset="empty/2 "/>
</bind>
</comp>

<comp id="188" class="1004" name="icmp_ln61_fu_188">
<pin_list>
<pin id="189" dir="0" index="0" bw="4" slack="0"/>
<pin id="190" dir="0" index="1" bw="4" slack="0"/>
<pin id="191" dir="1" index="2" bw="1" slack="1"/>
</pin_list>
<bind>
<opcode="icmp(45) " fcode="icmp"/>
<opset="icmp_ln61/2 "/>
</bind>
</comp>

<comp id="194" class="1004" name="add_ln61_fu_194">
<pin_list>
<pin id="195" dir="0" index="0" bw="4" slack="0"/>
<pin id="196" dir="0" index="1" bw="1" slack="0"/>
<pin id="197" dir="1" index="2" bw="4" slack="13"/>
</pin_list>
<bind>
<opcode="add(8) " fcode="add"/>
<opset="add_ln61/2 "/>
</bind>
</comp>

<comp id="200" class="1004" name="col_load_load_fu_200">
<pin_list>
<pin id="201" dir="0" index="0" bw="3" slack="1"/>
<pin id="202" dir="1" index="1" bw="3" slack="0"/>
</pin_list>
<bind>
<opcode="load(27) " fcode="load"/>
<opset="col_load/2 "/>
</bind>
</comp>

<comp id="203" class="1004" name="icmp_ln62_fu_203">
<pin_list>
<pin id="204" dir="0" index="0" bw="3" slack="0"/>
<pin id="205" dir="0" index="1" bw="3" slack="0"/>
<pin id="206" dir="1" index="2" bw="1" slack="1"/>
</pin_list>
<bind>
<opcode="icmp(45) " fcode="icmp"/>
<opset="icmp_ln62/2 "/>
</bind>
</comp>

<comp id="209" class="1004" name="indvars_iv_next6046_fu_209">
<pin_list>
<pin id="210" dir="0" index="0" bw="2" slack="0"/>
<pin id="211" dir="0" index="1" bw="1" slack="0"/>
<pin id="212" dir="1" index="2" bw="2" slack="0"/>
</pin_list>
<bind>
<opcode="add(8) " fcode="add"/>
<opset="indvars_iv_next6046/2 "/>
</bind>
</comp>

<comp id="215" class="1004" name="zext_ln61_1_fu_215">
<pin_list>
<pin id="216" dir="0" index="0" bw="2" slack="0"/>
<pin id="217" dir="1" index="1" bw="6" slack="0"/>
</pin_list>
<bind>
<opcode="zext(34) " fcode="zext"/>
<opset="zext_ln61_1/2 "/>
</bind>
</comp>

<comp id="219" class="1004" name="p_shl3_mid1_fu_219">
<pin_list>
<pin id="220" dir="0" index="0" bw="5" slack="0"/>
<pin id="221" dir="0" index="1" bw="2" slack="0"/>
<pin id="222" dir="0" index="2" bw="1" slack="0"/>
<pin id="223" dir="1" index="3" bw="5" slack="0"/>
</pin_list>
<bind>
<opcode="bitconcatenate(1004) " fcode="bitconcatenate"/>
<opset="p_shl3_mid1/2 "/>
</bind>
</comp>

<comp id="227" class="1004" name="p_shl3_cast_mid1_fu_227">
<pin_list>
<pin id="228" dir="0" index="0" bw="5" slack="0"/>
<pin id="229" dir="1" index="1" bw="6" slack="0"/>
</pin_list>
<bind>
<opcode="zext(34) " fcode="zext"/>
<opset="p_shl3_cast_mid1/2 "/>
</bind>
</comp>

<comp id="231" class="1004" name="p_mid124_fu_231">
<pin_list>
<pin id="232" dir="0" index="0" bw="5" slack="0"/>
<pin id="233" dir="0" index="1" bw="2" slack="0"/>
<pin id="234" dir="1" index="2" bw="6" slack="1"/>
</pin_list>
<bind>
<opcode="sub(10) " fcode="sub"/>
<opset="p_mid124/2 "/>
</bind>
</comp>

<comp id="237" class="1004" name="select_ln61_fu_237">
<pin_list>
<pin id="238" dir="0" index="0" bw="1" slack="1"/>
<pin id="239" dir="0" index="1" bw="3" slack="0"/>
<pin id="240" dir="0" index="2" bw="3" slack="1"/>
<pin id="241" dir="1" index="3" bw="3" slack="0"/>
</pin_list>
<bind>
<opcode="select(49) " fcode="select"/>
<opset="select_ln61/3 "/>
</bind>
</comp>

<comp id="243" class="1004" name="select_ln61_1_fu_243">
<pin_list>
<pin id="244" dir="0" index="0" bw="1" slack="1"/>
<pin id="245" dir="0" index="1" bw="6" slack="1"/>
<pin id="246" dir="0" index="2" bw="6" slack="1"/>
<pin id="247" dir="1" index="3" bw="6" slack="0"/>
</pin_list>
<bind>
<opcode="select(49) " fcode="select"/>
<opset="select_ln61_1/3 "/>
</bind>
</comp>

<comp id="248" class="1004" name="col_3_cast14_fu_248">
<pin_list>
<pin id="249" dir="0" index="0" bw="3" slack="0"/>
<pin id="250" dir="1" index="1" bw="6" slack="0"/>
</pin_list>
<bind>
<opcode="zext(34) " fcode="zext"/>
<opset="col_3_cast14/3 "/>
</bind>
</comp>

<comp id="252" class="1004" name="add_ln63_fu_252">
<pin_list>
<pin id="253" dir="0" index="0" bw="3" slack="0"/>
<pin id="254" dir="0" index="1" bw="6" slack="0"/>
<pin id="255" dir="1" index="2" bw="6" slack="1"/>
</pin_list>
<bind>
<opcode="add(8) " fcode="add"/>
<opset="add_ln63/3 "/>
</bind>
</comp>

<comp id="258" class="1004" name="zext_ln64_fu_258">
<pin_list>
<pin id="259" dir="0" index="0" bw="6" slack="1"/>
<pin id="260" dir="1" index="1" bw="64" slack="0"/>
</pin_list>
<bind>
<opcode="zext(34) " fcode="zext"/>
<opset="zext_ln64/4 "/>
</bind>
</comp>

<comp id="262" class="1004" name="select_ln61_2_fu_262">
<pin_list>
<pin id="263" dir="0" index="0" bw="1" slack="4"/>
<pin id="264" dir="0" index="1" bw="2" slack="4"/>
<pin id="265" dir="0" index="2" bw="2" slack="4"/>
<pin id="266" dir="1" index="3" bw="2" slack="9"/>
</pin_list>
<bind>
<opcode="select(49) " fcode="select"/>
<opset="select_ln61_2/6 "/>
</bind>
</comp>

<comp id="267" class="1004" name="col_3_cast17_fu_267">
<pin_list>
<pin id="268" dir="0" index="0" bw="3" slack="3"/>
<pin id="269" dir="1" index="1" bw="5" slack="3"/>
</pin_list>
<bind>
<opcode="zext(34) " fcode="zext"/>
<opset="col_3_cast17/6 "/>
</bind>
</comp>

<comp id="270" class="1004" name="col_3_cast_fu_270">
<pin_list>
<pin id="271" dir="0" index="0" bw="3" slack="3"/>
<pin id="272" dir="1" index="1" bw="4" slack="0"/>
</pin_list>
<bind>
<opcode="zext(34) " fcode="zext"/>
<opset="col_3_cast/6 "/>
</bind>
</comp>

<comp id="273" class="1004" name="icmp_ln66_fu_273">
<pin_list>
<pin id="274" dir="0" index="0" bw="8" slack="1"/>
<pin id="275" dir="0" index="1" bw="8" slack="0"/>
<pin id="276" dir="1" index="2" bw="1" slack="1"/>
</pin_list>
<bind>
<opcode="icmp(45) " fcode="icmp"/>
<opset="icmp_ln66/6 "/>
</bind>
</comp>

<comp id="278" class="1004" name="add_ln67_fu_278">
<pin_list>
<pin id="279" dir="0" index="0" bw="3" slack="0"/>
<pin id="280" dir="0" index="1" bw="4" slack="0"/>
<pin id="281" dir="1" index="2" bw="4" slack="0"/>
</pin_list>
<bind>
<opcode="add(8) " fcode="add"/>
<opset="add_ln67/6 "/>
</bind>
</comp>

<comp id="284" class="1004" name="zext_ln67_fu_284">
<pin_list>
<pin id="285" dir="0" index="0" bw="4" slack="0"/>
<pin id="286" dir="1" index="1" bw="6" slack="0"/>
</pin_list>
<bind>
<opcode="zext(34) " fcode="zext"/>
<opset="zext_ln67/6 "/>
</bind>
</comp>

<comp id="288" class="1004" name="add_ln67_1_fu_288">
<pin_list>
<pin id="289" dir="0" index="0" bw="4" slack="0"/>
<pin id="290" dir="0" index="1" bw="6" slack="3"/>
<pin id="291" dir="1" index="2" bw="6" slack="1"/>
</pin_list>
<bind>
<opcode="add(8) " fcode="add"/>
<opset="add_ln67_1/6 "/>
</bind>
</comp>

<comp id="293" class="1004" name="zext_ln67_1_fu_293">
<pin_list>
<pin id="294" dir="0" index="0" bw="6" slack="1"/>
<pin id="295" dir="1" index="1" bw="64" slack="0"/>
</pin_list>
<bind>
<opcode="zext(34) " fcode="zext"/>
<opset="zext_ln67_1/7 "/>
</bind>
</comp>

<comp id="297" class="1004" name="add_ln68_fu_297">
<pin_list>
<pin id="298" dir="0" index="0" bw="3" slack="3"/>
<pin id="299" dir="0" index="1" bw="5" slack="0"/>
<pin id="300" dir="1" index="2" bw="5" slack="0"/>
</pin_list>
<bind>
<opcode="add(8) " fcode="add"/>
<opset="add_ln68/9 "/>
</bind>
</comp>

<comp id="302" class="1004" name="zext_ln68_fu_302">
<pin_list>
<pin id="303" dir="0" index="0" bw="5" slack="0"/>
<pin id="304" dir="1" index="1" bw="6" slack="0"/>
</pin_list>
<bind>
<opcode="zext(34) " fcode="zext"/>
<opset="zext_ln68/9 "/>
</bind>
</comp>

<comp id="306" class="1004" name="add_ln68_1_fu_306">
<pin_list>
<pin id="307" dir="0" index="0" bw="5" slack="0"/>
<pin id="308" dir="0" index="1" bw="6" slack="6"/>
<pin id="309" dir="1" index="2" bw="6" slack="1"/>
</pin_list>
<bind>
<opcode="add(8) " fcode="add"/>
<opset="add_ln68_1/9 "/>
</bind>
</comp>

<comp id="311" class="1004" name="zext_ln68_1_fu_311">
<pin_list>
<pin id="312" dir="0" index="0" bw="6" slack="1"/>
<pin id="313" dir="1" index="1" bw="64" slack="0"/>
</pin_list>
<bind>
<opcode="zext(34) " fcode="zext"/>
<opset="zext_ln68_1/10 "/>
</bind>
</comp>

<comp id="315" class="1004" name="add_ln69_fu_315">
<pin_list>
<pin id="316" dir="0" index="0" bw="3" slack="6"/>
<pin id="317" dir="0" index="1" bw="5" slack="0"/>
<pin id="318" dir="1" index="2" bw="5" slack="0"/>
</pin_list>
<bind>
<opcode="add(8) " fcode="add"/>
<opset="add_ln69/12 "/>
</bind>
</comp>

<comp id="320" class="1004" name="zext_ln69_fu_320">
<pin_list>
<pin id="321" dir="0" index="0" bw="5" slack="0"/>
<pin id="322" dir="1" index="1" bw="6" slack="0"/>
</pin_list>
<bind>
<opcode="zext(34) " fcode="zext"/>
<opset="zext_ln69/12 "/>
</bind>
</comp>

<comp id="324" class="1004" name="add_ln69_1_fu_324">
<pin_list>
<pin id="325" dir="0" index="0" bw="5" slack="0"/>
<pin id="326" dir="0" index="1" bw="6" slack="9"/>
<pin id="327" dir="1" index="2" bw="6" slack="1"/>
</pin_list>
<bind>
<opcode="add(8) " fcode="add"/>
<opset="add_ln69_1/12 "/>
</bind>
</comp>

<comp id="329" class="1004" name="zext_ln69_1_fu_329">
<pin_list>
<pin id="330" dir="0" index="0" bw="6" slack="1"/>
<pin id="331" dir="1" index="1" bw="64" slack="0"/>
</pin_list>
<bind>
<opcode="zext(34) " fcode="zext"/>
<opset="zext_ln69_1/13 "/>
</bind>
</comp>

<comp id="333" class="1004" name="add_ln62_fu_333">
<pin_list>
<pin id="334" dir="0" index="0" bw="3" slack="12"/>
<pin id="335" dir="0" index="1" bw="1" slack="0"/>
<pin id="336" dir="1" index="2" bw="3" slack="0"/>
</pin_list>
<bind>
<opcode="add(8) " fcode="add"/>
<opset="add_ln62/15 "/>
</bind>
</comp>

<comp id="338" class="1004" name="store_ln62_store_fu_338">
<pin_list>
<pin id="339" dir="0" index="0" bw="4" slack="13"/>
<pin id="340" dir="0" index="1" bw="4" slack="14"/>
<pin id="341" dir="1" index="2" bw="0" slack="2147483647"/>
</pin_list>
<bind>
<opcode="store(28) " fcode="store"/>
<opset="store_ln62/15 "/>
</bind>
</comp>

<comp id="342" class="1004" name="store_ln62_store_fu_342">
<pin_list>
<pin id="343" dir="0" index="0" bw="2" slack="9"/>
<pin id="344" dir="0" index="1" bw="2" slack="14"/>
<pin id="345" dir="1" index="2" bw="0" slack="2147483647"/>
</pin_list>
<bind>
<opcode="store(28) " fcode="store"/>
<opset="store_ln62/15 "/>
</bind>
</comp>

<comp id="346" class="1004" name="store_ln62_store_fu_346">
<pin_list>
<pin id="347" dir="0" index="0" bw="3" slack="0"/>
<pin id="348" dir="0" index="1" bw="3" slack="14"/>
<pin id="349" dir="1" index="2" bw="0" slack="2147483647"/>
</pin_list>
<bind>
<opcode="store(28) " fcode="store"/>
<opset="store_ln62/15 "/>
</bind>
</comp>

<comp id="351" class="1005" name="col_reg_351">
<pin_list>
<pin id="352" dir="0" index="0" bw="3" slack="0"/>
<pin id="353" dir="1" index="1" bw="3" slack="0"/>
</pin_list>
<bind>
<opset="col "/>
</bind>
</comp>

<comp id="358" class="1005" name="row_reg_358">
<pin_list>
<pin id="359" dir="0" index="0" bw="2" slack="0"/>
<pin id="360" dir="1" index="1" bw="2" slack="0"/>
</pin_list>
<bind>
<opset="row "/>
</bind>
</comp>

<comp id="365" class="1005" name="indvar_flatten26_reg_365">
<pin_list>
<pin id="366" dir="0" index="0" bw="4" slack="0"/>
<pin id="367" dir="1" index="1" bw="4" slack="0"/>
</pin_list>
<bind>
<opset="indvar_flatten26 "/>
</bind>
</comp>

<comp id="372" class="1005" name="row_1_reg_372">
<pin_list>
<pin id="373" dir="0" index="0" bw="2" slack="4"/>
<pin id="374" dir="1" index="1" bw="2" slack="4"/>
</pin_list>
<bind>
<opset="row_1 "/>
</bind>
</comp>

<comp id="377" class="1005" name="empty_reg_377">
<pin_list>
<pin id="378" dir="0" index="0" bw="6" slack="1"/>
<pin id="379" dir="1" index="1" bw="6" slack="1"/>
</pin_list>
<bind>
<opset="empty "/>
</bind>
</comp>

<comp id="382" class="1005" name="icmp_ln61_reg_382">
<pin_list>
<pin id="383" dir="0" index="0" bw="1" slack="1"/>
<pin id="384" dir="1" index="1" bw="1" slack="2147483647"/>
</pin_list>
<bind>
<opset="icmp_ln61 "/>
</bind>
</comp>

<comp id="386" class="1005" name="add_ln61_reg_386">
<pin_list>
<pin id="387" dir="0" index="0" bw="4" slack="13"/>
<pin id="388" dir="1" index="1" bw="4" slack="13"/>
</pin_list>
<bind>
<opset="add_ln61 "/>
</bind>
</comp>

<comp id="391" class="1005" name="col_load_reg_391">
<pin_list>
<pin id="392" dir="0" index="0" bw="3" slack="1"/>
<pin id="393" dir="1" index="1" bw="3" slack="1"/>
</pin_list>
<bind>
<opset="col_load "/>
</bind>
</comp>

<comp id="396" class="1005" name="icmp_ln62_reg_396">
<pin_list>
<pin id="397" dir="0" index="0" bw="1" slack="1"/>
<pin id="398" dir="1" index="1" bw="1" slack="1"/>
</pin_list>
<bind>
<opset="icmp_ln62 "/>
</bind>
</comp>

<comp id="403" class="1005" name="indvars_iv_next6046_reg_403">
<pin_list>
<pin id="404" dir="0" index="0" bw="2" slack="4"/>
<pin id="405" dir="1" index="1" bw="2" slack="4"/>
</pin_list>
<bind>
<opset="indvars_iv_next6046 "/>
</bind>
</comp>

<comp id="408" class="1005" name="p_mid124_reg_408">
<pin_list>
<pin id="409" dir="0" index="0" bw="6" slack="1"/>
<pin id="410" dir="1" index="1" bw="6" slack="1"/>
</pin_list>
<bind>
<opset="p_mid124 "/>
</bind>
</comp>

<comp id="413" class="1005" name="select_ln61_reg_413">
<pin_list>
<pin id="414" dir="0" index="0" bw="3" slack="3"/>
<pin id="415" dir="1" index="1" bw="3" slack="3"/>
</pin_list>
<bind>
<opset="select_ln61 "/>
</bind>
</comp>

<comp id="420" class="1005" name="select_ln61_1_reg_420">
<pin_list>
<pin id="421" dir="0" index="0" bw="6" slack="3"/>
<pin id="422" dir="1" index="1" bw="6" slack="3"/>
</pin_list>
<bind>
<opset="select_ln61_1 "/>
</bind>
</comp>

<comp id="427" class="1005" name="add_ln63_reg_427">
<pin_list>
<pin id="428" dir="0" index="0" bw="6" slack="1"/>
<pin id="429" dir="1" index="1" bw="6" slack="1"/>
</pin_list>
<bind>
<opset="add_ln63 "/>
</bind>
</comp>

<comp id="432" class="1005" name="board_addr_reg_432">
<pin_list>
<pin id="433" dir="0" index="0" bw="6" slack="1"/>
<pin id="434" dir="1" index="1" bw="6" slack="1"/>
</pin_list>
<bind>
<opset="board_addr "/>
</bind>
</comp>

<comp id="437" class="1005" name="symbol_reg_437">
<pin_list>
<pin id="438" dir="0" index="0" bw="8" slack="1"/>
<pin id="439" dir="1" index="1" bw="8" slack="1"/>
</pin_list>
<bind>
<opset="symbol "/>
</bind>
</comp>

<comp id="444" class="1005" name="select_ln61_2_reg_444">
<pin_list>
<pin id="445" dir="0" index="0" bw="2" slack="9"/>
<pin id="446" dir="1" index="1" bw="2" slack="9"/>
</pin_list>
<bind>
<opset="select_ln61_2 "/>
</bind>
</comp>

<comp id="449" class="1005" name="col_3_cast17_reg_449">
<pin_list>
<pin id="450" dir="0" index="0" bw="5" slack="3"/>
<pin id="451" dir="1" index="1" bw="5" slack="3"/>
</pin_list>
<bind>
<opset="col_3_cast17 "/>
</bind>
</comp>

<comp id="455" class="1005" name="icmp_ln66_reg_455">
<pin_list>
<pin id="456" dir="0" index="0" bw="1" slack="1"/>
<pin id="457" dir="1" index="1" bw="1" slack="2147483647"/>
</pin_list>
<bind>
<opset="icmp_ln66 "/>
</bind>
</comp>

<comp id="459" class="1005" name="add_ln67_1_reg_459">
<pin_list>
<pin id="460" dir="0" index="0" bw="6" slack="1"/>
<pin id="461" dir="1" index="1" bw="6" slack="1"/>
</pin_list>
<bind>
<opset="add_ln67_1 "/>
</bind>
</comp>

<comp id="464" class="1005" name="board_addr_1_reg_464">
<pin_list>
<pin id="465" dir="0" index="0" bw="6" slack="1"/>
<pin id="466" dir="1" index="1" bw="6" slack="1"/>
</pin_list>
<bind>
<opset="board_addr_1 "/>
</bind>
</comp>

<comp id="469" class="1005" name="icmp_ln67_reg_469">
<pin_list>
<pin id="470" dir="0" index="0" bw="1" slack="1"/>
<pin id="471" dir="1" index="1" bw="1" slack="2147483647"/>
</pin_list>
<bind>
<opset="icmp_ln67 "/>
</bind>
</comp>

<comp id="473" class="1005" name="add_ln68_1_reg_473">
<pin_list>
<pin id="474" dir="0" index="0" bw="6" slack="1"/>
<pin id="475" dir="1" index="1" bw="6" slack="1"/>
</pin_list>
<bind>
<opset="add_ln68_1 "/>
</bind>
</comp>

<comp id="478" class="1005" name="board_addr_2_reg_478">
<pin_list>
<pin id="479" dir="0" index="0" bw="6" slack="1"/>
<pin id="480" dir="1" index="1" bw="6" slack="1"/>
</pin_list>
<bind>
<opset="board_addr_2 "/>
</bind>
</comp>

<comp id="483" class="1005" name="icmp_ln68_reg_483">
<pin_list>
<pin id="484" dir="0" index="0" bw="1" slack="1"/>
<pin id="485" dir="1" index="1" bw="1" slack="2147483647"/>
</pin_list>
<bind>
<opset="icmp_ln68 "/>
</bind>
</comp>

<comp id="487" class="1005" name="add_ln69_1_reg_487">
<pin_list>
<pin id="488" dir="0" index="0" bw="6" slack="1"/>
<pin id="489" dir="1" index="1" bw="6" slack="1"/>
</pin_list>
<bind>
<opset="add_ln69_1 "/>
</bind>
</comp>

<comp id="492" class="1005" name="board_addr_3_reg_492">
<pin_list>
<pin id="493" dir="0" index="0" bw="6" slack="1"/>
<pin id="494" dir="1" index="1" bw="6" slack="1"/>
</pin_list>
<bind>
<opset="board_addr_3 "/>
</bind>
</comp>

</comp_list>

<net_list>
<net id="71"><net_src comp="4" pin="0"/><net_sink comp="68" pin=0"/></net>

<net id="75"><net_src comp="4" pin="0"/><net_sink comp="72" pin=0"/></net>

<net id="79"><net_src comp="4" pin="0"/><net_sink comp="76" pin=0"/></net>

<net id="85"><net_src comp="62" pin="0"/><net_sink comp="80" pin=0"/></net>

<net id="86"><net_src comp="2" pin="0"/><net_sink comp="80" pin=1"/></net>

<net id="92"><net_src comp="0" pin="0"/><net_sink comp="87" pin=0"/></net>

<net id="93"><net_src comp="38" pin="0"/><net_sink comp="87" pin=1"/></net>

<net id="99"><net_src comp="87" pin="3"/><net_sink comp="94" pin=0"/></net>

<net id="105"><net_src comp="0" pin="0"/><net_sink comp="100" pin=0"/></net>

<net id="106"><net_src comp="38" pin="0"/><net_sink comp="100" pin=1"/></net>

<net id="107"><net_src comp="100" pin="3"/><net_sink comp="94" pin=0"/></net>

<net id="113"><net_src comp="0" pin="0"/><net_sink comp="108" pin=0"/></net>

<net id="114"><net_src comp="38" pin="0"/><net_sink comp="108" pin=1"/></net>

<net id="115"><net_src comp="108" pin="3"/><net_sink comp="94" pin=0"/></net>

<net id="121"><net_src comp="0" pin="0"/><net_sink comp="116" pin=0"/></net>

<net id="122"><net_src comp="38" pin="0"/><net_sink comp="116" pin=1"/></net>

<net id="123"><net_src comp="116" pin="3"/><net_sink comp="94" pin=0"/></net>

<net id="127"><net_src comp="64" pin="0"/><net_sink comp="124" pin=0"/></net>

<net id="134"><net_src comp="124" pin="1"/><net_sink comp="128" pin=0"/></net>

<net id="135"><net_src comp="66" pin="0"/><net_sink comp="128" pin=2"/></net>

<net id="139"><net_src comp="94" pin="3"/><net_sink comp="136" pin=0"/></net>

<net id="144"><net_src comp="136" pin="1"/><net_sink comp="140" pin=1"/></net>

<net id="149"><net_src comp="16" pin="0"/><net_sink comp="145" pin=0"/></net>

<net id="154"><net_src comp="18" pin="0"/><net_sink comp="150" pin=0"/></net>

<net id="159"><net_src comp="20" pin="0"/><net_sink comp="155" pin=0"/></net>

<net id="169"><net_src comp="160" pin="1"/><net_sink comp="166" pin=0"/></net>

<net id="175"><net_src comp="22" pin="0"/><net_sink comp="170" pin=0"/></net>

<net id="176"><net_src comp="160" pin="1"/><net_sink comp="170" pin=1"/></net>

<net id="177"><net_src comp="24" pin="0"/><net_sink comp="170" pin=2"/></net>

<net id="181"><net_src comp="170" pin="3"/><net_sink comp="178" pin=0"/></net>

<net id="186"><net_src comp="178" pin="1"/><net_sink comp="182" pin=0"/></net>

<net id="187"><net_src comp="166" pin="1"/><net_sink comp="182" pin=1"/></net>

<net id="192"><net_src comp="163" pin="1"/><net_sink comp="188" pin=0"/></net>

<net id="193"><net_src comp="30" pin="0"/><net_sink comp="188" pin=1"/></net>

<net id="198"><net_src comp="163" pin="1"/><net_sink comp="194" pin=0"/></net>

<net id="199"><net_src comp="32" pin="0"/><net_sink comp="194" pin=1"/></net>

<net id="207"><net_src comp="200" pin="1"/><net_sink comp="203" pin=0"/></net>

<net id="208"><net_src comp="34" pin="0"/><net_sink comp="203" pin=1"/></net>

<net id="213"><net_src comp="160" pin="1"/><net_sink comp="209" pin=0"/></net>

<net id="214"><net_src comp="36" pin="0"/><net_sink comp="209" pin=1"/></net>

<net id="218"><net_src comp="209" pin="2"/><net_sink comp="215" pin=0"/></net>

<net id="224"><net_src comp="22" pin="0"/><net_sink comp="219" pin=0"/></net>

<net id="225"><net_src comp="209" pin="2"/><net_sink comp="219" pin=1"/></net>

<net id="226"><net_src comp="24" pin="0"/><net_sink comp="219" pin=2"/></net>

<net id="230"><net_src comp="219" pin="3"/><net_sink comp="227" pin=0"/></net>

<net id="235"><net_src comp="227" pin="1"/><net_sink comp="231" pin=0"/></net>

<net id="236"><net_src comp="215" pin="1"/><net_sink comp="231" pin=1"/></net>

<net id="242"><net_src comp="20" pin="0"/><net_sink comp="237" pin=1"/></net>

<net id="251"><net_src comp="237" pin="3"/><net_sink comp="248" pin=0"/></net>

<net id="256"><net_src comp="248" pin="1"/><net_sink comp="252" pin=0"/></net>

<net id="257"><net_src comp="243" pin="3"/><net_sink comp="252" pin=1"/></net>

<net id="261"><net_src comp="258" pin="1"/><net_sink comp="87" pin=2"/></net>

<net id="277"><net_src comp="52" pin="0"/><net_sink comp="273" pin=1"/></net>

<net id="282"><net_src comp="270" pin="1"/><net_sink comp="278" pin=0"/></net>

<net id="283"><net_src comp="54" pin="0"/><net_sink comp="278" pin=1"/></net>

<net id="287"><net_src comp="278" pin="2"/><net_sink comp="284" pin=0"/></net>

<net id="292"><net_src comp="284" pin="1"/><net_sink comp="288" pin=0"/></net>

<net id="296"><net_src comp="293" pin="1"/><net_sink comp="100" pin=2"/></net>

<net id="301"><net_src comp="56" pin="0"/><net_sink comp="297" pin=1"/></net>

<net id="305"><net_src comp="297" pin="2"/><net_sink comp="302" pin=0"/></net>

<net id="310"><net_src comp="302" pin="1"/><net_sink comp="306" pin=0"/></net>

<net id="314"><net_src comp="311" pin="1"/><net_sink comp="108" pin=2"/></net>

<net id="319"><net_src comp="58" pin="0"/><net_sink comp="315" pin=1"/></net>

<net id="323"><net_src comp="315" pin="2"/><net_sink comp="320" pin=0"/></net>

<net id="328"><net_src comp="320" pin="1"/><net_sink comp="324" pin=0"/></net>

<net id="332"><net_src comp="329" pin="1"/><net_sink comp="116" pin=2"/></net>

<net id="337"><net_src comp="60" pin="0"/><net_sink comp="333" pin=1"/></net>

<net id="350"><net_src comp="333" pin="2"/><net_sink comp="346" pin=0"/></net>

<net id="354"><net_src comp="68" pin="1"/><net_sink comp="351" pin=0"/></net>

<net id="355"><net_src comp="351" pin="1"/><net_sink comp="155" pin=1"/></net>

<net id="356"><net_src comp="351" pin="1"/><net_sink comp="200" pin=0"/></net>

<net id="357"><net_src comp="351" pin="1"/><net_sink comp="346" pin=1"/></net>

<net id="361"><net_src comp="72" pin="1"/><net_sink comp="358" pin=0"/></net>

<net id="362"><net_src comp="358" pin="1"/><net_sink comp="150" pin=1"/></net>

<net id="363"><net_src comp="358" pin="1"/><net_sink comp="160" pin=0"/></net>

<net id="364"><net_src comp="358" pin="1"/><net_sink comp="342" pin=1"/></net>

<net id="368"><net_src comp="76" pin="1"/><net_sink comp="365" pin=0"/></net>

<net id="369"><net_src comp="365" pin="1"/><net_sink comp="145" pin=1"/></net>

<net id="370"><net_src comp="365" pin="1"/><net_sink comp="163" pin=0"/></net>

<net id="371"><net_src comp="365" pin="1"/><net_sink comp="338" pin=1"/></net>

<net id="375"><net_src comp="160" pin="1"/><net_sink comp="372" pin=0"/></net>

<net id="376"><net_src comp="372" pin="1"/><net_sink comp="262" pin=2"/></net>

<net id="380"><net_src comp="182" pin="2"/><net_sink comp="377" pin=0"/></net>

<net id="381"><net_src comp="377" pin="1"/><net_sink comp="243" pin=2"/></net>

<net id="385"><net_src comp="188" pin="2"/><net_sink comp="382" pin=0"/></net>

<net id="389"><net_src comp="194" pin="2"/><net_sink comp="386" pin=0"/></net>

<net id="390"><net_src comp="386" pin="1"/><net_sink comp="338" pin=0"/></net>

<net id="394"><net_src comp="200" pin="1"/><net_sink comp="391" pin=0"/></net>

<net id="395"><net_src comp="391" pin="1"/><net_sink comp="237" pin=2"/></net>

<net id="399"><net_src comp="203" pin="2"/><net_sink comp="396" pin=0"/></net>

<net id="400"><net_src comp="396" pin="1"/><net_sink comp="237" pin=0"/></net>

<net id="401"><net_src comp="396" pin="1"/><net_sink comp="243" pin=0"/></net>

<net id="402"><net_src comp="396" pin="1"/><net_sink comp="262" pin=0"/></net>

<net id="406"><net_src comp="209" pin="2"/><net_sink comp="403" pin=0"/></net>

<net id="407"><net_src comp="403" pin="1"/><net_sink comp="262" pin=1"/></net>

<net id="411"><net_src comp="231" pin="2"/><net_sink comp="408" pin=0"/></net>

<net id="412"><net_src comp="408" pin="1"/><net_sink comp="243" pin=1"/></net>

<net id="416"><net_src comp="237" pin="3"/><net_sink comp="413" pin=0"/></net>

<net id="417"><net_src comp="413" pin="1"/><net_sink comp="267" pin=0"/></net>

<net id="418"><net_src comp="413" pin="1"/><net_sink comp="270" pin=0"/></net>

<net id="419"><net_src comp="413" pin="1"/><net_sink comp="333" pin=0"/></net>

<net id="423"><net_src comp="243" pin="3"/><net_sink comp="420" pin=0"/></net>

<net id="424"><net_src comp="420" pin="1"/><net_sink comp="288" pin=1"/></net>

<net id="425"><net_src comp="420" pin="1"/><net_sink comp="306" pin=1"/></net>

<net id="426"><net_src comp="420" pin="1"/><net_sink comp="324" pin=1"/></net>

<net id="430"><net_src comp="252" pin="2"/><net_sink comp="427" pin=0"/></net>

<net id="431"><net_src comp="427" pin="1"/><net_sink comp="258" pin=0"/></net>

<net id="435"><net_src comp="87" pin="3"/><net_sink comp="432" pin=0"/></net>

<net id="436"><net_src comp="432" pin="1"/><net_sink comp="94" pin=0"/></net>

<net id="440"><net_src comp="94" pin="3"/><net_sink comp="437" pin=0"/></net>

<net id="441"><net_src comp="437" pin="1"/><net_sink comp="273" pin=0"/></net>

<net id="442"><net_src comp="437" pin="1"/><net_sink comp="140" pin=0"/></net>

<net id="443"><net_src comp="437" pin="1"/><net_sink comp="80" pin=2"/></net>

<net id="447"><net_src comp="262" pin="3"/><net_sink comp="444" pin=0"/></net>

<net id="448"><net_src comp="444" pin="1"/><net_sink comp="342" pin=0"/></net>

<net id="452"><net_src comp="267" pin="1"/><net_sink comp="449" pin=0"/></net>

<net id="453"><net_src comp="449" pin="1"/><net_sink comp="297" pin=0"/></net>

<net id="454"><net_src comp="449" pin="1"/><net_sink comp="315" pin=0"/></net>

<net id="458"><net_src comp="273" pin="2"/><net_sink comp="455" pin=0"/></net>

<net id="462"><net_src comp="288" pin="2"/><net_sink comp="459" pin=0"/></net>

<net id="463"><net_src comp="459" pin="1"/><net_sink comp="293" pin=0"/></net>

<net id="467"><net_src comp="100" pin="3"/><net_sink comp="464" pin=0"/></net>

<net id="468"><net_src comp="464" pin="1"/><net_sink comp="94" pin=0"/></net>

<net id="472"><net_src comp="140" pin="2"/><net_sink comp="469" pin=0"/></net>

<net id="476"><net_src comp="306" pin="2"/><net_sink comp="473" pin=0"/></net>

<net id="477"><net_src comp="473" pin="1"/><net_sink comp="311" pin=0"/></net>

<net id="481"><net_src comp="108" pin="3"/><net_sink comp="478" pin=0"/></net>

<net id="482"><net_src comp="478" pin="1"/><net_sink comp="94" pin=0"/></net>

<net id="486"><net_src comp="140" pin="2"/><net_sink comp="483" pin=0"/></net>

<net id="490"><net_src comp="324" pin="2"/><net_sink comp="487" pin=0"/></net>

<net id="491"><net_src comp="487" pin="1"/><net_sink comp="329" pin=0"/></net>

<net id="495"><net_src comp="116" pin="3"/><net_sink comp="492" pin=0"/></net>

<net id="496"><net_src comp="492" pin="1"/><net_sink comp="94" pin=0"/></net>

</net_list>

</model> 
---------------- Datapath Model END ------------------

* FSMD analyzer results:
  - Output states:
	Port: board | {}
	Port: symbol_3_out | {16 }
 - Input state : 
	Port: winning_Pipeline_VITIS_LOOP_61_7_VITIS_LOOP_62_8 : board | {4 5 7 8 10 11 13 14 }
  - Chain level:
	State 1
		store_ln0 : 1
		store_ln0 : 1
		store_ln0 : 1
	State 2
		zext_ln61 : 1
		p_shl3 : 1
		p_shl3_cast : 2
		empty : 3
		icmp_ln61 : 1
		add_ln61 : 1
		br_ln61 : 2
		icmp_ln62 : 1
		indvars_iv_next6046 : 1
		zext_ln61_1 : 2
		p_shl3_mid1 : 2
		p_shl3_cast_mid1 : 3
		p_mid124 : 4
	State 3
		col_3_cast14 : 1
		add_ln63 : 2
	State 4
		board_addr : 1
		symbol : 2
	State 5
	State 6
		br_ln66 : 1
		add_ln67 : 1
		zext_ln67 : 2
		add_ln67_1 : 3
	State 7
		board_addr_1 : 1
		board_load : 2
	State 8
	State 9
		br_ln67 : 1
		zext_ln68 : 1
		add_ln68_1 : 2
	State 10
		board_addr_2 : 1
		board_load_1 : 2
	State 11
	State 12
		br_ln68 : 1
		zext_ln69 : 1
		add_ln69_1 : 2
	State 13
		board_addr_3 : 1
		board_load_2 : 2
	State 14
	State 15
		br_ln66 : 1
		store_ln62 : 1
	State 16
		UnifiedRetVal : 1
		ret_ln0 : 2
	State 17


============================================================
+ Verbose Summary: Datapath Resource usage 
============================================================

* Functional unit list:
|----------|----------------------------|---------|---------|
| Operation|       Functional Unit      |    FF   |   LUT   |
|----------|----------------------------|---------|---------|
|          |       add_ln61_fu_194      |    0    |    13   |
|          | indvars_iv_next6046_fu_209 |    0    |    10   |
|          |       add_ln63_fu_252      |    0    |    14   |
|          |       add_ln67_fu_278      |    0    |    13   |
|    add   |      add_ln67_1_fu_288     |    0    |    14   |
|          |       add_ln68_fu_297      |    0    |    13   |
|          |      add_ln68_1_fu_306     |    0    |    14   |
|          |       add_ln69_fu_315      |    0    |    13   |
|          |      add_ln69_1_fu_324     |    0    |    14   |
|          |       add_ln62_fu_333      |    0    |    11   |
|----------|----------------------------|---------|---------|
|          |         grp_fu_140         |    0    |    15   |
|   icmp   |      icmp_ln61_fu_188      |    0    |    13   |
|          |      icmp_ln62_fu_203      |    0    |    11   |
|          |      icmp_ln66_fu_273      |    0    |    15   |
|----------|----------------------------|---------|---------|
|    sub   |        empty_fu_182        |    0    |    13   |
|          |       p_mid124_fu_231      |    0    |    13   |
|----------|----------------------------|---------|---------|
|          |     select_ln61_fu_237     |    0    |    3    |
|  select  |    select_ln61_1_fu_243    |    0    |    6    |
|          |    select_ln61_2_fu_262    |    0    |    2    |
|----------|----------------------------|---------|---------|
|   write  |   write_ln64_write_fu_80   |    0    |    0    |
|----------|----------------------------|---------|---------|
|          |      zext_ln61_fu_166      |    0    |    0    |
|          |     p_shl3_cast_fu_178     |    0    |    0    |
|          |     zext_ln61_1_fu_215     |    0    |    0    |
|          |   p_shl3_cast_mid1_fu_227  |    0    |    0    |
|          |     col_3_cast14_fu_248    |    0    |    0    |
|          |      zext_ln64_fu_258      |    0    |    0    |
|   zext   |     col_3_cast17_fu_267    |    0    |    0    |
|          |      col_3_cast_fu_270     |    0    |    0    |
|          |      zext_ln67_fu_284      |    0    |    0    |
|          |     zext_ln67_1_fu_293     |    0    |    0    |
|          |      zext_ln68_fu_302      |    0    |    0    |
|          |     zext_ln68_1_fu_311     |    0    |    0    |
|          |      zext_ln69_fu_320      |    0    |    0    |
|          |     zext_ln69_1_fu_329     |    0    |    0    |
|----------|----------------------------|---------|---------|
|bitconcatenate|        p_shl3_fu_170       |    0    |    0    |
|          |     p_shl3_mid1_fu_219     |    0    |    0    |
|----------|----------------------------|---------|---------|
|   Total  |                            |    0    |   220   |
|----------|----------------------------|---------|---------|

Memories:
N/A

* Register list:
+---------------------------+--------+
|                           |   FF   |
+---------------------------+--------+
|   UnifiedRetVal_reg_124   |    1   |
|      add_ln61_reg_386     |    4   |
|      add_ln63_reg_427     |    6   |
|     add_ln67_1_reg_459    |    6   |
|     add_ln68_1_reg_473    |    6   |
|     add_ln69_1_reg_487    |    6   |
|    board_addr_1_reg_464   |    6   |
|    board_addr_2_reg_478   |    6   |
|    board_addr_3_reg_492   |    6   |
|     board_addr_reg_432    |    6   |
|    col_3_cast17_reg_449   |    5   |
|      col_load_reg_391     |    3   |
|        col_reg_351        |    3   |
|       empty_reg_377       |    6   |
|     icmp_ln61_reg_382     |    1   |
|     icmp_ln62_reg_396     |    1   |
|     icmp_ln66_reg_455     |    1   |
|     icmp_ln67_reg_469     |    1   |
|     icmp_ln68_reg_483     |    1   |
|  indvar_flatten26_reg_365 |    4   |
|indvars_iv_next6046_reg_403|    2   |
|      p_mid124_reg_408     |    6   |
|          reg_136          |    8   |
|       row_1_reg_372       |    2   |
|        row_reg_358        |    2   |
|   select_ln61_1_reg_420   |    6   |
|   select_ln61_2_reg_444   |    2   |
|    select_ln61_reg_413    |    3   |
|       symbol_reg_437      |    8   |
+---------------------------+--------+
|           Total           |   118  |
+---------------------------+--------+

* Multiplexer (MUX) list: 
|------------------|------|------|------|--------||---------||---------|
|       Comp       |  Pin | Size |  BW  | S x BW ||  Delay  ||   LUT   |
|------------------|------|------|------|--------||---------||---------|
| grp_access_fu_94 |  p0  |   8  |   6  |   48   ||    42   |
|------------------|------|------|------|--------||---------||---------|
|       Total      |      |      |      |   48   ||  2.3038 ||    42   |
|------------------|------|------|------|--------||---------||---------|



* Summary:
+-----------+--------+--------+--------+
|           |  Delay |   FF   |   LUT  |
+-----------+--------+--------+--------+
|  Function |    -   |    0   |   220  |
|   Memory  |    -   |    -   |    -   |
|Multiplexer|    2   |    -   |   42   |
|  Register |    -   |   118  |    -   |
+-----------+--------+--------+--------+
|   Total   |    2   |   118  |   262  |
+-----------+--------+--------+--------+
