

================================================================
== Vitis HLS Report for 'winning_Pipeline_VITIS_LOOP_29_3_VITIS_LOOP_30_4'
================================================================
* Date:           Sun Jan 11 21:20:18 2026

* Version:        2023.1 (Build 3854077 on May  4 2023)
* Project:        VP_C4
* Solution:       solution1 (Vivado IP Flow Target)
* Product family: zynq
* Target device:  xc7z020-clg484-1


================================================================
== Performance Estimates
================================================================
+ Timing: 
    * Summary: 
    +--------+---------+----------+------------+
    |  Clock |  Target | Estimated| Uncertainty|
    +--------+---------+----------+------------+
    |ap_clk  |  5.00 ns|  3.605 ns|     1.35 ns|
    +--------+---------+----------+------------+

+ Latency: 
    * Summary: 
    +---------+---------+-----------+----------+-----+-----+---------+
    |  Latency (cycles) |  Latency (absolute)  |  Interval | Pipeline|
    |   min   |   max   |    min    |    max   | min | max |   Type  |
    +---------+---------+-----------+----------+-----+-----+---------+
    |       15|      310|  75.000 ns|  1.550 us|   15|  310|       no|
    +---------+---------+-----------+----------+-----+-----+---------+

    + Detail: 
        * Instance: 
        N/A

        * Loop: 
        +-----------------------------------+---------+---------+----------+-----------+-----------+--------+----------+
        |                                   |  Latency (cycles) | Iteration|  Initiation Interval  |  Trip  |          |
        |             Loop Name             |   min   |   max   |  Latency |  achieved |   target  |  Count | Pipelined|
        +-----------------------------------+---------+---------+----------+-----------+-----------+--------+----------+
        |- VITIS_LOOP_29_3_VITIS_LOOP_30_4  |       13|      307|        14|         14|          1|  0 ~ 21|       yes|
        +-----------------------------------+---------+---------+----------+-----------+-----------+--------+----------+

============================================================
+ Verbose Summary: Synthesis Manager
============================================================
InlineROM: 1
ExposeGlobal: 0
============================================================
+ Verbose Summary: CDFG Model
============================================================
IsTopModel: 0
ResetActiveHigh: 1
IsCombinational: 0
IsDatapathOnly: 0
HasWiredReturn: 1
HasMFsm: 2
HasVarLatency: 1
IsPipeline: 0
IsRtlPipelined: 0
IsInstanceOverlapped: 0
IsDontTouch: 0
HasImplIP: 0
IsGatedGlobalClock: 0

+ Individual pipeline summary: 
  * Pipeline-0: initiation interval (II) = 14, depth = 14


============================================================
+ Verbose Summary: Schedule
============================================================
* Number of FSM states : 17
* Pipeline : 1
  Pipeline-0 : II = 14, D = 14, States = { 2 3 4 5 6 7 8 9 10 11 12 13 14 15 }
* Dataflow Pipeline: 0

* FSM state transitions: 
1 --> 2 
2 --> 3 
3 --> 4 
4 --> 5 
5 --> 6 
6 --> 7 
7 --> 8 
8 --> 9 
9 --> 10 
10 --> 11 
11 --> 12 
12 --> 13 
13 --> 14 
14 --> 15 
15 --> 16 17 2 
16 --> 
17 --> 16 

* FSM state operations: 

State 1 <SV = 0> <Delay = 1.58>
ST_1 : Operation 18 [1/1] (0.00ns)   --->   "%row = alloca i32 1"   --->   Operation 18 'alloca' 'row' <Predicate = true> <Delay = 0.00>
ST_1 : Operation 19 [1/1] (0.00ns)   --->   "%col = alloca i32 1"   --->   Operation 19 'alloca' 'col' <Predicate = true> <Delay = 0.00>
ST_1 : Operation 20 [1/1] (0.00ns)   --->   "%indvar_flatten6 = alloca i32 1"   --->   Operation 20 'alloca' 'indvar_flatten6' <Predicate = true> <Delay = 0.00>
ST_1 : Operation 21 [1/1] (0.00ns)   --->   "%specinterface_ln0 = specinterface void @_ssdm_op_SpecInterface, i8 %board, void @empty, i32 0, i32 0, void @empty_0, i32 4294967295, i32 0, void @empty_0, void @empty_0, void @empty_0, i32 0, i32 0, i32 0, i32 0, void @empty_0, void @empty_0, i32 4294967295, i32 0"   --->   Operation 21 'specinterface' 'specinterface_ln0' <Predicate = true> <Delay = 0.00>
ST_1 : Operation 22 [1/1] (1.58ns)   --->   "%store_ln0 = store i5 0, i5 %indvar_flatten6"   --->   Operation 22 'store' 'store_ln0' <Predicate = true> <Delay = 1.58>
ST_1 : Operation 23 [1/1] (1.58ns)   --->   "%store_ln0 = store i3 0, i3 %col"   --->   Operation 23 'store' 'store_ln0' <Predicate = true> <Delay = 1.58>
ST_1 : Operation 24 [1/1] (1.58ns)   --->   "%store_ln0 = store i2 0, i2 %row"   --->   Operation 24 'store' 'store_ln0' <Predicate = true> <Delay = 1.58>
ST_1 : Operation 25 [1/1] (0.00ns)   --->   "%br_ln0 = br void %for.body45"   --->   Operation 25 'br' 'br_ln0' <Predicate = true> <Delay = 0.00>

State 2 <SV = 1> <Delay = 2.55>
ST_2 : Operation 26 [1/1] (0.00ns)   --->   "%indvar_flatten6_load = load i5 %indvar_flatten6" [winning_hls.cpp:29]   --->   Operation 26 'load' 'indvar_flatten6_load' <Predicate = true> <Delay = 0.00>
ST_2 : Operation 27 [1/1] (0.00ns)   --->   "%specpipeline_ln0 = specpipeline void @_ssdm_op_SpecPipeline, i32 4294967295, i32 0, i32 1, i32 0, void @p_str"   --->   Operation 27 'specpipeline' 'specpipeline_ln0' <Predicate = true> <Delay = 0.00>
ST_2 : Operation 28 [1/1] (1.78ns)   --->   "%icmp_ln29 = icmp_eq  i5 %indvar_flatten6_load, i5 21" [winning_hls.cpp:29]   --->   Operation 28 'icmp' 'icmp_ln29' <Predicate = true> <Delay = 1.78> <CoreInst = "Cmp">   --->   Core 9 'Cmp' <Latency = 0> <II = 1> <Delay = 1.78> <FuncUnit> <Opcode : 'icmp'> <InPorts = 2> <OutPorts = 1>
ST_2 : Operation 29 [1/1] (1.78ns)   --->   "%add_ln29 = add i5 %indvar_flatten6_load, i5 1" [winning_hls.cpp:29]   --->   Operation 29 'add' 'add_ln29' <Predicate = true> <Delay = 1.78> <CoreInst = "Adder">   --->   Core 1 'Adder' <Latency = 0> <II = 1> <Delay = 1.78> <FuncUnit> <Opcode : 'add' 'sub'> <InPorts = 2> <OutPorts = 1>
ST_2 : Operation 30 [1/1] (0.00ns)   --->   "%br_ln29 = br i1 %icmp_ln29, void %for.inc95, void %for.body109.preheader.exitStub" [winning_hls.cpp:29]   --->   Operation 30 'br' 'br_ln29' <Predicate = true> <Delay = 0.00>
ST_2 : Operation 31 [1/1] (0.00ns)   --->   "%row_load = load i2 %row" [winning_hls.cpp:30]   --->   Operation 31 'load' 'row_load' <Predicate = (!icmp_ln29)> <Delay = 0.00>
ST_2 : Operation 32 [1/1] (0.00ns)   --->   "%col_load = load i3 %col" [winning_hls.cpp:29]   --->   Operation 32 'load' 'col_load' <Predicate = (!icmp_ln29)> <Delay = 0.00>
ST_2 : Operation 33 [1/1] (1.56ns)   --->   "%icmp_ln30 = icmp_eq  i2 %row_load, i2 3" [winning_hls.cpp:30]   --->   Operation 33 'icmp' 'icmp_ln30' <Predicate = (!icmp_ln29)> <Delay = 1.56> <CoreInst = "Cmp">   --->   Core 9 'Cmp' <Latency = 0> <II = 1> <Delay = 1.56> <FuncUnit> <Opcode : 'icmp'> <InPorts = 2> <OutPorts = 1>
ST_2 : Operation 34 [1/1] (0.99ns)   --->   "%select_ln29 = select i1 %icmp_ln30, i2 0, i2 %row_load" [winning_hls.cpp:29]   --->   Operation 34 'select' 'select_ln29' <Predicate = (!icmp_ln29)> <Delay = 0.99> <CoreInst = "Sel">   --->   Core 73 'Sel' <Latency = 0> <II = 1> <Delay = 0.99> <FuncUnit> <Opcode : 'select'> <InPorts = 3> <OutPorts = 1>
ST_2 : Operation 35 [1/1] (1.65ns)   --->   "%add_ln29_1 = add i3 %col_load, i3 1" [winning_hls.cpp:29]   --->   Operation 35 'add' 'add_ln29_1' <Predicate = (!icmp_ln29)> <Delay = 1.65> <CoreInst = "Adder">   --->   Core 1 'Adder' <Latency = 0> <II = 1> <Delay = 1.65> <FuncUnit> <Opcode : 'add' 'sub'> <InPorts = 2> <OutPorts = 1>

State 3 <SV = 2> <Delay = 3.60>
ST_3 : Operation 36 [1/1] (0.98ns)   --->   "%select_ln29_1 = select i1 %icmp_ln30, i3 %add_ln29_1, i3 %col_load" [winning_hls.cpp:29]   --->   Operation 36 'select' 'select_ln29_1' <Predicate = (!icmp_ln29)> <Delay = 0.98> <CoreInst = "Sel">   --->   Core 73 'Sel' <Latency = 0> <II = 1> <Delay = 0.98> <FuncUnit> <Opcode : 'select'> <InPorts = 3> <OutPorts = 1>
ST_3 : Operation 37 [1/1] (0.00ns)   --->   "%zext_ln29_1 = zext i3 %select_ln29_1" [winning_hls.cpp:29]   --->   Operation 37 'zext' 'zext_ln29_1' <Predicate = (!icmp_ln29)> <Delay = 0.00>
ST_3 : Operation 38 [1/1] (0.00ns)   --->   "%row_2_cast12 = zext i2 %select_ln29" [winning_hls.cpp:29]   --->   Operation 38 'zext' 'row_2_cast12' <Predicate = (!icmp_ln29)> <Delay = 0.00>
ST_3 : Operation 39 [1/1] (0.00ns)   --->   "%shl_ln = bitconcatenate i5 @_ssdm_op_BitConcatenate.i5.i2.i3, i2 %select_ln29, i3 0" [winning_hls.cpp:31]   --->   Operation 39 'bitconcatenate' 'shl_ln' <Predicate = (!icmp_ln29)> <Delay = 0.00>
ST_3 : Operation 40 [1/1] (0.00ns)   --->   "%zext_ln31 = zext i5 %shl_ln" [winning_hls.cpp:31]   --->   Operation 40 'zext' 'zext_ln31' <Predicate = (!icmp_ln29)> <Delay = 0.00>
ST_3 : Operation 41 [1/1] (1.78ns)   --->   "%sub_ln31 = sub i6 %zext_ln31, i6 %row_2_cast12" [winning_hls.cpp:31]   --->   Operation 41 'sub' 'sub_ln31' <Predicate = (!icmp_ln29)> <Delay = 1.78> <CoreInst = "Adder">   --->   Core 1 'Adder' <Latency = 0> <II = 1> <Delay = 1.78> <FuncUnit> <Opcode : 'add' 'sub'> <InPorts = 2> <OutPorts = 1>
ST_3 : Operation 42 [1/1] (0.00ns)   --->   "%trunc_ln31 = trunc i6 %sub_ln31" [winning_hls.cpp:31]   --->   Operation 42 'trunc' 'trunc_ln31' <Predicate = (!icmp_ln29)> <Delay = 0.00>
ST_3 : Operation 43 [1/1] (1.82ns)   --->   "%add_ln31 = add i6 %sub_ln31, i6 %zext_ln29_1" [winning_hls.cpp:31]   --->   Operation 43 'add' 'add_ln31' <Predicate = (!icmp_ln29)> <Delay = 1.82> <CoreInst = "Adder">   --->   Core 1 'Adder' <Latency = 0> <II = 1> <Delay = 1.82> <FuncUnit> <Opcode : 'add' 'sub'> <InPorts = 2> <OutPorts = 1>

State 4 <SV = 3> <Delay = 2.32>
ST_4 : Operation 44 [1/1] (0.00ns)   --->   "%sext_ln32 = sext i6 %add_ln31" [winning_hls.cpp:32]   --->   Operation 44 'sext' 'sext_ln32' <Predicate = (!icmp_ln29)> <Delay = 0.00>
ST_4 : Operation 45 [1/1] (0.00ns)   --->   "%board_addr_2 = getelementptr i8 %board, i64 0, i64 %sext_ln32" [winning_hls.cpp:32]   --->   Operation 45 'getelementptr' 'board_addr_2' <Predicate = (!icmp_ln29)> <Delay = 0.00>
ST_4 : Operation 46 [2/2] (2.32ns)   --->   "%symbol = load i6 %board_addr_2" [winning_hls.cpp:32]   --->   Operation 46 'load' 'symbol' <Predicate = (!icmp_ln29)> <Delay = 2.32> <CoreInst = "RAM">   --->   Core 82 'RAM' <Latency = 1> <II = 1> <Delay = 2.32> <Storage> <Opcode : 'load' 'store'> <Ports = 2> <Width = 8> <Depth = 42> <RAM>

State 5 <SV = 4> <Delay = 2.32>
ST_5 : Operation 47 [1/2] (2.32ns)   --->   "%symbol = load i6 %board_addr_2" [winning_hls.cpp:32]   --->   Operation 47 'load' 'symbol' <Predicate = (!icmp_ln29)> <Delay = 2.32> <CoreInst = "RAM">   --->   Core 82 'RAM' <Latency = 1> <II = 1> <Delay = 2.32> <Storage> <Opcode : 'load' 'store'> <Ports = 2> <Width = 8> <Depth = 42> <RAM>

State 6 <SV = 5> <Delay = 3.40>
ST_6 : Operation 48 [1/1] (0.00ns)   --->   "%specloopname_ln0 = specloopname void @_ssdm_op_SpecLoopName, void @VITIS_LOOP_29_3_VITIS_LOOP_30_4_str"   --->   Operation 48 'specloopname' 'specloopname_ln0' <Predicate = (!icmp_ln29)> <Delay = 0.00>
ST_6 : Operation 49 [1/1] (0.00ns)   --->   "%speclooptripcount_ln0 = speclooptripcount void @_ssdm_op_SpecLoopTripCount, i64 0, i64 21, i64 3"   --->   Operation 49 'speclooptripcount' 'speclooptripcount_ln0' <Predicate = (!icmp_ln29)> <Delay = 0.00>
ST_6 : Operation 50 [1/1] (0.00ns)   --->   "%zext_ln29 = zext i3 %select_ln29_1" [winning_hls.cpp:29]   --->   Operation 50 'zext' 'zext_ln29' <Predicate = (!icmp_ln29)> <Delay = 0.00>
ST_6 : Operation 51 [1/1] (0.00ns)   --->   "%specpipeline_ln0 = specpipeline void @_ssdm_op_SpecPipeline, i32 4294967295, i32 0, i32 1, i32 0, void @p_str"   --->   Operation 51 'specpipeline' 'specpipeline_ln0' <Predicate = (!icmp_ln29)> <Delay = 0.00>
ST_6 : Operation 52 [1/1] (0.00ns)   --->   "%specloopname_ln30 = specloopname void @_ssdm_op_SpecLoopName, void @empty_7" [winning_hls.cpp:30]   --->   Operation 52 'specloopname' 'specloopname_ln30' <Predicate = (!icmp_ln29)> <Delay = 0.00>
ST_6 : Operation 53 [1/1] (1.91ns)   --->   "%icmp_ln34 = icmp_eq  i8 %symbol, i8 32" [winning_hls.cpp:34]   --->   Operation 53 'icmp' 'icmp_ln34' <Predicate = (!icmp_ln29)> <Delay = 1.91> <CoreInst = "Cmp">   --->   Core 9 'Cmp' <Latency = 0> <II = 1> <Delay = 1.91> <FuncUnit> <Opcode : 'icmp'> <InPorts = 2> <OutPorts = 1>
ST_6 : Operation 54 [1/1] (1.56ns)   --->   "%add_ln35 = add i2 %select_ln29, i2 1" [winning_hls.cpp:35]   --->   Operation 54 'add' 'add_ln35' <Predicate = (!icmp_ln29)> <Delay = 1.56> <CoreInst = "Adder">   --->   Core 1 'Adder' <Latency = 0> <II = 1> <Delay = 1.56> <FuncUnit> <Opcode : 'add' 'sub'> <InPorts = 2> <OutPorts = 1>
ST_6 : Operation 55 [1/1] (0.00ns)   --->   "%br_ln34 = br i1 %icmp_ln34, void %land.lhs.true54, void %if.end85" [winning_hls.cpp:34]   --->   Operation 55 'br' 'br_ln34' <Predicate = (!icmp_ln29)> <Delay = 0.00>
ST_6 : Operation 56 [1/1] (0.00ns) (grouped into TernaryAdder)   --->   "%add_ln35_1 = add i5 %trunc_ln31, i5 7" [winning_hls.cpp:35]   --->   Operation 56 'add' 'add_ln35_1' <Predicate = (!icmp_ln29 & !icmp_ln34)> <Delay = 0.00> <CoreInst = "TAddSub">   --->   Core 10 'TAddSub' <Latency = 0> <II = 1> <Delay = 1.74> <IPBlock> <Opcode : '<invalid operator> ' 'add' 'sub'> <InPorts = 3> <OutPorts = 1> <Sync> <CReg>
ST_6 : Operation 57 [1/1] (3.40ns) (root node of TernaryAdder)   --->   "%add_ln35_2 = add i5 %add_ln35_1, i5 %zext_ln29" [winning_hls.cpp:35]   --->   Operation 57 'add' 'add_ln35_2' <Predicate = (!icmp_ln29 & !icmp_ln34)> <Delay = 3.40> <CoreInst = "TAddSub">   --->   Core 10 'TAddSub' <Latency = 0> <II = 1> <Delay = 1.74> <IPBlock> <Opcode : '<invalid operator> ' 'add' 'sub'> <InPorts = 3> <OutPorts = 1> <Sync> <CReg>

State 7 <SV = 6> <Delay = 2.32>
ST_7 : Operation 58 [1/1] (0.00ns)   --->   "%zext_ln35 = zext i5 %add_ln35_2" [winning_hls.cpp:35]   --->   Operation 58 'zext' 'zext_ln35' <Predicate = (!icmp_ln29 & !icmp_ln34)> <Delay = 0.00>
ST_7 : Operation 59 [1/1] (0.00ns)   --->   "%board_addr_4 = getelementptr i8 %board, i64 0, i64 %zext_ln35" [winning_hls.cpp:35]   --->   Operation 59 'getelementptr' 'board_addr_4' <Predicate = (!icmp_ln29 & !icmp_ln34)> <Delay = 0.00>
ST_7 : Operation 60 [2/2] (2.32ns)   --->   "%board_load_3 = load i6 %board_addr_4" [winning_hls.cpp:35]   --->   Operation 60 'load' 'board_load_3' <Predicate = (!icmp_ln29 & !icmp_ln34)> <Delay = 2.32> <CoreInst = "RAM">   --->   Core 82 'RAM' <Latency = 1> <II = 1> <Delay = 2.32> <Storage> <Opcode : 'load' 'store'> <Ports = 2> <Width = 8> <Depth = 42> <RAM>

State 8 <SV = 7> <Delay = 2.32>
ST_8 : Operation 61 [1/2] (2.32ns)   --->   "%board_load_3 = load i6 %board_addr_4" [winning_hls.cpp:35]   --->   Operation 61 'load' 'board_load_3' <Predicate = (!icmp_ln29 & !icmp_ln34)> <Delay = 2.32> <CoreInst = "RAM">   --->   Core 82 'RAM' <Latency = 1> <II = 1> <Delay = 2.32> <Storage> <Opcode : 'load' 'store'> <Ports = 2> <Width = 8> <Depth = 42> <RAM>

State 9 <SV = 8> <Delay = 3.49>
ST_9 : Operation 62 [1/1] (1.91ns)   --->   "%icmp_ln35 = icmp_eq  i8 %symbol, i8 %board_load_3" [winning_hls.cpp:35]   --->   Operation 62 'icmp' 'icmp_ln35' <Predicate = (!icmp_ln29 & !icmp_ln34)> <Delay = 1.91> <CoreInst = "Cmp">   --->   Core 9 'Cmp' <Latency = 0> <II = 1> <Delay = 1.91> <FuncUnit> <Opcode : 'icmp'> <InPorts = 2> <OutPorts = 1>
ST_9 : Operation 63 [1/1] (0.00ns)   --->   "%br_ln35 = br i1 %icmp_ln35, void %if.end85, void %land.lhs.true63" [winning_hls.cpp:35]   --->   Operation 63 'br' 'br_ln35' <Predicate = (!icmp_ln29 & !icmp_ln34)> <Delay = 0.00>
ST_9 : Operation 64 [1/1] (0.00ns) (grouped into TernaryAdder)   --->   "%add_ln36 = add i6 %sub_ln31, i6 14" [winning_hls.cpp:36]   --->   Operation 64 'add' 'add_ln36' <Predicate = (!icmp_ln29 & !icmp_ln34 & icmp_ln35)> <Delay = 0.00> <CoreInst = "TAddSub">   --->   Core 10 'TAddSub' <Latency = 0> <II = 1> <Delay = 1.74> <IPBlock> <Opcode : '<invalid operator> ' 'add' 'sub'> <InPorts = 3> <OutPorts = 1> <Sync> <CReg>
ST_9 : Operation 65 [1/1] (3.49ns) (root node of TernaryAdder)   --->   "%add_ln36_1 = add i6 %add_ln36, i6 %zext_ln29_1" [winning_hls.cpp:36]   --->   Operation 65 'add' 'add_ln36_1' <Predicate = (!icmp_ln29 & !icmp_ln34 & icmp_ln35)> <Delay = 3.49> <CoreInst = "TAddSub">   --->   Core 10 'TAddSub' <Latency = 0> <II = 1> <Delay = 1.74> <IPBlock> <Opcode : '<invalid operator> ' 'add' 'sub'> <InPorts = 3> <OutPorts = 1> <Sync> <CReg>

State 10 <SV = 9> <Delay = 2.32>
ST_10 : Operation 66 [1/1] (0.00ns)   --->   "%zext_ln36 = zext i6 %add_ln36_1" [winning_hls.cpp:36]   --->   Operation 66 'zext' 'zext_ln36' <Predicate = (!icmp_ln29 & !icmp_ln34 & icmp_ln35)> <Delay = 0.00>
ST_10 : Operation 67 [1/1] (0.00ns)   --->   "%board_addr = getelementptr i8 %board, i64 0, i64 %zext_ln36" [winning_hls.cpp:36]   --->   Operation 67 'getelementptr' 'board_addr' <Predicate = (!icmp_ln29 & !icmp_ln34 & icmp_ln35)> <Delay = 0.00>
ST_10 : Operation 68 [2/2] (2.32ns)   --->   "%board_load = load i6 %board_addr" [winning_hls.cpp:36]   --->   Operation 68 'load' 'board_load' <Predicate = (!icmp_ln29 & !icmp_ln34 & icmp_ln35)> <Delay = 2.32> <CoreInst = "RAM">   --->   Core 82 'RAM' <Latency = 1> <II = 1> <Delay = 2.32> <Storage> <Opcode : 'load' 'store'> <Ports = 2> <Width = 8> <Depth = 42> <RAM>

State 11 <SV = 10> <Delay = 2.32>
ST_11 : Operation 69 [1/2] (2.32ns)   --->   "%board_load = load i6 %board_addr" [winning_hls.cpp:36]   --->   Operation 69 'load' 'board_load' <Predicate = (!icmp_ln29 & !icmp_ln34 & icmp_ln35)> <Delay = 2.32> <CoreInst = "RAM">   --->   Core 82 'RAM' <Latency = 1> <II = 1> <Delay = 2.32> <Storage> <Opcode : 'load' 'store'> <Ports = 2> <Width = 8> <Depth = 42> <RAM>

State 12 <SV = 11> <Delay = 3.49>
ST_12 : Operation 70 [1/1] (1.91ns)   --->   "%icmp_ln36 = icmp_eq  i8 %symbol, i8 %board_load" [winning_hls.cpp:36]   --->   Operation 70 'icmp' 'icmp_ln36' <Predicate = (!icmp_ln29 & !icmp_ln34 & icmp_ln35)> <Delay = 1.91> <CoreInst = "Cmp">   --->   Core 9 'Cmp' <Latency = 0> <II = 1> <Delay = 1.91> <FuncUnit> <Opcode : 'icmp'> <InPorts = 2> <OutPorts = 1>
ST_12 : Operation 71 [1/1] (0.00ns)   --->   "%br_ln36 = br i1 %icmp_ln36, void %if.end85, void %land.lhs.true72" [winning_hls.cpp:36]   --->   Operation 71 'br' 'br_ln36' <Predicate = (!icmp_ln29 & !icmp_ln34 & icmp_ln35)> <Delay = 0.00>
ST_12 : Operation 72 [1/1] (0.00ns) (grouped into TernaryAdder)   --->   "%add_ln37 = add i6 %sub_ln31, i6 21" [winning_hls.cpp:37]   --->   Operation 72 'add' 'add_ln37' <Predicate = (!icmp_ln29 & !icmp_ln34 & icmp_ln35 & icmp_ln36)> <Delay = 0.00> <CoreInst = "TAddSub">   --->   Core 10 'TAddSub' <Latency = 0> <II = 1> <Delay = 1.74> <IPBlock> <Opcode : '<invalid operator> ' 'add' 'sub'> <InPorts = 3> <OutPorts = 1> <Sync> <CReg>
ST_12 : Operation 73 [1/1] (3.49ns) (root node of TernaryAdder)   --->   "%add_ln37_1 = add i6 %add_ln37, i6 %zext_ln29_1" [winning_hls.cpp:37]   --->   Operation 73 'add' 'add_ln37_1' <Predicate = (!icmp_ln29 & !icmp_ln34 & icmp_ln35 & icmp_ln36)> <Delay = 3.49> <CoreInst = "TAddSub">   --->   Core 10 'TAddSub' <Latency = 0> <II = 1> <Delay = 1.74> <IPBlock> <Opcode : '<invalid operator> ' 'add' 'sub'> <InPorts = 3> <OutPorts = 1> <Sync> <CReg>

State 13 <SV = 12> <Delay = 2.32>
ST_13 : Operation 74 [1/1] (0.00ns)   --->   "%zext_ln37 = zext i6 %add_ln37_1" [winning_hls.cpp:37]   --->   Operation 74 'zext' 'zext_ln37' <Predicate = (!icmp_ln29 & !icmp_ln34 & icmp_ln35 & icmp_ln36)> <Delay = 0.00>
ST_13 : Operation 75 [1/1] (0.00ns)   --->   "%board_addr_7 = getelementptr i8 %board, i64 0, i64 %zext_ln37" [winning_hls.cpp:37]   --->   Operation 75 'getelementptr' 'board_addr_7' <Predicate = (!icmp_ln29 & !icmp_ln34 & icmp_ln35 & icmp_ln36)> <Delay = 0.00>
ST_13 : Operation 76 [2/2] (2.32ns)   --->   "%board_load_5 = load i6 %board_addr_7" [winning_hls.cpp:37]   --->   Operation 76 'load' 'board_load_5' <Predicate = (!icmp_ln29 & !icmp_ln34 & icmp_ln35 & icmp_ln36)> <Delay = 2.32> <CoreInst = "RAM">   --->   Core 82 'RAM' <Latency = 1> <II = 1> <Delay = 2.32> <Storage> <Opcode : 'load' 'store'> <Ports = 2> <Width = 8> <Depth = 42> <RAM>

State 14 <SV = 13> <Delay = 2.32>
ST_14 : Operation 77 [1/2] (2.32ns)   --->   "%board_load_5 = load i6 %board_addr_7" [winning_hls.cpp:37]   --->   Operation 77 'load' 'board_load_5' <Predicate = (!icmp_ln29 & !icmp_ln34 & icmp_ln35 & icmp_ln36)> <Delay = 2.32> <CoreInst = "RAM">   --->   Core 82 'RAM' <Latency = 1> <II = 1> <Delay = 2.32> <Storage> <Opcode : 'load' 'store'> <Ports = 2> <Width = 8> <Depth = 42> <RAM>

State 15 <SV = 14> <Delay = 3.50>
ST_15 : Operation 78 [1/1] (1.91ns)   --->   "%icmp_ln37 = icmp_eq  i8 %symbol, i8 %board_load_5" [winning_hls.cpp:37]   --->   Operation 78 'icmp' 'icmp_ln37' <Predicate = (!icmp_ln29 & !icmp_ln34 & icmp_ln35 & icmp_ln36)> <Delay = 1.91> <CoreInst = "Cmp">   --->   Core 9 'Cmp' <Latency = 0> <II = 1> <Delay = 1.91> <FuncUnit> <Opcode : 'icmp'> <InPorts = 2> <OutPorts = 1>
ST_15 : Operation 79 [1/1] (0.00ns)   --->   "%br_ln34 = br i1 %icmp_ln37, void %if.end85, void %cleanup97.exitStub" [winning_hls.cpp:34]   --->   Operation 79 'br' 'br_ln34' <Predicate = (!icmp_ln29 & !icmp_ln34 & icmp_ln35 & icmp_ln36)> <Delay = 0.00>
ST_15 : Operation 80 [1/1] (1.58ns)   --->   "%store_ln30 = store i5 %add_ln29, i5 %indvar_flatten6" [winning_hls.cpp:30]   --->   Operation 80 'store' 'store_ln30' <Predicate = (!icmp_ln29 & !icmp_ln37) | (!icmp_ln29 & !icmp_ln36) | (!icmp_ln29 & !icmp_ln35) | (!icmp_ln29 & icmp_ln34)> <Delay = 1.58>
ST_15 : Operation 81 [1/1] (1.58ns)   --->   "%store_ln30 = store i3 %select_ln29_1, i3 %col" [winning_hls.cpp:30]   --->   Operation 81 'store' 'store_ln30' <Predicate = (!icmp_ln29 & !icmp_ln37) | (!icmp_ln29 & !icmp_ln36) | (!icmp_ln29 & !icmp_ln35) | (!icmp_ln29 & icmp_ln34)> <Delay = 1.58>
ST_15 : Operation 82 [1/1] (1.58ns)   --->   "%store_ln30 = store i2 %add_ln35, i2 %row" [winning_hls.cpp:30]   --->   Operation 82 'store' 'store_ln30' <Predicate = (!icmp_ln29 & !icmp_ln37) | (!icmp_ln29 & !icmp_ln36) | (!icmp_ln29 & !icmp_ln35) | (!icmp_ln29 & icmp_ln34)> <Delay = 1.58>
ST_15 : Operation 83 [1/1] (0.00ns)   --->   "%br_ln30 = br void %for.body45" [winning_hls.cpp:30]   --->   Operation 83 'br' 'br_ln30' <Predicate = (!icmp_ln29 & !icmp_ln37) | (!icmp_ln29 & !icmp_ln36) | (!icmp_ln29 & !icmp_ln35) | (!icmp_ln29 & icmp_ln34)> <Delay = 0.00>

State 16 <SV = 15> <Delay = 1.58>
ST_16 : Operation 84 [1/1] (0.00ns)   --->   "%write_ln32 = write void @_ssdm_op_Write.ap_auto.i8P0A, i8 %symbol_1_out, i8 %symbol" [winning_hls.cpp:32]   --->   Operation 84 'write' 'write_ln32' <Predicate = (!icmp_ln29)> <Delay = 0.00>
ST_16 : Operation 85 [1/1] (1.58ns)   --->   "%br_ln0 = br void %UnifiedReturnBlock"   --->   Operation 85 'br' 'br_ln0' <Predicate = (!icmp_ln29)> <Delay = 1.58>
ST_16 : Operation 86 [1/1] (0.00ns)   --->   "%UnifiedRetVal = phi i1 1, void %for.body109.preheader.exitStub, i1 0, void %cleanup97.exitStub"   --->   Operation 86 'phi' 'UnifiedRetVal' <Predicate = true> <Delay = 0.00>
ST_16 : Operation 87 [1/1] (0.00ns)   --->   "%ret_ln0 = ret i1 %UnifiedRetVal"   --->   Operation 87 'ret' 'ret_ln0' <Predicate = true> <Delay = 0.00>

State 17 <SV = 2> <Delay = 1.58>
ST_17 : Operation 88 [1/1] (1.58ns)   --->   "%br_ln0 = br void %UnifiedReturnBlock"   --->   Operation 88 'br' 'br_ln0' <Predicate = true> <Delay = 1.58>


============================================================
+ Verbose Summary: Timing violations
============================================================
Target clock period: 5.000ns, clock uncertainty: 1.350ns.

 <State 1>: 1.588ns
The critical path consists of the following:
	'alloca' operation ('indvar_flatten6') [5]  (0.000 ns)
	'store' operation ('store_ln0') of constant 0 on local variable 'indvar_flatten6' [7]  (1.588 ns)

 <State 2>: 2.558ns
The critical path consists of the following:
	'load' operation ('row_load', winning_hls.cpp:30) on local variable 'row' [18]  (0.000 ns)
	'icmp' operation ('icmp_ln30', winning_hls.cpp:30) [22]  (1.565 ns)
	'select' operation ('select_ln29', winning_hls.cpp:29) [23]  (0.993 ns)

 <State 3>: 3.605ns
The critical path consists of the following:
	'sub' operation ('sub_ln31', winning_hls.cpp:31) [33]  (1.780 ns)
	'add' operation ('add_ln31', winning_hls.cpp:31) [35]  (1.825 ns)

 <State 4>: 2.322ns
The critical path consists of the following:
	'getelementptr' operation ('board_addr_2', winning_hls.cpp:32) [37]  (0.000 ns)
	'load' operation ('symbol', winning_hls.cpp:32) on array 'board' [38]  (2.322 ns)

 <State 5>: 2.322ns
The critical path consists of the following:
	'load' operation ('symbol', winning_hls.cpp:32) on array 'board' [38]  (2.322 ns)

 <State 6>: 3.404ns
The critical path consists of the following:
	'add' operation ('add_ln35_2', winning_hls.cpp:35) [44]  (3.404 ns)

 <State 7>: 2.322ns
The critical path consists of the following:
	'getelementptr' operation ('board_addr_4', winning_hls.cpp:35) [46]  (0.000 ns)
	'load' operation ('board_load_3', winning_hls.cpp:35) on array 'board' [47]  (2.322 ns)

 <State 8>: 2.322ns
The critical path consists of the following:
	'load' operation ('board_load_3', winning_hls.cpp:35) on array 'board' [47]  (2.322 ns)

 <State 9>: 3.492ns
The critical path consists of the following:
	'add' operation ('add_ln36', winning_hls.cpp:36) [51]  (0.000 ns)
	'add' operation ('add_ln36_1', winning_hls.cpp:36) [52]  (3.492 ns)

 <State 10>: 2.322ns
The critical path consists of the following:
	'getelementptr' operation ('board_addr', winning_hls.cpp:36) [54]  (0.000 ns)
	'load' operation ('board_load', winning_hls.cpp:36) on array 'board' [55]  (2.322 ns)

 <State 11>: 2.322ns
The critical path consists of the following:
	'load' operation ('board_load', winning_hls.cpp:36) on array 'board' [55]  (2.322 ns)

 <State 12>: 3.492ns
The critical path consists of the following:
	'add' operation ('add_ln37', winning_hls.cpp:37) [59]  (0.000 ns)
	'add' operation ('add_ln37_1', winning_hls.cpp:37) [60]  (3.492 ns)

 <State 13>: 2.322ns
The critical path consists of the following:
	'getelementptr' operation ('board_addr_7', winning_hls.cpp:37) [62]  (0.000 ns)
	'load' operation ('board_load_5', winning_hls.cpp:37) on array 'board' [63]  (2.322 ns)

 <State 14>: 2.322ns
The critical path consists of the following:
	'load' operation ('board_load_5', winning_hls.cpp:37) on array 'board' [63]  (2.322 ns)

 <State 15>: 3.503ns
The critical path consists of the following:
	'icmp' operation ('icmp_ln37', winning_hls.cpp:37) [64]  (1.915 ns)
	blocking operation 1.588 ns on control path)

 <State 16>: 1.588ns
The critical path consists of the following:
	multiplexor before 'phi' operation ('UnifiedRetVal') [77]  (1.588 ns)
	'phi' operation ('UnifiedRetVal') [77]  (0.000 ns)

 <State 17>: 1.588ns
The critical path consists of the following:
	multiplexor before 'phi' operation ('UnifiedRetVal') [77]  (1.588 ns)


============================================================
+ Verbose Summary: Binding
============================================================
N/A
* FSMD analyzer results:
  - Output states:
 - Input state : 
  - Chain level:
	State 1
	State 2
	State 3
	State 4
	State 5
	State 6
	State 7
	State 8
	State 9
	State 10
	State 11
	State 12
	State 13
	State 14
	State 15
	State 16
	State 17


============================================================
+ Verbose Summary: Datapath Resource usage 
============================================================
N/A
