

================================================================
== Vitis HLS Report for 'winning_Pipeline_VITIS_LOOP_77_9'
================================================================
* Date:           Sun Jan 11 21:20:25 2026

* Version:        2023.1 (Build 3854077 on May  4 2023)
* Project:        VP_C4
* Solution:       solution1 (Vivado IP Flow Target)
* Product family: zynq
* Target device:  xc7z020-clg484-1


================================================================
== Performance Estimates
================================================================
+ Timing: 
    * Summary: 
    +--------+---------+----------+------------+
    |  Clock |  Target | Estimated| Uncertainty|
    +--------+---------+----------+------------+
    |ap_clk  |  5.00 ns|  3.503 ns|     1.35 ns|
    +--------+---------+----------+------------+

+ Latency: 
    * Summary: 
    +---------+---------+-----------+----------+-----+-----+---------+
    |  Latency (cycles) |  Latency (absolute)  |  Interval | Pipeline|
    |   min   |   max   |    min    |    max   | min | max |   Type  |
    +---------+---------+-----------+----------+-----+-----+---------+
    |        4|      130|  20.000 ns|  0.650 us|    4|  130|       no|
    +---------+---------+-----------+----------+-----+-----+---------+

    + Detail: 
        * Instance: 
        N/A

        * Loop: 
        +-------------------+---------+---------+----------+-----------+-----------+--------+----------+
        |                   |  Latency (cycles) | Iteration|  Initiation Interval  |  Trip  |          |
        |     Loop Name     |   min   |   max   |  Latency |  achieved |   target  |  Count | Pipelined|
        +-------------------+---------+---------+----------+-----------+-----------+--------+----------+
        |- VITIS_LOOP_77_9  |        2|      128|         3|          3|          1|  0 ~ 42|       yes|
        +-------------------+---------+---------+----------+-----------+-----------+--------+----------+



================================================================
== Utilization Estimates
================================================================
* Summary: 
+-----------------+---------+-----+--------+-------+-----+
|       Name      | BRAM_18K| DSP |   FF   |  LUT  | URAM|
+-----------------+---------+-----+--------+-------+-----+
|DSP              |        -|    -|       -|      -|    -|
|Expression       |        -|    -|       0|     43|    -|
|FIFO             |        -|    -|       -|      -|    -|
|Instance         |        -|    -|       -|      -|    -|
|Memory           |        -|    -|       -|      -|    -|
|Multiplexer      |        -|    -|       -|     65|    -|
|Register         |        -|    -|      27|      -|    -|
+-----------------+---------+-----+--------+-------+-----+
|Total            |        0|    0|      27|    108|    0|
+-----------------+---------+-----+--------+-------+-----+
|Available        |      280|  220|  106400|  53200|    0|
+-----------------+---------+-----+--------+-------+-----+
|Utilization (%)  |        0|    0|      ~0|     ~0|    0|
+-----------------+---------+-----+--------+-------+-----+

+ Detail: 
    * Instance: 
    N/A

    * DSP: 
    N/A

    * Memory: 
    N/A

    * FIFO: 
    N/A

    * Expression: 
    +--------------------+----------+----+---+----+------------+------------+
    |    Variable Name   | Operation| DSP| FF| LUT| Bitwidth P0| Bitwidth P1|
    +--------------------+----------+----+---+----+------------+------------+
    |add_ln77_fu_85_p2   |         +|   0|  0|  14|           6|           1|
    |icmp_ln77_fu_79_p2  |      icmp|   0|  0|  14|           6|           6|
    |icmp_ln78_fu_96_p2  |      icmp|   0|  0|  15|           8|           6|
    +--------------------+----------+----+---+----+------------+------------+
    |Total               |          |   0|  0|  43|          20|          13|
    +--------------------+----------+----+---+----+------------+------------+

    * Multiplexer: 
    +-------------------------------+----+-----------+-----+-----------+
    |              Name             | LUT| Input Size| Bits| Total Bits|
    +-------------------------------+----+-----------+-----+-----------+
    |ap_NS_fsm                      |  20|          4|    1|          4|
    |ap_done_int                    |   9|          2|    1|          2|
    |ap_phi_mux_merge_phi_fu_63_p4  |   9|          2|    1|          2|
    |ap_return                      |   9|          2|    1|          2|
    |ap_sig_allocacmp_i_1           |   9|          2|    6|         12|
    |i_fu_42                        |   9|          2|    6|         12|
    +-------------------------------+----+-----------+-----+-----------+
    |Total                          |  65|         14|   16|         34|
    +-------------------------------+----+-----------+-----+-----------+

    * Register: 
    +--------------------+---+----+-----+-----------+
    |        Name        | FF| LUT| Bits| Const Bits|
    +--------------------+---+----+-----+-----------+
    |add_ln77_reg_116    |  6|   0|    6|          0|
    |ap_CS_fsm           |  3|   0|    3|          0|
    |ap_done_reg         |  1|   0|    1|          0|
    |ap_return_preg      |  1|   0|    1|          0|
    |board_load_reg_126  |  8|   0|    8|          0|
    |i_fu_42             |  6|   0|    6|          0|
    |icmp_ln77_reg_112   |  1|   0|    1|          0|
    |merge_reg_59        |  1|   0|    1|          0|
    +--------------------+---+----+-----+-----------+
    |Total               | 27|   0|   27|          0|
    +--------------------+---+----+-----+-----------+



================================================================
== Interface
================================================================
* Summary: 
+--------------+-----+-----+------------+----------------------------------+--------------+
|   RTL Ports  | Dir | Bits|  Protocol  |           Source Object          |    C Type    |
+--------------+-----+-----+------------+----------------------------------+--------------+
|ap_clk        |   in|    1|  ap_ctrl_hs|  winning_Pipeline_VITIS_LOOP_77_9|  return value|
|ap_rst        |   in|    1|  ap_ctrl_hs|  winning_Pipeline_VITIS_LOOP_77_9|  return value|
|ap_start      |   in|    1|  ap_ctrl_hs|  winning_Pipeline_VITIS_LOOP_77_9|  return value|
|ap_done       |  out|    1|  ap_ctrl_hs|  winning_Pipeline_VITIS_LOOP_77_9|  return value|
|ap_idle       |  out|    1|  ap_ctrl_hs|  winning_Pipeline_VITIS_LOOP_77_9|  return value|
|ap_ready      |  out|    1|  ap_ctrl_hs|  winning_Pipeline_VITIS_LOOP_77_9|  return value|
|ap_return     |  out|    1|  ap_ctrl_hs|  winning_Pipeline_VITIS_LOOP_77_9|  return value|
|board_Addr_A  |  out|   32|        bram|                             board|         array|
|board_EN_A    |  out|    1|        bram|                             board|         array|
|board_WEN_A   |  out|    1|        bram|                             board|         array|
|board_Din_A   |  out|    8|        bram|                             board|         array|
|board_Dout_A  |   in|    8|        bram|                             board|         array|
+--------------+-----+-----+------------+----------------------------------+--------------+

