

================================================================
== Vitis HLS Report for 'winning'
================================================================
* Date:           Sun Jan 11 21:20:26 2026

* Version:        2023.1 (Build 3854077 on May  4 2023)
* Project:        VP_C4
* Solution:       solution1 (Vivado IP Flow Target)
* Product family: zynq
* Target device:  xc7z020-clg484-1


================================================================
== Performance Estimates
================================================================
+ Timing: 
    * Summary: 
    +--------+---------+----------+------------+
    |  Clock |  Target | Estimated| Uncertainty|
    +--------+---------+----------+------------+
    |ap_clk  |  5.00 ns|  3.650 ns|     1.35 ns|
    +--------+---------+----------+------------+

+ Latency: 
    * Summary: 
    +---------+---------+-----------+----------+-----+------+---------+
    |  Latency (cycles) |  Latency (absolute)  |  Interval  | Pipeline|
    |   min   |   max   |    min    |    max   | min |  max |   Type  |
    +---------+---------+-----------+----------+-----+------+---------+
    |       18|     1169|  90.000 ns|  5.845 us|   19|  1170|       no|
    +---------+---------+-----------+----------+-----+------+---------+

    + Detail: 
        * Instance: 
        +------------------------------------------------------------+--------------------------------------------------+---------+---------+-----------+----------+-----+-----+---------+
        |                                                            |                                                  |  Latency (cycles) |  Latency (absolute)  |  Interval | Pipeline|
        |                          Instance                          |                      Module                      |   min   |   max   |    min    |    max   | min | max |   Type  |
        +------------------------------------------------------------+--------------------------------------------------+---------+---------+-----------+----------+-----+-----+---------+
        |grp_winning_Pipeline_VITIS_LOOP_13_1_VITIS_LOOP_14_2_fu_71  |winning_Pipeline_VITIS_LOOP_13_1_VITIS_LOOP_14_2  |       15|      352|  75.000 ns|  1.760 us|   15|  352|       no|
        |grp_winning_Pipeline_VITIS_LOOP_29_3_VITIS_LOOP_30_4_fu_78  |winning_Pipeline_VITIS_LOOP_29_3_VITIS_LOOP_30_4  |       15|      310|  75.000 ns|  1.550 us|   15|  310|       no|
        |grp_winning_Pipeline_VITIS_LOOP_45_5_VITIS_LOOP_46_6_fu_85  |winning_Pipeline_VITIS_LOOP_45_5_VITIS_LOOP_46_6  |       15|      184|  75.000 ns|  0.920 us|   15|  184|       no|
        |grp_winning_Pipeline_VITIS_LOOP_61_7_VITIS_LOOP_62_8_fu_92  |winning_Pipeline_VITIS_LOOP_61_7_VITIS_LOOP_62_8  |       15|      184|  75.000 ns|  0.920 us|   15|  184|       no|
        |grp_winning_Pipeline_VITIS_LOOP_77_9_fu_99                  |winning_Pipeline_VITIS_LOOP_77_9                  |        4|      130|  20.000 ns|  0.650 us|    4|  130|       no|
        +------------------------------------------------------------+--------------------------------------------------+---------+---------+-----------+----------+-----+-----+---------+

        * Loop: 
        N/A



================================================================
== Utilization Estimates
================================================================
* Summary: 
+-----------------+---------+-----+--------+-------+-----+
|       Name      | BRAM_18K| DSP |   FF   |  LUT  | URAM|
+-----------------+---------+-----+--------+-------+-----+
|DSP              |        -|    -|       -|      -|    -|
|Expression       |        -|    -|       0|     72|    -|
|FIFO             |        -|    -|       -|      -|    -|
|Instance         |        -|    -|     453|   1492|    -|
|Memory           |        -|    -|       -|      -|    -|
|Multiplexer      |        -|    -|       -|    178|    -|
|Register         |        -|    -|      53|      -|    -|
+-----------------+---------+-----+--------+-------+-----+
|Total            |        0|    0|     506|   1742|    0|
+-----------------+---------+-----+--------+-------+-----+
|Available        |      280|  220|  106400|  53200|    0|
+-----------------+---------+-----+--------+-------+-----+
|Utilization (%)  |        0|    0|      ~0|      3|    0|
+-----------------+---------+-----+--------+-------+-----+

+ Detail: 
    * Instance: 
    +------------------------------------------------------------+--------------------------------------------------+---------+----+-----+-----+-----+
    |                          Instance                          |                      Module                      | BRAM_18K| DSP|  FF | LUT | URAM|
    +------------------------------------------------------------+--------------------------------------------------+---------+----+-----+-----+-----+
    |grp_winning_Pipeline_VITIS_LOOP_13_1_VITIS_LOOP_14_2_fu_71  |winning_Pipeline_VITIS_LOOP_13_1_VITIS_LOOP_14_2  |        0|   0|  101|  344|    0|
    |grp_winning_Pipeline_VITIS_LOOP_29_3_VITIS_LOOP_30_4_fu_78  |winning_Pipeline_VITIS_LOOP_29_3_VITIS_LOOP_30_4  |        0|   0|  105|  319|    0|
    |grp_winning_Pipeline_VITIS_LOOP_45_5_VITIS_LOOP_46_6_fu_85  |winning_Pipeline_VITIS_LOOP_45_5_VITIS_LOOP_46_6  |        0|   0|  110|  342|    0|
    |grp_winning_Pipeline_VITIS_LOOP_61_7_VITIS_LOOP_62_8_fu_92  |winning_Pipeline_VITIS_LOOP_61_7_VITIS_LOOP_62_8  |        0|   0|  110|  379|    0|
    |grp_winning_Pipeline_VITIS_LOOP_77_9_fu_99                  |winning_Pipeline_VITIS_LOOP_77_9                  |        0|   0|   27|  108|    0|
    +------------------------------------------------------------+--------------------------------------------------+---------+----+-----+-----+-----+
    |Total                                                       |                                                  |        0|   0|  453| 1492|    0|
    +------------------------------------------------------------+--------------------------------------------------+---------+----+-----+-----+-----+

    * DSP: 
    N/A

    * Memory: 
    N/A

    * FIFO: 
    N/A

    * Expression: 
    +----------------------------------+----------+----+---+----+------------+------------+
    |           Variable Name          | Operation| DSP| FF| LUT| Bitwidth P0| Bitwidth P1|
    +----------------------------------+----------+----+---+----+------------+------------+
    |ap_block_state10_on_subcall_done  |       and|   0|  0|   2|           1|           1|
    |ap_predicate_op54_call_state10    |       and|   0|  0|   2|           1|           1|
    |icmp_ln22_fu_108_p2               |      icmp|   0|  0|  15|           8|           7|
    |icmp_ln38_fu_126_p2               |      icmp|   0|  0|  15|           8|           7|
    |icmp_ln54_fu_144_p2               |      icmp|   0|  0|  15|           8|           7|
    |icmp_ln70_fu_162_p2               |      icmp|   0|  0|  15|           8|           7|
    |select_ln22_fu_114_p3             |    select|   0|  0|   2|           1|           1|
    |select_ln38_fu_132_p3             |    select|   0|  0|   2|           1|           1|
    |select_ln54_fu_150_p3             |    select|   0|  0|   2|           1|           1|
    |select_ln70_fu_168_p3             |    select|   0|  0|   2|           1|           1|
    +----------------------------------+----------+----+---+----+------------+------------+
    |Total                             |          |   0|  0|  72|          38|          34|
    +----------------------------------+----------+----+---+----+------------+------------+

    * Multiplexer: 
    +--------------+----+-----------+-----+-----------+
    |     Name     | LUT| Input Size| Bits| Total Bits|
    +--------------+----+-----------+-----+-----------+
    |ap_NS_fsm     |  59|         11|    1|         11|
    |board_Addr_A  |  31|          6|   32|        192|
    |board_EN_A    |  31|          6|    1|          6|
    |result        |  37|          7|    2|         14|
    |result_preg   |  20|          4|    2|          8|
    +--------------+----+-----------+-----+-----------+
    |Total         | 178|         34|   38|        231|
    +--------------+----+-----------+-----+-----------+

    * Register: 
    +-------------------------------------------------------------------------+----+----+-----+-----------+
    |                                   Name                                  | FF | LUT| Bits| Const Bits|
    +-------------------------------------------------------------------------+----+----+-----+-----------+
    |ap_CS_fsm                                                                |  10|   0|   10|          0|
    |grp_winning_Pipeline_VITIS_LOOP_13_1_VITIS_LOOP_14_2_fu_71_ap_start_reg  |   1|   0|    1|          0|
    |grp_winning_Pipeline_VITIS_LOOP_29_3_VITIS_LOOP_30_4_fu_78_ap_start_reg  |   1|   0|    1|          0|
    |grp_winning_Pipeline_VITIS_LOOP_45_5_VITIS_LOOP_46_6_fu_85_ap_start_reg  |   1|   0|    1|          0|
    |grp_winning_Pipeline_VITIS_LOOP_61_7_VITIS_LOOP_62_8_fu_92_ap_start_reg  |   1|   0|    1|          0|
    |grp_winning_Pipeline_VITIS_LOOP_77_9_fu_99_ap_start_reg                  |   1|   0|    1|          0|
    |result_preg                                                              |   2|   0|   32|         30|
    |symbol_1_loc_fu_54                                                       |   8|   0|    8|          0|
    |symbol_2_loc_fu_50                                                       |   8|   0|    8|          0|
    |symbol_3_loc_fu_46                                                       |   8|   0|    8|          0|
    |symbol_loc_fu_58                                                         |   8|   0|    8|          0|
    |targetBlock1_reg_205                                                     |   1|   0|    1|          0|
    |targetBlock2_reg_209                                                     |   1|   0|    1|          0|
    |targetBlock3_reg_213                                                     |   1|   0|    1|          0|
    |targetBlock_reg_201                                                      |   1|   0|    1|          0|
    +-------------------------------------------------------------------------+----+----+-----+-----------+
    |Total                                                                    |  53|   0|   83|         30|
    +-------------------------------------------------------------------------+----+----+-----+-----------+



================================================================
== Interface
================================================================
* Summary: 
+--------------+-----+-----+------------+--------------+--------------+
|   RTL Ports  | Dir | Bits|  Protocol  | Source Object|    C Type    |
+--------------+-----+-----+------------+--------------+--------------+
|ap_clk        |   in|    1|  ap_ctrl_hs|       winning|  return value|
|ap_rst        |   in|    1|  ap_ctrl_hs|       winning|  return value|
|ap_start      |   in|    1|  ap_ctrl_hs|       winning|  return value|
|ap_done       |  out|    1|  ap_ctrl_hs|       winning|  return value|
|ap_idle       |  out|    1|  ap_ctrl_hs|       winning|  return value|
|ap_ready      |  out|    1|  ap_ctrl_hs|       winning|  return value|
|board_Addr_A  |  out|   32|        bram|         board|         array|
|board_EN_A    |  out|    1|        bram|         board|         array|
|board_WEN_A   |  out|    1|        bram|         board|         array|
|board_Din_A   |  out|    8|        bram|         board|         array|
|board_Dout_A  |   in|    8|        bram|         board|         array|
|board_Clk_A   |  out|    1|        bram|         board|         array|
|board_Rst_A   |  out|    1|        bram|         board|         array|
|result        |  out|   32|     ap_none|        result|       pointer|
+--------------+-----+-----+------------+--------------+--------------+

