

================================================================
== Vitis HLS Report for 'winning_Pipeline_VITIS_LOOP_29_3_VITIS_LOOP_30_4'
================================================================
* Date:           Sun Jan 11 21:20:23 2026

* Version:        2023.1 (Build 3854077 on May  4 2023)
* Project:        VP_C4
* Solution:       solution1 (Vivado IP Flow Target)
* Product family: zynq
* Target device:  xc7z020-clg484-1


================================================================
== Performance Estimates
================================================================
+ Timing: 
    * Summary: 
    +--------+---------+----------+------------+
    |  Clock |  Target | Estimated| Uncertainty|
    +--------+---------+----------+------------+
    |ap_clk  |  5.00 ns|  3.605 ns|     1.35 ns|
    +--------+---------+----------+------------+

+ Latency: 
    * Summary: 
    +---------+---------+-----------+----------+-----+-----+---------+
    |  Latency (cycles) |  Latency (absolute)  |  Interval | Pipeline|
    |   min   |   max   |    min    |    max   | min | max |   Type  |
    +---------+---------+-----------+----------+-----+-----+---------+
    |       15|      310|  75.000 ns|  1.550 us|   15|  310|       no|
    +---------+---------+-----------+----------+-----+-----+---------+

    + Detail: 
        * Instance: 
        N/A

        * Loop: 
        +-----------------------------------+---------+---------+----------+-----------+-----------+--------+----------+
        |                                   |  Latency (cycles) | Iteration|  Initiation Interval  |  Trip  |          |
        |             Loop Name             |   min   |   max   |  Latency |  achieved |   target  |  Count | Pipelined|
        +-----------------------------------+---------+---------+----------+-----------+-----------+--------+----------+
        |- VITIS_LOOP_29_3_VITIS_LOOP_30_4  |       13|      307|        14|         14|          1|  0 ~ 21|       yes|
        +-----------------------------------+---------+---------+----------+-----------+-----------+--------+----------+



================================================================
== Utilization Estimates
================================================================
* Summary: 
+-----------------+---------+-----+--------+-------+-----+
|       Name      | BRAM_18K| DSP |   FF   |  LUT  | URAM|
+-----------------+---------+-----+--------+-------+-----+
|DSP              |        -|    -|       -|      -|    -|
|Expression       |        -|    -|       0|    162|    -|
|FIFO             |        -|    -|       -|      -|    -|
|Instance         |        -|    -|       -|      -|    -|
|Memory           |        -|    -|       -|      -|    -|
|Multiplexer      |        -|    -|       -|    157|    -|
|Register         |        -|    -|     105|      -|    -|
+-----------------+---------+-----+--------+-------+-----+
|Total            |        0|    0|     105|    319|    0|
+-----------------+---------+-----+--------+-------+-----+
|Available        |      280|  220|  106400|  53200|    0|
+-----------------+---------+-----+--------+-------+-----+
|Utilization (%)  |        0|    0|      ~0|     ~0|    0|
+-----------------+---------+-----+--------+-------+-----+

+ Detail: 
    * Instance: 
    N/A

    * DSP: 
    N/A

    * Memory: 
    N/A

    * FIFO: 
    N/A

    * Expression: 
    +-------------------------+----------+----+---+----+------------+------------+
    |      Variable Name      | Operation| DSP| FF| LUT| Bitwidth P0| Bitwidth P1|
    +-------------------------+----------+----+---+----+------------+------------+
    |add_ln29_1_fu_193_p2     |         +|   0|  0|  11|           3|           1|
    |add_ln29_fu_167_p2       |         +|   0|  0|  13|           5|           1|
    |add_ln31_fu_232_p2       |         +|   0|  0|  14|           6|           6|
    |add_ln35_1_fu_255_p2     |         +|   0|  0|   7|           5|           3|
    |add_ln35_2_fu_260_p2     |         +|   0|  0|   7|           5|           5|
    |add_ln35_fu_250_p2       |         +|   0|  0|  10|           2|           1|
    |add_ln36_1_fu_275_p2     |         +|   0|  0|   7|           6|           6|
    |add_ln36_fu_270_p2       |         +|   0|  0|   7|           6|           4|
    |add_ln37_1_fu_289_p2     |         +|   0|  0|   7|           6|           6|
    |add_ln37_fu_284_p2       |         +|   0|  0|   7|           6|           5|
    |sub_ln31_fu_222_p2       |         -|   0|  0|  14|           6|           6|
    |grp_fu_138_p2            |      icmp|   0|  0|  15|           8|           8|
    |icmp_ln29_fu_161_p2      |      icmp|   0|  0|  13|           5|           5|
    |icmp_ln30_fu_179_p2      |      icmp|   0|  0|  10|           2|           2|
    |icmp_ln34_fu_245_p2      |      icmp|   0|  0|  15|           8|           6|
    |select_ln29_1_fu_199_p3  |    select|   0|  0|   3|           1|           3|
    |select_ln29_fu_185_p3    |    select|   0|  0|   2|           1|           1|
    +-------------------------+----------+----+---+----+------------+------------+
    |Total                    |          |   0|  0| 162|          81|          69|
    +-------------------------+----------+----+---+----+------------+------------+

    * Multiplexer: 
    +----------------------------------------+----+-----------+-----+-----------+
    |                  Name                  | LUT| Input Size| Bits| Total Bits|
    +----------------------------------------+----+-----------+-----+-----------+
    |ap_NS_fsm                               |  87|         18|    1|         18|
    |ap_phi_mux_UnifiedRetVal_phi_fu_126_p4  |   9|          2|    1|          2|
    |ap_return                               |   9|          2|    1|          2|
    |board_Addr_A_orig                       |  25|          5|   32|        160|
    |col_fu_70                               |   9|          2|    3|          6|
    |indvar_flatten6_fu_74                   |   9|          2|    5|         10|
    |row_fu_66                               |   9|          2|    2|          4|
    +----------------------------------------+----+-----------+-----+-----------+
    |Total                                   | 157|         33|   45|        202|
    +----------------------------------------+----+-----------+-----+-----------+

    * Register: 
    +-----------------------+----+----+-----+-----------+
    |          Name         | FF | LUT| Bits| Const Bits|
    +-----------------------+----+----+-----+-----------+
    |UnifiedRetVal_reg_122  |   1|   0|    1|          0|
    |add_ln29_1_reg_357     |   3|   0|    3|          0|
    |add_ln29_reg_335       |   5|   0|    5|          0|
    |add_ln31_reg_385       |   6|   0|    6|          0|
    |add_ln35_2_reg_411     |   5|   0|    5|          0|
    |add_ln35_reg_406       |   2|   0|    2|          0|
    |add_ln36_1_reg_425     |   6|   0|    6|          0|
    |add_ln37_1_reg_439     |   6|   0|    6|          0|
    |ap_CS_fsm              |  17|   0|   17|          0|
    |ap_return_preg         |   1|   0|    1|          0|
    |col_fu_70              |   3|   0|    3|          0|
    |col_load_reg_340       |   3|   0|    3|          0|
    |icmp_ln29_reg_331      |   1|   0|    1|          0|
    |icmp_ln30_reg_345      |   1|   0|    1|          0|
    |icmp_ln34_reg_402      |   1|   0|    1|          0|
    |icmp_ln35_reg_421      |   1|   0|    1|          0|
    |icmp_ln36_reg_435      |   1|   0|    1|          0|
    |indvar_flatten6_fu_74  |   5|   0|    5|          0|
    |reg_134                |   8|   0|    8|          0|
    |row_fu_66              |   2|   0|    2|          0|
    |select_ln29_1_reg_362  |   3|   0|    3|          0|
    |select_ln29_reg_350    |   2|   0|    2|          0|
    |sub_ln31_reg_374       |   6|   0|    6|          0|
    |symbol_reg_395         |   8|   0|    8|          0|
    |trunc_ln31_reg_380     |   5|   0|    5|          0|
    |zext_ln29_1_reg_368    |   3|   0|    6|          3|
    +-----------------------+----+----+-----+-----------+
    |Total                  | 105|   0|  108|          3|
    +-----------------------+----+----+-----+-----------+



================================================================
== Interface
================================================================
* Summary: 
+---------------------+-----+-----+------------+--------------------------------------------------+--------------+
|      RTL Ports      | Dir | Bits|  Protocol  |                   Source Object                  |    C Type    |
+---------------------+-----+-----+------------+--------------------------------------------------+--------------+
|ap_clk               |   in|    1|  ap_ctrl_hs|  winning_Pipeline_VITIS_LOOP_29_3_VITIS_LOOP_30_4|  return value|
|ap_rst               |   in|    1|  ap_ctrl_hs|  winning_Pipeline_VITIS_LOOP_29_3_VITIS_LOOP_30_4|  return value|
|ap_start             |   in|    1|  ap_ctrl_hs|  winning_Pipeline_VITIS_LOOP_29_3_VITIS_LOOP_30_4|  return value|
|ap_done              |  out|    1|  ap_ctrl_hs|  winning_Pipeline_VITIS_LOOP_29_3_VITIS_LOOP_30_4|  return value|
|ap_idle              |  out|    1|  ap_ctrl_hs|  winning_Pipeline_VITIS_LOOP_29_3_VITIS_LOOP_30_4|  return value|
|ap_ready             |  out|    1|  ap_ctrl_hs|  winning_Pipeline_VITIS_LOOP_29_3_VITIS_LOOP_30_4|  return value|
|ap_return            |  out|    1|  ap_ctrl_hs|  winning_Pipeline_VITIS_LOOP_29_3_VITIS_LOOP_30_4|  return value|
|board_Addr_A         |  out|   32|        bram|                                             board|         array|
|board_EN_A           |  out|    1|        bram|                                             board|         array|
|board_WEN_A          |  out|    1|        bram|                                             board|         array|
|board_Din_A          |  out|    8|        bram|                                             board|         array|
|board_Dout_A         |   in|    8|        bram|                                             board|         array|
|symbol_1_out         |  out|    8|      ap_vld|                                      symbol_1_out|       pointer|
|symbol_1_out_ap_vld  |  out|    1|      ap_vld|                                      symbol_1_out|       pointer|
+---------------------+-----+-----+------------+--------------------------------------------------+--------------+

