

================================================================
== Vitis HLS Report for 'winning_Pipeline_VITIS_LOOP_61_7_VITIS_LOOP_62_8'
================================================================
* Date:           Sun Jan 11 21:20:24 2026

* Version:        2023.1 (Build 3854077 on May  4 2023)
* Project:        VP_C4
* Solution:       solution1 (Vivado IP Flow Target)
* Product family: zynq
* Target device:  xc7z020-clg484-1


================================================================
== Performance Estimates
================================================================
+ Timing: 
    * Summary: 
    +--------+---------+----------+------------+
    |  Clock |  Target | Estimated| Uncertainty|
    +--------+---------+----------+------------+
    |ap_clk  |  5.00 ns|  3.605 ns|     1.35 ns|
    +--------+---------+----------+------------+

+ Latency: 
    * Summary: 
    +---------+---------+-----------+----------+-----+-----+---------+
    |  Latency (cycles) |  Latency (absolute)  |  Interval | Pipeline|
    |   min   |   max   |    min    |    max   | min | max |   Type  |
    +---------+---------+-----------+----------+-----+-----+---------+
    |       15|      184|  75.000 ns|  0.920 us|   15|  184|       no|
    +---------+---------+-----------+----------+-----+-----+---------+

    + Detail: 
        * Instance: 
        N/A

        * Loop: 
        +-----------------------------------+---------+---------+----------+-----------+-----------+--------+----------+
        |                                   |  Latency (cycles) | Iteration|  Initiation Interval  |  Trip  |          |
        |             Loop Name             |   min   |   max   |  Latency |  achieved |   target  |  Count | Pipelined|
        +-----------------------------------+---------+---------+----------+-----------+-----------+--------+----------+
        |- VITIS_LOOP_61_7_VITIS_LOOP_62_8  |       13|      181|        14|         14|          1|  0 ~ 12|       yes|
        +-----------------------------------+---------+---------+----------+-----------+-----------+--------+----------+



================================================================
== Utilization Estimates
================================================================
* Summary: 
+-----------------+---------+-----+--------+-------+-----+
|       Name      | BRAM_18K| DSP |   FF   |  LUT  | URAM|
+-----------------+---------+-----+--------+-------+-----+
|DSP              |        -|    -|       -|      -|    -|
|Expression       |        -|    -|       0|    222|    -|
|FIFO             |        -|    -|       -|      -|    -|
|Instance         |        -|    -|       -|      -|    -|
|Memory           |        -|    -|       -|      -|    -|
|Multiplexer      |        -|    -|       -|    157|    -|
|Register         |        -|    -|     110|      -|    -|
+-----------------+---------+-----+--------+-------+-----+
|Total            |        0|    0|     110|    379|    0|
+-----------------+---------+-----+--------+-------+-----+
|Available        |      280|  220|  106400|  53200|    0|
+-----------------+---------+-----+--------+-------+-----+
|Utilization (%)  |        0|    0|      ~0|     ~0|    0|
+-----------------+---------+-----+--------+-------+-----+

+ Detail: 
    * Instance: 
    N/A

    * DSP: 
    N/A

    * Memory: 
    N/A

    * FIFO: 
    N/A

    * Expression: 
    +-------------------------------+----------+----+---+----+------------+------------+
    |         Variable Name         | Operation| DSP| FF| LUT| Bitwidth P0| Bitwidth P1|
    +-------------------------------+----------+----+---+----+------------+------------+
    |add_ln61_fu_194_p2             |         +|   0|  0|  13|           4|           1|
    |add_ln62_fu_333_p2             |         +|   0|  0|  11|           3|           1|
    |add_ln63_fu_252_p2             |         +|   0|  0|  14|           6|           6|
    |add_ln67_1_fu_288_p2           |         +|   0|  0|  14|           6|           6|
    |add_ln67_fu_278_p2             |         +|   0|  0|  13|           4|           3|
    |add_ln68_1_fu_306_p2           |         +|   0|  0|  14|           6|           6|
    |add_ln68_fu_297_p2             |         +|   0|  0|  13|           5|           4|
    |add_ln69_1_fu_324_p2           |         +|   0|  0|  14|           6|           6|
    |add_ln69_fu_315_p2             |         +|   0|  0|  13|           5|           5|
    |indvars_iv_next6046_fu_209_p2  |         +|   0|  0|  10|           2|           1|
    |empty_fu_182_p2                |         -|   0|  0|  14|           6|           6|
    |p_mid124_fu_231_p2             |         -|   0|  0|  14|           6|           6|
    |grp_fu_140_p2                  |      icmp|   0|  0|  15|           8|           8|
    |icmp_ln61_fu_188_p2            |      icmp|   0|  0|  13|           4|           4|
    |icmp_ln62_fu_203_p2            |      icmp|   0|  0|  11|           3|           2|
    |icmp_ln66_fu_273_p2            |      icmp|   0|  0|  15|           8|           6|
    |select_ln61_1_fu_243_p3        |    select|   0|  0|   6|           1|           6|
    |select_ln61_2_fu_262_p3        |    select|   0|  0|   2|           1|           2|
    |select_ln61_fu_237_p3          |    select|   0|  0|   3|           1|           2|
    +-------------------------------+----------+----+---+----+------------+------------+
    |Total                          |          |   0|  0| 222|          85|          81|
    +-------------------------------+----------+----+---+----+------------+------------+

    * Multiplexer: 
    +----------------------------------------+----+-----------+-----+-----------+
    |                  Name                  | LUT| Input Size| Bits| Total Bits|
    +----------------------------------------+----+-----------+-----+-----------+
    |ap_NS_fsm                               |  87|         18|    1|         18|
    |ap_phi_mux_UnifiedRetVal_phi_fu_128_p4  |   9|          2|    1|          2|
    |ap_return                               |   9|          2|    1|          2|
    |board_Addr_A_orig                       |  25|          5|   32|        160|
    |col_fu_68                               |   9|          2|    3|          6|
    |indvar_flatten26_fu_76                  |   9|          2|    4|          8|
    |row_fu_72                               |   9|          2|    2|          4|
    +----------------------------------------+----+-----------+-----+-----------+
    |Total                                   | 157|         33|   44|        200|
    +----------------------------------------+----+-----------+-----+-----------+

    * Register: 
    +-----------------------------+----+----+-----+-----------+
    |             Name            | FF | LUT| Bits| Const Bits|
    +-----------------------------+----+----+-----+-----------+
    |UnifiedRetVal_reg_124        |   1|   0|    1|          0|
    |add_ln61_reg_386             |   4|   0|    4|          0|
    |add_ln63_reg_427             |   6|   0|    6|          0|
    |add_ln67_1_reg_459           |   6|   0|    6|          0|
    |add_ln68_1_reg_473           |   6|   0|    6|          0|
    |add_ln69_1_reg_487           |   6|   0|    6|          0|
    |ap_CS_fsm                    |  17|   0|   17|          0|
    |ap_return_preg               |   1|   0|    1|          0|
    |col_3_cast17_reg_449         |   3|   0|    5|          2|
    |col_fu_68                    |   3|   0|    3|          0|
    |col_load_reg_391             |   3|   0|    3|          0|
    |empty_reg_377                |   6|   0|    6|          0|
    |icmp_ln61_reg_382            |   1|   0|    1|          0|
    |icmp_ln62_reg_396            |   1|   0|    1|          0|
    |icmp_ln66_reg_455            |   1|   0|    1|          0|
    |icmp_ln67_reg_469            |   1|   0|    1|          0|
    |icmp_ln68_reg_483            |   1|   0|    1|          0|
    |indvar_flatten26_fu_76       |   4|   0|    4|          0|
    |indvars_iv_next6046_reg_403  |   2|   0|    2|          0|
    |p_mid124_reg_408             |   6|   0|    6|          0|
    |reg_136                      |   8|   0|    8|          0|
    |row_1_reg_372                |   2|   0|    2|          0|
    |row_fu_72                    |   2|   0|    2|          0|
    |select_ln61_1_reg_420        |   6|   0|    6|          0|
    |select_ln61_2_reg_444        |   2|   0|    2|          0|
    |select_ln61_reg_413          |   3|   0|    3|          0|
    |symbol_reg_437               |   8|   0|    8|          0|
    +-----------------------------+----+----+-----+-----------+
    |Total                        | 110|   0|  112|          2|
    +-----------------------------+----+----+-----+-----------+



================================================================
== Interface
================================================================
* Summary: 
+---------------------+-----+-----+------------+--------------------------------------------------+--------------+
|      RTL Ports      | Dir | Bits|  Protocol  |                   Source Object                  |    C Type    |
+---------------------+-----+-----+------------+--------------------------------------------------+--------------+
|ap_clk               |   in|    1|  ap_ctrl_hs|  winning_Pipeline_VITIS_LOOP_61_7_VITIS_LOOP_62_8|  return value|
|ap_rst               |   in|    1|  ap_ctrl_hs|  winning_Pipeline_VITIS_LOOP_61_7_VITIS_LOOP_62_8|  return value|
|ap_start             |   in|    1|  ap_ctrl_hs|  winning_Pipeline_VITIS_LOOP_61_7_VITIS_LOOP_62_8|  return value|
|ap_done              |  out|    1|  ap_ctrl_hs|  winning_Pipeline_VITIS_LOOP_61_7_VITIS_LOOP_62_8|  return value|
|ap_idle              |  out|    1|  ap_ctrl_hs|  winning_Pipeline_VITIS_LOOP_61_7_VITIS_LOOP_62_8|  return value|
|ap_ready             |  out|    1|  ap_ctrl_hs|  winning_Pipeline_VITIS_LOOP_61_7_VITIS_LOOP_62_8|  return value|
|ap_return            |  out|    1|  ap_ctrl_hs|  winning_Pipeline_VITIS_LOOP_61_7_VITIS_LOOP_62_8|  return value|
|board_Addr_A         |  out|   32|        bram|                                             board|         array|
|board_EN_A           |  out|    1|        bram|                                             board|         array|
|board_WEN_A          |  out|    1|        bram|                                             board|         array|
|board_Din_A          |  out|    8|        bram|                                             board|         array|
|board_Dout_A         |   in|    8|        bram|                                             board|         array|
|symbol_3_out         |  out|    8|      ap_vld|                                      symbol_3_out|       pointer|
|symbol_3_out_ap_vld  |  out|    1|      ap_vld|                                      symbol_3_out|       pointer|
+---------------------+-----+-----+------------+--------------------------------------------------+--------------+

