

================================================================
== Vitis HLS Report for 'winning_Pipeline_VITIS_LOOP_13_1_VITIS_LOOP_14_2'
================================================================
* Date:           Sun Jan 11 21:20:23 2026

* Version:        2023.1 (Build 3854077 on May  4 2023)
* Project:        VP_C4
* Solution:       solution1 (Vivado IP Flow Target)
* Product family: zynq
* Target device:  xc7z020-clg484-1


================================================================
== Performance Estimates
================================================================
+ Timing: 
    * Summary: 
    +--------+---------+----------+------------+
    |  Clock |  Target | Estimated| Uncertainty|
    +--------+---------+----------+------------+
    |ap_clk  |  5.00 ns|  3.650 ns|     1.35 ns|
    +--------+---------+----------+------------+

+ Latency: 
    * Summary: 
    +---------+---------+-----------+----------+-----+-----+---------+
    |  Latency (cycles) |  Latency (absolute)  |  Interval | Pipeline|
    |   min   |   max   |    min    |    max   | min | max |   Type  |
    +---------+---------+-----------+----------+-----+-----+---------+
    |       15|      352|  75.000 ns|  1.760 us|   15|  352|       no|
    +---------+---------+-----------+----------+-----+-----+---------+

    + Detail: 
        * Instance: 
        N/A

        * Loop: 
        +-----------------------------------+---------+---------+----------+-----------+-----------+--------+----------+
        |                                   |  Latency (cycles) | Iteration|  Initiation Interval  |  Trip  |          |
        |             Loop Name             |   min   |   max   |  Latency |  achieved |   target  |  Count | Pipelined|
        +-----------------------------------+---------+---------+----------+-----------+-----------+--------+----------+
        |- VITIS_LOOP_13_1_VITIS_LOOP_14_2  |       13|      349|        14|         14|          1|  0 ~ 24|       yes|
        +-----------------------------------+---------+---------+----------+-----------+-----------+--------+----------+



================================================================
== Utilization Estimates
================================================================
* Summary: 
+-----------------+---------+-----+--------+-------+-----+
|       Name      | BRAM_18K| DSP |   FF   |  LUT  | URAM|
+-----------------+---------+-----+--------+-------+-----+
|DSP              |        -|    -|       -|      -|    -|
|Expression       |        -|    -|       0|    187|    -|
|FIFO             |        -|    -|       -|      -|    -|
|Instance         |        -|    -|       -|      -|    -|
|Memory           |        -|    -|       -|      -|    -|
|Multiplexer      |        -|    -|       -|    157|    -|
|Register         |        -|    -|     101|      -|    -|
+-----------------+---------+-----+--------+-------+-----+
|Total            |        0|    0|     101|    344|    0|
+-----------------+---------+-----+--------+-------+-----+
|Available        |      280|  220|  106400|  53200|    0|
+-----------------+---------+-----+--------+-------+-----+
|Utilization (%)  |        0|    0|      ~0|     ~0|    0|
+-----------------+---------+-----+--------+-------+-----+

+ Detail: 
    * Instance: 
    N/A

    * DSP: 
    N/A

    * Memory: 
    N/A

    * FIFO: 
    N/A

    * Expression: 
    +-------------------------+----------+----+---+----+------------+------------+
    |      Variable Name      | Operation| DSP| FF| LUT| Bitwidth P0| Bitwidth P1|
    +-------------------------+----------+----+---+----+------------+------------+
    |add_ln13_1_fu_199_p2     |         +|   0|  0|  11|           3|           1|
    |add_ln13_fu_184_p2       |         +|   0|  0|  13|           5|           1|
    |add_ln14_fu_284_p2       |         +|   0|  0|  11|           3|           1|
    |add_ln15_fu_237_p2       |         +|   0|  0|  14|           6|           6|
    |add_ln19_fu_257_p2       |         +|   0|  0|  14|           6|           1|
    |add_ln20_fu_266_p2       |         +|   0|  0|  14|           6|           2|
    |add_ln21_fu_275_p2       |         +|   0|  0|  14|           6|           2|
    |empty_fu_172_p2          |         -|   0|  0|  14|           6|           6|
    |p_mid1_fu_221_p2         |         -|   0|  0|  14|           6|           6|
    |grp_fu_134_p2            |      icmp|   0|  0|  15|           8|           8|
    |icmp_ln13_fu_178_p2      |      icmp|   0|  0|  13|           5|           5|
    |icmp_ln14_fu_193_p2      |      icmp|   0|  0|  13|           3|           4|
    |icmp_ln18_fu_252_p2      |      icmp|   0|  0|  15|           8|           6|
    |select_ln13_1_fu_227_p3  |    select|   0|  0|   6|           1|           6|
    |select_ln13_2_fu_247_p3  |    select|   0|  0|   3|           1|           3|
    |select_ln13_fu_205_p3    |    select|   0|  0|   3|           1|           1|
    +-------------------------+----------+----+---+----+------------+------------+
    |Total                    |          |   0|  0| 187|          74|          59|
    +-------------------------+----------+----+---+----+------------+------------+

    * Multiplexer: 
    +----------------------------------------+----+-----------+-----+-----------+
    |                  Name                  | LUT| Input Size| Bits| Total Bits|
    +----------------------------------------+----+-----------+-----+-----------+
    |ap_NS_fsm                               |  87|         18|    1|         18|
    |ap_phi_mux_UnifiedRetVal_phi_fu_122_p4  |   9|          2|    1|          2|
    |ap_return                               |   9|          2|    1|          2|
    |board_Addr_A_orig                       |  25|          5|   32|        160|
    |col_fu_62                               |   9|          2|    3|          6|
    |indvar_flatten_fu_70                    |   9|          2|    5|         10|
    |row_fu_66                               |   9|          2|    3|          6|
    +----------------------------------------+----+-----------+-----+-----------+
    |Total                                   | 157|         33|   46|        204|
    +----------------------------------------+----+-----------+-----+-----------+

    * Register: 
    +-----------------------+----+----+-----+-----------+
    |          Name         | FF | LUT| Bits| Const Bits|
    +-----------------------+----+----+-----+-----------+
    |UnifiedRetVal_reg_118  |   1|   0|    1|          0|
    |add_ln13_1_reg_354     |   3|   0|    3|          0|
    |add_ln13_reg_337       |   5|   0|    5|          0|
    |add_ln15_reg_366       |   6|   0|    6|          0|
    |add_ln19_reg_395       |   6|   0|    6|          0|
    |add_ln20_reg_409       |   6|   0|    6|          0|
    |add_ln21_reg_423       |   6|   0|    6|          0|
    |ap_CS_fsm              |  17|   0|   17|          0|
    |ap_return_preg         |   1|   0|    1|          0|
    |col_fu_62              |   3|   0|    3|          0|
    |col_load_reg_342       |   3|   0|    3|          0|
    |empty_reg_328          |   6|   0|    6|          0|
    |icmp_ln13_reg_333      |   1|   0|    1|          0|
    |icmp_ln14_reg_347      |   1|   0|    1|          0|
    |icmp_ln18_reg_391      |   1|   0|    1|          0|
    |icmp_ln19_reg_405      |   1|   0|    1|          0|
    |icmp_ln20_reg_419      |   1|   0|    1|          0|
    |indvar_flatten_fu_70   |   5|   0|    5|          0|
    |reg_130                |   8|   0|    8|          0|
    |row_2_reg_323          |   3|   0|    3|          0|
    |row_fu_66              |   3|   0|    3|          0|
    |select_ln13_2_reg_386  |   3|   0|    3|          0|
    |select_ln13_reg_361    |   3|   0|    3|          0|
    |symbol_reg_379         |   8|   0|    8|          0|
    +-----------------------+----+----+-----+-----------+
    |Total                  | 101|   0|  101|          0|
    +-----------------------+----+----+-----+-----------+



================================================================
== Interface
================================================================
* Summary: 
+-------------------+-----+-----+------------+--------------------------------------------------+--------------+
|     RTL Ports     | Dir | Bits|  Protocol  |                   Source Object                  |    C Type    |
+-------------------+-----+-----+------------+--------------------------------------------------+--------------+
|ap_clk             |   in|    1|  ap_ctrl_hs|  winning_Pipeline_VITIS_LOOP_13_1_VITIS_LOOP_14_2|  return value|
|ap_rst             |   in|    1|  ap_ctrl_hs|  winning_Pipeline_VITIS_LOOP_13_1_VITIS_LOOP_14_2|  return value|
|ap_start           |   in|    1|  ap_ctrl_hs|  winning_Pipeline_VITIS_LOOP_13_1_VITIS_LOOP_14_2|  return value|
|ap_done            |  out|    1|  ap_ctrl_hs|  winning_Pipeline_VITIS_LOOP_13_1_VITIS_LOOP_14_2|  return value|
|ap_idle            |  out|    1|  ap_ctrl_hs|  winning_Pipeline_VITIS_LOOP_13_1_VITIS_LOOP_14_2|  return value|
|ap_ready           |  out|    1|  ap_ctrl_hs|  winning_Pipeline_VITIS_LOOP_13_1_VITIS_LOOP_14_2|  return value|
|ap_return          |  out|    1|  ap_ctrl_hs|  winning_Pipeline_VITIS_LOOP_13_1_VITIS_LOOP_14_2|  return value|
|board_Addr_A       |  out|   32|        bram|                                             board|         array|
|board_EN_A         |  out|    1|        bram|                                             board|         array|
|board_WEN_A        |  out|    1|        bram|                                             board|         array|
|board_Din_A        |  out|    8|        bram|                                             board|         array|
|board_Dout_A       |   in|    8|        bram|                                             board|         array|
|symbol_out         |  out|    8|      ap_vld|                                        symbol_out|       pointer|
|symbol_out_ap_vld  |  out|    1|      ap_vld|                                        symbol_out|       pointer|
+-------------------+-----+-----+------------+--------------------------------------------------+--------------+

