

================================================================
== Vitis HLS Report for 'winning_Pipeline_VITIS_LOOP_45_5_VITIS_LOOP_46_6'
================================================================
* Date:           Sun Jan 11 21:20:24 2026

* Version:        2023.1 (Build 3854077 on May  4 2023)
* Project:        VP_C4
* Solution:       solution1 (Vivado IP Flow Target)
* Product family: zynq
* Target device:  xc7z020-clg484-1


================================================================
== Performance Estimates
================================================================
+ Timing: 
    * Summary: 
    +--------+---------+----------+------------+
    |  Clock |  Target | Estimated| Uncertainty|
    +--------+---------+----------+------------+
    |ap_clk  |  5.00 ns|  3.503 ns|     1.35 ns|
    +--------+---------+----------+------------+

+ Latency: 
    * Summary: 
    +---------+---------+-----------+----------+-----+-----+---------+
    |  Latency (cycles) |  Latency (absolute)  |  Interval | Pipeline|
    |   min   |   max   |    min    |    max   | min | max |   Type  |
    +---------+---------+-----------+----------+-----+-----+---------+
    |       15|      184|  75.000 ns|  0.920 us|   15|  184|       no|
    +---------+---------+-----------+----------+-----+-----+---------+

    + Detail: 
        * Instance: 
        N/A

        * Loop: 
        +-----------------------------------+---------+---------+----------+-----------+-----------+--------+----------+
        |                                   |  Latency (cycles) | Iteration|  Initiation Interval  |  Trip  |          |
        |             Loop Name             |   min   |   max   |  Latency |  achieved |   target  |  Count | Pipelined|
        +-----------------------------------+---------+---------+----------+-----------+-----------+--------+----------+
        |- VITIS_LOOP_45_5_VITIS_LOOP_46_6  |       13|      181|        14|         14|          1|  0 ~ 12|       yes|
        +-----------------------------------+---------+---------+----------+-----------+-----------+--------+----------+



================================================================
== Utilization Estimates
================================================================
* Summary: 
+-----------------+---------+-----+--------+-------+-----+
|       Name      | BRAM_18K| DSP |   FF   |  LUT  | URAM|
+-----------------+---------+-----+--------+-------+-----+
|DSP              |        -|    -|       -|      -|    -|
|Expression       |        -|    -|       0|    185|    -|
|FIFO             |        -|    -|       -|      -|    -|
|Instance         |        -|    -|       -|      -|    -|
|Memory           |        -|    -|       -|      -|    -|
|Multiplexer      |        -|    -|       -|    157|    -|
|Register         |        -|    -|     110|      -|    -|
+-----------------+---------+-----+--------+-------+-----+
|Total            |        0|    0|     110|    342|    0|
+-----------------+---------+-----+--------+-------+-----+
|Available        |      280|  220|  106400|  53200|    0|
+-----------------+---------+-----+--------+-------+-----+
|Utilization (%)  |        0|    0|      ~0|     ~0|    0|
+-----------------+---------+-----+--------+-------+-----+

+ Detail: 
    * Instance: 
    N/A

    * DSP: 
    N/A

    * Memory: 
    N/A

    * FIFO: 
    N/A

    * Expression: 
    +-------------------------------+----------+----+---+----+------------+------------+
    |         Variable Name         | Operation| DSP| FF| LUT| Bitwidth P0| Bitwidth P1|
    +-------------------------------+----------+----+---+----+------------+------------+
    |add_ln45_fu_190_p2             |         +|   0|  0|  13|           4|           1|
    |add_ln46_fu_324_p2             |         +|   0|  0|  11|           3|           1|
    |add_ln47_fu_248_p2             |         +|   0|  0|  14|           6|           6|
    |add_ln51_fu_279_p2             |         +|   0|  0|  14|           6|           6|
    |add_ln52_fu_299_p2             |         +|   0|  0|  14|           6|           6|
    |add_ln53_fu_315_p2             |         +|   0|  0|  14|           6|           6|
    |indvars_iv_next7740_fu_205_p2  |         +|   0|  0|  10|           2|           1|
    |empty_fu_178_p2                |         -|   0|  0|  14|           6|           6|
    |p_mid114_fu_227_p2             |         -|   0|  0|  14|           6|           6|
    |grp_fu_136_p2                  |      icmp|   0|  0|  15|           8|           8|
    |icmp_ln45_fu_184_p2            |      icmp|   0|  0|  13|           4|           4|
    |icmp_ln46_fu_199_p2            |      icmp|   0|  0|  13|           3|           4|
    |icmp_ln50_fu_263_p2            |      icmp|   0|  0|  15|           8|           6|
    |select_ln45_1_fu_239_p3        |    select|   0|  0|   6|           1|           6|
    |select_ln45_2_fu_258_p3        |    select|   0|  0|   2|           1|           2|
    |select_ln45_fu_233_p3          |    select|   0|  0|   3|           1|           1|
    +-------------------------------+----------+----+---+----+------------+------------+
    |Total                          |          |   0|  0| 185|          71|          70|
    +-------------------------------+----------+----+---+----+------------+------------+

    * Multiplexer: 
    +----------------------------------------+----+-----------+-----+-----------+
    |                  Name                  | LUT| Input Size| Bits| Total Bits|
    +----------------------------------------+----+-----------+-----+-----------+
    |ap_NS_fsm                               |  87|         18|    1|         18|
    |ap_phi_mux_UnifiedRetVal_phi_fu_124_p4  |   9|          2|    1|          2|
    |ap_return                               |   9|          2|    1|          2|
    |board_Addr_A_orig                       |  25|          5|   32|        160|
    |col_fu_64                               |   9|          2|    3|          6|
    |indvar_flatten16_fu_72                  |   9|          2|    4|          8|
    |row_1_fu_68                             |   9|          2|    2|          4|
    +----------------------------------------+----+-----------+-----+-----------+
    |Total                                   | 157|         33|   44|        200|
    +----------------------------------------+----+-----------+-----+-----------+

    * Register: 
    +-----------------------------+----+----+-----+-----------+
    |             Name            | FF | LUT| Bits| Const Bits|
    +-----------------------------+----+----+-----+-----------+
    |UnifiedRetVal_reg_120        |   1|   0|    1|          0|
    |add_ln45_reg_377             |   4|   0|    4|          0|
    |add_ln47_reg_418             |   6|   0|    6|          0|
    |add_ln51_reg_449             |   6|   0|    6|          0|
    |add_ln52_reg_463             |   6|   0|    6|          0|
    |add_ln53_reg_477             |   6|   0|    6|          0|
    |ap_CS_fsm                    |  17|   0|   17|          0|
    |ap_return_preg               |   1|   0|    1|          0|
    |col_fu_64                    |   3|   0|    3|          0|
    |col_load_reg_382             |   3|   0|    3|          0|
    |empty_reg_368                |   6|   0|    6|          0|
    |icmp_ln45_reg_373            |   1|   0|    1|          0|
    |icmp_ln46_reg_387            |   1|   0|    1|          0|
    |icmp_ln50_reg_440            |   1|   0|    1|          0|
    |icmp_ln51_reg_459            |   1|   0|    1|          0|
    |icmp_ln52_reg_473            |   1|   0|    1|          0|
    |indvar_flatten16_fu_72       |   4|   0|    4|          0|
    |indvars_iv_next7740_reg_394  |   2|   0|    2|          0|
    |p_mid114_reg_399             |   6|   0|    6|          0|
    |reg_132                      |   8|   0|    8|          0|
    |row_1_fu_68                  |   2|   0|    2|          0|
    |row_reg_363                  |   2|   0|    2|          0|
    |select_ln45_1_reg_411        |   6|   0|    6|          0|
    |select_ln45_2_reg_435        |   2|   0|    2|          0|
    |select_ln45_reg_404          |   3|   0|    3|          0|
    |symbol_reg_428               |   8|   0|    8|          0|
    |zext_ln51_cast_reg_444       |   3|   0|    4|          1|
    +-----------------------------+----+----+-----+-----------+
    |Total                        | 110|   0|  111|          1|
    +-----------------------------+----+----+-----+-----------+



================================================================
== Interface
================================================================
* Summary: 
+---------------------+-----+-----+------------+--------------------------------------------------+--------------+
|      RTL Ports      | Dir | Bits|  Protocol  |                   Source Object                  |    C Type    |
+---------------------+-----+-----+------------+--------------------------------------------------+--------------+
|ap_clk               |   in|    1|  ap_ctrl_hs|  winning_Pipeline_VITIS_LOOP_45_5_VITIS_LOOP_46_6|  return value|
|ap_rst               |   in|    1|  ap_ctrl_hs|  winning_Pipeline_VITIS_LOOP_45_5_VITIS_LOOP_46_6|  return value|
|ap_start             |   in|    1|  ap_ctrl_hs|  winning_Pipeline_VITIS_LOOP_45_5_VITIS_LOOP_46_6|  return value|
|ap_done              |  out|    1|  ap_ctrl_hs|  winning_Pipeline_VITIS_LOOP_45_5_VITIS_LOOP_46_6|  return value|
|ap_idle              |  out|    1|  ap_ctrl_hs|  winning_Pipeline_VITIS_LOOP_45_5_VITIS_LOOP_46_6|  return value|
|ap_ready             |  out|    1|  ap_ctrl_hs|  winning_Pipeline_VITIS_LOOP_45_5_VITIS_LOOP_46_6|  return value|
|ap_return            |  out|    1|  ap_ctrl_hs|  winning_Pipeline_VITIS_LOOP_45_5_VITIS_LOOP_46_6|  return value|
|board_Addr_A         |  out|   32|        bram|                                             board|         array|
|board_EN_A           |  out|    1|        bram|                                             board|         array|
|board_WEN_A          |  out|    1|        bram|                                             board|         array|
|board_Din_A          |  out|    8|        bram|                                             board|         array|
|board_Dout_A         |   in|    8|        bram|                                             board|         array|
|symbol_2_out         |  out|    8|      ap_vld|                                      symbol_2_out|       pointer|
|symbol_2_out_ap_vld  |  out|    1|      ap_vld|                                      symbol_2_out|       pointer|
+---------------------+-----+-----+------------+--------------------------------------------------+--------------+

